******************************************************************************
               TMS320C6x Linker PC v8.3.12                     
******************************************************************************
>> Linked Wed May 11 16:52:30 2022

OUTPUT FILE NAME:   <LCD_LVGL.out>
ENTRY POINT SYMBOL: "_c_int00"  address: c22bd400


MEMORY CONFIGURATION

         name            origin    length      used     unused   attr    fill
----------------------  --------  ---------  --------  --------  ----  --------
  DSPL2RAM              00800000   00040000  00001000  0003f000  RW  
  SHRAM                 80000000   00020000  00000000  00020000  RW X
  DDR2                  c0000000   08000000  022cb76d  05d34893  RW X


SEGMENT ALLOCATION MAP

run origin  load origin   length   init length attrs members
----------  ----------- ---------- ----------- ----- -------
00800000    00800000    00001000   00000000    rw-
  00800000    00800000    00001000   00000000    rw- .stack
c0000000    c0000000    0224387c   00000000    rw-
  c0000000    c0000000    02000000   00000000    rw- SystemHeap
  c2000000    c2000000    0024387c   00000000    rw- .far
c2243880    c2243880    00086ada   00086ada    r-x
  c2243880    c2243880    0007d9a0   0007d9a0    r-x .text
  c22c1220    c22c1220    0000913a   0000913a    r-- .const
c22ca360    c22ca360    0000060c   00000000    rw-
  c22ca360    c22ca360    0000060c   00000000    rw- .fardata
c22ca96c    c22ca96c    000004c8   000004c8    r--
  c22ca96c    c22ca96c    000004c8   000004c8    r-- .switch
c22cae34    c22cae34    0000013b   00000000    rw-
  c22cae34    c22cae34    000000ba   00000000    rw- .bss
  c22caef0    c22caef0    0000007f   00000000    rw- .neardata
c22cb000    c22cb000    00000200   00000200    r-x
  c22cb000    c22cb000    00000200   00000200    r-x .vecs
c22cb200    c22cb200    00000120   00000000    rw-
  c22cb200    c22cb200    00000120   00000000    rw- .cio
c22cb320    c22cb320    000004e8   000004e8    r--
  c22cb320    c22cb320    000004e8   000004e8    r-- .cinit


SECTION ALLOCATION MAP

 output                                  attributes/
section   page    origin      length       input sections
--------  ----  ----------  ----------   ----------------
.stack     0    00800000    00001000     UNINITIALIZED
                  00800000    00000008     boot.ae674 : boot.oe674 (.stack)
                  00800008    00000ff8     --HOLE--

.bss       0    c22cae34    000000ba     UNINITIALIZED
                  c22cae34    0000000c     lv_anim.obj (.bss)
                  c22cae40    0000000c     lv_tileview.obj (.bss)
                  c22cae4c    00000008     lv_refr.obj (.bss)
                  c22cae54    00000008     lv_spinner.obj (.bss)
                  c22cae5c    00000008     lv_theme_default.obj (.bss)
                  c22cae64    00000004     LVGLTask.obj (.bss)
                  c22cae68    00000004     lv_event.obj (.bss)
                  c22cae6c    00000004     lv_group.obj (.bss)
                  c22cae70    00000004     lv_hal_disp.obj (.bss)
                  c22cae74    00000004     lv_indev.obj (.bss)
                  c22cae78    00000004     lv_log.obj (.bss)
                  c22cae7c    00000004     lv_mem.obj (.bss)
                  c22cae80    00000004     lv_obj_pos.obj (.bss)
                  c22cae84    00000004     lv_tabview.obj (.bss)
                  c22cae88    00000004     lv_textarea.obj (.bss)
                  c22cae8c    00000004     (.common:LV_LAYOUT_FLEX)
                  c22cae90    00000004     (.common:LV_LAYOUT_GRID)
                  c22cae94    00000004     (.common:LV_STYLE_FLEX_CROSS_PLACE)
                  c22cae98    00000004     (.common:LV_STYLE_FLEX_FLOW)
                  c22cae9c    00000004     (.common:LV_STYLE_FLEX_GROW)
                  c22caea0    00000004     (.common:LV_STYLE_FLEX_MAIN_PLACE)
                  c22caea4    00000004     (.common:LV_STYLE_FLEX_TRACK_PLACE)
                  c22caea8    00000004     (.common:LV_STYLE_GRID_CELL_COLUMN_POS)
                  c22caeac    00000004     (.common:LV_STYLE_GRID_CELL_COLUMN_SPAN)
                  c22caeb0    00000004     (.common:LV_STYLE_GRID_CELL_ROW_POS)
                  c22caeb4    00000004     (.common:LV_STYLE_GRID_CELL_ROW_SPAN)
                  c22caeb8    00000004     (.common:LV_STYLE_GRID_CELL_X_ALIGN)
                  c22caebc    00000004     (.common:LV_STYLE_GRID_CELL_Y_ALIGN)
                  c22caec0    00000004     (.common:LV_STYLE_GRID_COLUMN_ALIGN)
                  c22caec4    00000004     (.common:LV_STYLE_GRID_COLUMN_DSC_ARRAY)
                  c22caec8    00000004     (.common:LV_STYLE_GRID_ROW_ALIGN)
                  c22caecc    00000004     (.common:LV_STYLE_GRID_ROW_DSC_ARRAY)
                  c22caed0    00000004     (.common:_lv_grad_cache_mem)
                  c22caed4    00000004     (.common:_lv_layout_list)
                  c22caed8    00000004     (.common:_lv_theme_basic_styles)
                  c22caedc    00000004     (.common:_lv_theme_default_styles)
                  c22caee0    00000004     (.common:_lv_timer_act)
                  c22caee4    00000004     (.common:indev_touchpad)
                  c22caee8    00000002     lv_timer.obj (.bss)
                  c22caeea    00000002     lv_win.obj (.bss)
                  c22caeec    00000001     lv_colorwheel.obj (.bss)
                  c22caeed    00000001     lv_hal_tick.obj (.bss)

.neardata 
*          0    c22caef0    0000007f     UNINITIALIZED
                  c22caef0    00000020     lv_txt.obj (.neardata)
                  c22caf10    00000010     lv_timer.obj (.neardata)
                  c22caf20    00000009     lv_draw_sw_gradient.obj (.neardata)
                  c22caf29    00000003     lv_hal_disp.obj (.neardata)
                  c22caf2c    00000008     lv_calendar_header_dropdown.obj (.neardata)
                  c22caf34    00000008     lv_draw_sw_letter.obj (.neardata)
                  c22caf3c    00000008     lv_indev.obj (.neardata)
                  c22caf44    00000008     lv_obj.obj (.neardata)
                  c22caf4c    00000005     lv_colorwheel.obj (.neardata)
                  c22caf51    00000001     LVGLTask.obj (.neardata)
                  c22caf52    00000002     lv_style.obj (.neardata)
                  c22caf54    00000004     lv_event.obj (.neardata)
                  c22caf58    00000004     lv_hal_tick.obj (.neardata)
                  c22caf5c    00000004     lv_log.obj (.neardata)
                  c22caf60    00000004     lv_math.obj (.neardata)
                  c22caf64    00000004     lv_mem.obj (.neardata)
                  c22caf68    00000004     lv_port_indev_c674x.obj (.neardata)
                  c22caf6c    00000001     lv_obj_pos.obj (.neardata)
                  c22caf6d    00000001     lv_obj_style.obj (.neardata)
                  c22caf6e    00000001     lv_theme_default.obj (.neardata)

.rodata    0    c22caf6f    00000000     UNINITIALIZED

.cinit     0    c22cb320    000004e8     
                  c22cb320    0000043d     (.cinit..fardata.load) [load image, compression = rle]
                  c22cb75d    00000049     (.cinit..neardata.load) [load image, compression = rle]
                  c22cb7a6    00000016     (.cinit.SystemHeap.load) [load image, compression = rle]
                  c22cb7bc    0000000d     (.cinit..far.load) [load image, compression = rle]
                  c22cb7c9    00000009     (.cinit..bss.load) [load image, compression = rle]
                  c22cb7d2    00000002     --HOLE-- [fill = 0]
                  c22cb7d4    00000008     (__TI_handler_table)
                  c22cb7dc    00000004     --HOLE-- [fill = 0]
                  c22cb7e0    00000028     (__TI_cinit_table)

.init_array 
*          0    c0000000    00000000     UNINITIALIZED

SystemHeap 
*          0    c0000000    02000000     UNINITIALIZED
                  c0000000    02000000     Local_pe674.oe674 (SystemHeap)

.far       0    c2000000    0024387c     UNINITIALIZED
                  c2000000    000bb824     (.common:g_pucBuffer)
                  c20bb824    00000002     lv_theme_default.obj (.far:color_card)
                  c20bb826    00000002     lv_theme_default.obj (.far:color_grey)
                  c20bb828    000bb800     lv_port_disp_c674x.obj (.far:buf_1$2)
                  c2177028    000bb800     lv_port_disp_c674x.obj (.far:buf_2$3)
                  c2232828    00010000     lv_mem.obj (.far:work_mem_int$1)
                  c2242828    00000800     Local_pe674.oe674 (.far:taskStackSection)
                  c2243028    00000400     (.common:xdc_runtime_SysMin_Module_State_0_outbuf__A)
                  c2243428    00000100     lv_draw_sw_letter.obj (.far:opa_table$1)
                  c2243528    00000080     (.common:_lv_draw_mask_list)
                  c22435a8    00000080     (.common:lv_mem_buf)
                  c2243628    00000070     (.common:_lv_circle_cache)
                  c2243698    0000004c     lv_port_disp_c674x.obj (.far:disp_drv$4)
                  c22436e4    0000002c     (.common:_lv_img_cache_single)
                  c2243710    0000002a     (.common:TouchInfo)
                  c224373a    00000002     lv_theme_default.obj (.far:color_scr)
                  c224373c    00000024     lv_theme_default.obj (.far:theme)
                  c2243760    00000020     lv_port_indev_c674x.obj (.far:indev_drv$1)
                  c2243780    0000001c     lv_port_disp_c674x.obj (.far:draw_buf_dsc$1)
                  c224379c    00000018     lv_refr.obj (.far:perf_monitor)
                  c22437b4    00000014     lv_theme_default.obj (.far:trans_delayed$2)
                  c22437c8    00000014     lv_theme_default.obj (.far:trans_normal$3)
                  c22437dc    0000000c     (.common:_lv_anim_ll)
                  c22437e8    0000000c     (.common:_lv_disp_ll)
                  c22437f4    0000000c     (.common:_lv_fsdrv_ll)
                  c2243800    0000000c     (.common:_lv_group_ll)
                  c224380c    0000000c     (.common:_lv_img_decoder_ll)
                  c2243818    0000000c     (.common:_lv_indev_ll)
                  c2243824    0000000c     (.common:_lv_obj_style_trans_ll)
                  c2243830    0000000c     (.common:_lv_timer_ll)
                  c224383c    00000002     lv_theme_default.obj (.far:color_text)
                  c224383e    00000002     --HOLE--
                  c2243840    0000000a     (.common:I2CData)
                  c224384a    00000006     --HOLE--
                  c2243850    00000008     (.common:parmbuf)
                  c2243858    00000008     lv_font_montserrat_14.obj (.far:cache)
                  c2243860    00000008     lv_theme_default.obj (.far:dark_filter$4)
                  c2243868    00000008     lv_theme_default.obj (.far:grey_filter$5)
                  c2243870    00000008     lv_refr.obj (.far:mem_monitor)
                  c2243878    00000004     (.common:ti_sysbios_knl_Task_Instance_State_0_hookEnv__A)

.vecs      0    c22cb000    00000200     
                  c22cb000    00000200     Local_pe674.oe674 (.vecs)

xdc.meta   0    c0000000    00000100     COPY SECTION
                  c0000000    00000100     Local_pe674.oe674 (xdc.meta)

.text      0    c2243880    0007d9a0     
                  c2243880    00005700     lv_chart.obj (.text)
                  c2248f80    00005120     lv_theme_default.obj (.text)
                  c224e0a0    000046e0     lv_draw_mask.obj (.text)
                  c2252780    000042c0     lv_draw_sw_rect.obj (.text)
                  c2256a40    00003220     lv_obj_pos.obj (.text)
                  c2259c60    00002e80     lv_btnmatrix.obj (.text)
                  c225cae0    00002d80     lv_textarea.obj (.text)
                  c225f860    00002ca0     lv_table.obj (.text)
                  c2262500    00002bc0     lv_label.obj (.text)
                  c22650c0    00002a60     lv_img_buf.obj (.text)
                  c2267b20    000029c0     lv_obj_scroll.obj (.text)
                  c226a4e0    00002920     lv_obj_style.obj (.text)
                  c226ce00    000026a0     lv_tlsf.obj (.text)
                  c226f4a0    00002620     lv_dropdown.obj (.text)
                  c2271ac0    000024a0     lv_refr.obj (.text)
                  c2273f60    000023a0     lv_indev.obj (.text)
                  c2276300    00002200     lv_obj.obj (.text)
                  c2278500    00002140     lv_arc.obj (.text)
                  c227a640    00002100     lv_draw_sw_blend.obj (.text)
                  c227c740    00002080     lv_meter.obj (.text)
                  c227e7c0    00001fc0     lv_img.obj (.text)
                  c2280780    00001e80     lv_grid.obj (.text)
                  c2282600    00001dc0     lv_flex.obj (.text)
                  c22843c0    00001ce0     lv_draw_sw_arc.obj (.text)
                  c22860a0    00001b40     lv_indev_scroll.obj (.text)
                  c2287be0    00001a80     lv_colorwheel.obj (.text)
                  c2289660    000019c0     lv_img_decoder.obj (.text)
                  c228b020    000019a0     lv_roller.obj (.text)
                  c228c9c0    000017c0     lv_bar.obj (.text)
                  c228e180    00001760     lv_hal_disp.obj (.text)
                  c228f8e0    00001760     lv_slider.obj (.text)
                  c2291040    000015a0     lv_obj_draw.obj (.text)
                  c22925e0    00001460     lv_txt.obj (.text)
                  c2293a40    000013a0     lv_printf.obj (.text)
                  c2294de0    000012e0     lv_mem.obj (.text)
                  c22960c0    000012c0     lv_obj_style_gen.obj (.text)
                  c2297380    000011a0     lv_draw_sw_line.obj (.text)
                  c2298520    000011a0     lv_event.obj (.text)
                  c22996c0    000011a0     lv_menu.obj (.text)
                  c229a860    000010c0     lv_area.obj (.text)
                  c229b920    000010c0     lv_style_gen.obj (.text)
                  c229c9e0    00000fe0     lv_fs.obj (.text)
                  c229d9c0    00000f40     lv_spinbox.obj (.text)
                  c229e900    00000f00     lv_draw_label.obj (.text)
                  c229f800    00000ee0     drivers.lib : raster.obj (.text)
                  c22a06e0    00000e00     lv_group.obj (.text)
                  c22a14e0    00000de0     lv_calendar.obj (.text)
                  c22a22c0    00000da0     lv_anim.obj (.text)
                  c22a3060    00000c80     lv_obj_tree.obj (.text)
                  c22a3ce0    00000c60     lv_draw_sw_img.obj (.text)
                  c22a4940    00000c20     lv_disp.obj (.text)
                  c22a5560    00000b20     lv_draw_arc.obj (.text)
                  c22a6080    00000ae0     lv_draw_sw_gradient.obj (.text)
                  c22a6b60    00000a60     lv_style.obj (.text)
                  c22a75c0    00000a40     lv_color.obj (.text)
                  c22a8000    000009e0     lv_tabview.obj (.text)
                  c22a89e0    00000960     lv_checkbox.obj (.text)
                  c22a9340    00000920     lv_font_fmt_txt.obj (.text)
                  c22a9c60    00000920     lv_switch.obj (.text)
                  c22aa580    000008e0     lv_draw_sw_letter.obj (.text)
                  c22aae60    000008a0     sysbios.ae674 : BIOS.obj (.text:ti_sysbios_family_c64p_Exception_handler__I)
                  c22ab700    000008a0     ti.targets.rts6000.ae674 : System.oe674 (.text:xdc_runtime_System_doPrint__I)
                  c22abfa0    00000880     lv_draw_img.obj (.text)
                  c22ac820    00000840     lv_keyboard.obj (.text)
                  c22ad060    00000800     lv_draw_sw_polygon.obj (.text)
                  c22ad860    000006e0     sysbios.ae674 : BIOS.obj (.text:ti_sysbios_knl_Semaphore_pend__E)
                  c22adf40    000006a0     lv_led.obj (.text)
                  c22ae5e0    000006a0     lv_math.obj (.text)
                  c22aec80    00000620     lv_draw_sw_dither.obj (.text)
                  c22af2a0    00000620     sysbios.ae674 : BIOS.obj (.text:ti_sysbios_knl_Task_Instance_finalize__F)
                  c22af8c0    00000600     lv_line.obj (.text)
                  c22afec0    00000600     lv_ll.obj (.text)
                  c22b04c0    00000600     sysbios.ae674 : BIOS.obj (.text:ti_sysbios_heaps_HeapMem_alloc__E)
                  c22b0ac0    000005e0                   : BIOS.obj (.text:ti_sysbios_heaps_HeapMem_free__E)
                  c22b10a0    000005c0     drivers.lib : gpio.obj (.text)
                  c22b1660    000005a0     sysbios.ae674 : BIOS.obj (.text:ti_sysbios_timers_timer64_Timer_Module_startup__F)
                  c22b1c00    00000560     drivers.lib : i2c.obj (.text)
                  c22b2160    00000560     lv_timer.obj (.text)
                  c22b26c0    00000500     lv_tileview.obj (.text)
                  c22b2bc0    000004e0     lv_hal_indev.obj (.text)
                  c22b30a0    000004e0     lv_obj_class.obj (.text)
                  c22b3580    00000440     I2C.obj (.text)
                  c22b39c0    00000440     LCD.obj (.text)
                  c22b3e00    00000440     Touch.obj (.text)
                  c22b4240    00000420     sysbios.ae674 : BIOS.obj (.text:ti_sysbios_knl_Task_sleep__E)
                  c22b4660    00000400                   : BIOS.obj (.text:ti_sysbios_knl_Task_Instance_init__F)
                  c22b4a60    00000360     lv_calendar_header_arrow.obj (.text)
                  c22b4dc0    00000340     Local_pe674.oe674 (.text:xdc_runtime_System_printfExtend__I)
                  c22b5100    00000300     lv_port_disp_c674x.obj (.text)
                  c22b5400    000002e0     sysbios.ae674 : BIOS.obj (.text:ti_sysbios_heaps_HeapMem_Instance_init__F)
                  c22b56e0    000002e0                   : BIOS.obj (.text:ti_sysbios_knl_Task_exit__E)
                  c22b59c0    000002a0                   : BIOS.obj (.text:ti_sysbios_knl_Clock_Instance_init__F)
                  c22b5c60    000002a0                   : BIOS.obj (.text:ti_sysbios_knl_Clock_workFunc__E)
                  c22b5f00    000002a0                   : BIOS.obj (.text:ti_sysbios_timers_timer64_Timer_deviceConfig__I)
                  c22b61a0    00000280                   : BIOS.obj (.text:ti_sysbios_family_c64p_Cache_Module_startup__F)
                  c22b6420    00000280     ti.targets.rts6000.ae674 : Error.oe674 (.text:xdc_runtime_Error_raiseX__F)
                  c22b66a0    00000260     rts6740_elf.lib : imath64.c.obj (.text:__c6xabi_divull)
                  c22b6900    00000260     lv_calendar_header_dropdown.obj (.text)
                  c22b6b60    00000260     sysbios.ae674 : BIOS.obj (.text:ti_sysbios_family_c64p_Exception_internalHandler__I)
                  c22b6dc0    00000260                   : BIOS.obj (.text:ti_sysbios_family_c64p_Hwi_dispatchCore__I)
                  c22b7020    00000260                   : BIOS.obj (.text:ti_sysbios_knl_Semaphore_post__E)
                  c22b7280    00000260     ti.targets.rts6000.ae674 : Startup.oe674 (.text:xdc_runtime_Startup_startMods__I)
                  c22b74e0    00000240     lv_spinner.obj (.text)
                  c22b7720    00000240     sysbios.ae674 : BIOS.obj (.text:ti_sysbios_knl_Swi_run__I)
                  c22b7960    00000220     lv_draw_rect.obj (.text)
                  c22b7b80    00000220     sysbios.ae674 : BIOS.obj (.text:ti_sysbios_family_c64p_Hwi_reconfig__E)
                  c22b7da0    00000220                   : BIOS.obj (.text:ti_sysbios_knl_Task_schedule__I)
                  c22b7fc0    00000220                   : BIOS.obj (.text:ti_sysbios_knl_Task_startCore__E)
                  c22b81e0    00000220     ti.targets.rts6000.ae674 : Core-mem.oe674 (.text:xdc_runtime_Core_createObject__I)
                  c22b8400    00000200     sysbios.ae674 : c64p_Hwi_disp_always.obj (.text:_ti_sysbios_family_c64p_Hwi_dispatchAlways)
                  c22b8600    00000200     lv_font.obj (.text)
                  c22b8800    00000200     lv_theme.obj (.text)
                  c22b8a00    00000200     sysbios.ae674 : BIOS.obj (.text:ti_sysbios_family_c64p_Cache_block__I)
                  c22b8c00    00000200                   : BIOS.obj (.text:ti_sysbios_family_c64p_Exception_decodeMpfsr__I)
                  c22b8e00    000001e0     lv_win.obj (.text)
                  c22b8fe0    000001e0     sysbios.ae674 : BIOS.obj (.text:ti_sysbios_family_c64p_Exception_externalHandler__I)
                  c22b91c0    000001e0                   : BIOS.obj (.text:ti_sysbios_knl_Task_checkStacks__E)
                  c22b93a0    000001e0                   : BIOS.obj (.text:ti_sysbios_knl_Task_postInit__I)
                  c22b9580    000001e0                   : BIOS.obj (.text:ti_sysbios_timers_timer64_Timer_getFreq__E)
                  c22b9760    000001c0     lv_log.obj (.text)
                  c22b9920    000001c0     sysbios.ae674 : BIOS.obj (.text:ti_sysbios_gates_GateMutex_enter__E)
                  c22b9ae0    000001c0                   : BIOS.obj (.text:ti_sysbios_timers_timer64_Timer_setPeriodMicroSecs__E)
                  c22b9ca0    000001c0     ti.targets.rts6000.ae674 : Text.oe674 (.text:xdc_runtime_Text_putSite__F)
                  c22b9e60    000001a0     sysbios.ae674 : BIOS.obj (.text:ti_sysbios_timers_timer64_Timer_start__E)
                  c22ba000    00000180                   : c64p_Exception_asm.obj (.text)
                  c22ba180    00000180                   : BIOS.obj (.text:ti_sysbios_knl_Task_unblockI__E)
                  c22ba300    00000160     drivers.lib : psc.obj (.text)
                  c22ba460    00000160     sysbios.ae674 : BIOS.obj (.text:ti_sysbios_knl_Swi_post__E)
                  c22ba5c0    00000140     boot.ae674 : autoinit.oe674 (.text:_auto_init_elf)
                  c22ba700    00000140     sysbios.ae674 : BIOS.obj (.text:ti_sysbios_family_c64p_Hwi_Module_startup__F)
                  c22ba840    00000140                   : BIOS.obj (.text:ti_sysbios_knl_Semaphore_Instance_init__F)
                  c22ba980    00000140                   : BIOS.obj (.text:ti_sysbios_knl_Task_Module_startup__F)
                  c22baac0    00000140                   : BIOS.obj (.text:ti_sysbios_knl_Task_blockI__E)
                  c22bac00    00000140     ti.targets.rts6000.ae674 : Text.oe674 (.text:xdc_runtime_Text_putLab__F)
                  c22bad40    00000120     LVGLTask.obj (.text)
                  c22bae60    00000120     lv_draw_line.obj (.text)
                  c22baf80    00000120     lv_gc.obj (.text)
                  c22bb0a0    00000120     lv_port_indev_c674x.obj (.text)
                  c22bb1c0    00000120     sysbios.ae674 : BIOS.obj (.text:ti_sysbios_BIOS_rtsUnlock__I)
                  c22bb2e0    00000120                   : BIOS.obj (.text:ti_sysbios_family_c64p_Exception_Module_startup__F)
                  c22bb400    00000120                   : BIOS.obj (.text:ti_sysbios_knl_Clock_startI__E)
                  c22bb520    00000120     ti.targets.rts6000.ae674 : Text.oe674 (.text:xdc_runtime_Text_putMod__F)
                  c22bb640    00000100     rts6740_elf.lib : copy_decompress_rle.c.obj (.text:__TI_decompress_rle_core)
                  c22bb740    00000100     lv_draw_sw.obj (.text)
                  c22bb840    00000100     lv_img_cache.obj (.text)
                  c22bb940    00000100     sysbios.ae674 : BIOS.obj (.text:ti_sysbios_knl_Swi_restoreHwi__E)
                  c22bba40    00000100                   : BIOS.obj (.text:ti_sysbios_timers_timer64_Timer_initDevice__I)
                  c22bbb40    00000100     ti.targets.rts6000.ae674 : Core-mem.oe674 (.text:xdc_runtime_Core_deleteObject__I)
                  c22bbc40    00000100                              : Startup.oe674 (.text:xdc_runtime_Startup_exec__F)
                  c22bbd40    00000100                              : Text.oe674 (.text:xdc_runtime_Text_visitRope2__I)
                  c22bbe40    000000e0     rts6740_elf.lib : hostwrite.c.obj (.text:HOSTwrite)
                  c22bbf20    000000e0                     : divi.asm.obj (.text:__divi)
                  c22bc000    000000e0                     : exit.c.obj (.text:exit)
                  c22bc0e0    000000e0                     : memset.c.obj (.text:memset)
                  c22bc1c0    000000e0     sysbios.ae674 : BIOS.obj (.text:ti_sysbios_BIOS_errorRaiseHook__I)
                  c22bc2a0    000000e0                   : BIOS.obj (.text:ti_sysbios_family_c64p_Hwi_Instance_finalize__F)
                  c22bc380    000000e0                   : BIOS.obj (.text:ti_sysbios_family_c64p_Hwi_Instance_init__F)
                  c22bc460    000000e0     Local_pe674.oe674 (.text:ti_sysbios_family_c64p_Hwi_Object__create__S)
                  c22bc540    000000e0     Local_pe674.oe674 (.text:ti_sysbios_hal_Hwi_Object__create__S)
                  c22bc620    000000e0     sysbios.ae674 : BIOS.obj (.text:ti_sysbios_knl_Clock_start__E)
                  c22bc700    000000e0     Local_pe674.oe674 (.text:ti_sysbios_knl_Task_Object__create__S)
                  c22bc7e0    000000e0     ti.targets.rts6000.ae674 : Error.oe674 (.text:xdc_runtime_Error_print__F)
                  c22bc8c0    000000e0                              : Memory.oe674 (.text:xdc_runtime_Memory_alloc__F)
                  c22bc9a0    000000c0     rts6740_elf.lib : dtor_list.c.obj (.text:_Z23__finalize_destructionsPP20a_needed_destructionPv)
                  c22bca60    000000c0                     : dtor_list.c.obj (.text:_ZN33_INTERNAL_11_dtor_list_c_14e673d611__TI_atexitEPFYvPvES0_S0_)
                  c22bcb20    000000c0                     : divu.asm.obj (.text:__divu)
                  c22bcbe0    000000c0                     : remi.asm.obj (.text:__remi)
                  c22bcca0    000000c0     lv_async.obj (.text)
                  c22bcd60    000000c0     lv_utils.obj (.text)
                  c22bce20    000000c0     sysbios.ae674 : BIOS.obj (.text:ti_sysbios_heaps_HeapMem_getStats__E)
                  c22bcee0    000000c0                   : BIOS.obj (.text:ti_sysbios_knl_Clock_logTick__E)
                  c22bcfa0    000000c0                   : BIOS.obj (.text:ti_sysbios_knl_Swi_runLoop__I)
                  c22bd060    000000c0                   : BIOS.obj (.text:ti_sysbios_knl_Swi_schedule__I)
                  c22bd120    000000c0                   : BIOS.obj (.text:ti_sysbios_knl_Task_allBlockedFunction__I)
                  c22bd1e0    000000c0                   : BIOS.obj (.text:ti_sysbios_timers_timer64_Timer_startup__E)
                  c22bd2a0    000000c0     ti.targets.rts6000.ae674 : System.oe674 (.text:xdc_runtime_System_formatNum__I)
                  c22bd360    000000a0     rts6740_elf.lib : remu.asm.obj (.text:__remu)
                  c22bd400    000000a0     boot.ae674 : boot.oe674 (.text:_c_int00)
                  c22bd4a0    000000a0     sysbios.ae674 : c64p_Hwi_asm.obj (.text:_ti_sysbios_family_c64p_Hwi_plug__E)
                  c22bd540    000000a0     lv_hal_tick.obj (.text)
                  c22bd5e0    000000a0     rts6740_elf.lib : memcpy64.asm.obj (.text:memcpy)
                  c22bd680    000000a0     sysbios.ae674 : BIOS.obj (.text:ti_sysbios_family_c64p_Hwi_dispatchC__I)
                  c22bd720    000000a0                   : BIOS.obj (.text:ti_sysbios_family_c64p_Hwi_eventMap__E)
                  c22bd7c0    000000a0                   : BIOS.obj (.text:ti_sysbios_family_c64p_Hwi_getStackInfo__E)
                  c22bd860    000000a0                   : BIOS.obj (.text:ti_sysbios_heaps_HeapMem_init__I)
                  c22bd900    000000a0     Local_pe674.oe674 (.text:ti_sysbios_knl_Clock_Object__create__S)
                  c22bd9a0    000000a0     sysbios.ae674 : BIOS.obj (.text:ti_sysbios_knl_Idle_run__E)
                  c22bda40    000000a0     Local_pe674.oe674 (.text:ti_sysbios_knl_Semaphore_Object__create__S)
                  c22bdae0    000000a0     sysbios.ae674 : BIOS.obj (.text:ti_sysbios_knl_Semaphore_pendTimeout__I)
                  c22bdb80    000000a0                   : BIOS.obj (.text:ti_sysbios_knl_Task_processVitalTaskFlag__I)
                  c22bdc20    000000a0                   : BIOS.obj (.text:ti_sysbios_timers_timer64_Timer_stop__E)
                  c22bdcc0    000000a0     ti.targets.rts6000.ae674 : Assert.oe674 (.text:xdc_runtime_Assert_raise__I)
                  c22bdd60    000000a0                              : SysMin.oe674 (.text:xdc_runtime_SysMin_abort__F)
                  c22bde00    000000a0                              : SysMin.oe674 (.text:xdc_runtime_SysMin_flush__F)
                  c22bdea0    000000a0                              : SysMin.oe674 (.text:xdc_runtime_SysMin_putch__F)
                  c22bdf40    000000a0                              : Text.oe674 (.text:xdc_runtime_Text_xprintf__I)
                  c22bdfe0    00000080     rts6740_elf.lib : trgmsg.c.obj (.text:__TI_readmsg)
                  c22be060    00000080                     : llshift.c.obj (.text:__c6xabi_llshl)
                  c22be0e0    00000080     sysbios.ae674 : c62_TaskSupport_asm.obj (.text:_ti_sysbios_family_c62_TaskSupport_swap__E)
                  c22be160    00000080     rts6740_elf.lib : strcat.c.obj (.text:strcat)
                  c22be1e0    00000080     sysbios.ae674 : BIOS.obj (.text:ti_sysbios_family_c64p_Cache_invL1pAll__E)
                  c22be260    00000080                   : BIOS.obj (.text:ti_sysbios_family_c64p_Cache_wbInvAll__E)
                  c22be2e0    00000080     Local_pe674.oe674 (.text:ti_sysbios_gates_GateHwi_Object__create__S)
                  c22be360    00000080     Local_pe674.oe674 (.text:ti_sysbios_gates_GateMutex_Object__create__S)
                  c22be3e0    00000080     sysbios.ae674 : BIOS.obj (.text:ti_sysbios_hal_Hwi_checkStack:ti_sysbios_hal_Hwi_checkStack)
                  c22be460    00000080                   : BIOS.obj (.text:ti_sysbios_hal_Hwi_initStack:ti_sysbios_hal_Hwi_initStack)
                  c22be4e0    00000080     Local_pe674.oe674 (.text:ti_sysbios_heaps_HeapMem_Object__create__S)
                  c22be560    00000080     sysbios.ae674 : BIOS.obj (.text:ti_sysbios_knl_Clock_Module_startup__F)
                  c22be5e0    00000080                   : BIOS.obj (.text:ti_sysbios_knl_Clock_getTicks__E)
                  c22be660    00000080     Local_pe674.oe674 (.text:ti_sysbios_knl_Queue_Object__create__S)
                  c22be6e0    00000080     sysbios.ae674 : BIOS.obj (.text:ti_sysbios_knl_Swi_startup__E)
                  c22be760    00000080                   : BIOS.obj (.text:ti_sysbios_knl_Task_restore__E)
                  c22be7e0    00000080                   : BIOS.obj (.text:ti_sysbios_timers_timer64_Timer_getCount__E)
                  c22be860    00000080                   : BIOS.obj (.text:ti_sysbios_timers_timer64_Timer_getPeriod__E)
                  c22be8e0    00000080     ti.targets.rts6000.ae674 : Core-label.oe674 (.text:xdc_runtime_Core_assignLabel__I)
                  c22be960    00000080                              : Core-params.oe674 (.text:xdc_runtime_Core_assignParams__I)
                  c22be9e0    00000080                              : System.oe674 (.text:xdc_runtime_System_atexit__F)
                  c22bea60    00000080                              : System.oe674 (.text:xdc_runtime_System_putchar__I)
                  c22beae0    00000080                              : System.oe674 (.text:xdc_runtime_System_rtsExit__I)
                  c22beb60    00000080                              : Text.oe674 (.text:xdc_runtime_Text_printVisFxn__I)
                  c22bebe0    00000060     rts6740_elf.lib : trgmsg.c.obj (.text:__TI_writemsg)
                  c22bec40    00000060                     : llshift.c.obj (.text:__c6xabi_llshru)
                  c22beca0    00000060                     : imath64.c.obj (.text:__c6xabi_remull)
                  c22bed00    00000060                     : imath64.c.obj (.text:_subcull)
                  c22bed60    00000060     sysbios.ae674 : c64p_Hwi_asm_switch.obj (.text:_ti_sysbios_family_c64p_Hwi_switchAndDispatch__I)
                  c22bedc0    00000060                   : c64p_Hwi_asm_switch.obj (.text:_ti_sysbios_family_xxx_Hwi_switchAndRunFunc)
                  c22bee20    00000060     lv_btn.obj (.text)
                  c22bee80    00000060     main.obj (.text)
                  c22beee0    00000060     Local_pe674.oe674 (.text:malloc)
                  c22bef40    00000060     rts6740_elf.lib : strcmp.c.obj (.text:strcmp)
                  c22befa0    00000060                     : strcpy.c.obj (.text:strcpy)
                  c22bf000    00000060     Local_pe674.oe674 (.text:ti_sysbios_BIOS_exitFunc__I)
                  c22bf060    00000060     sysbios.ae674 : BIOS.obj (.text:ti_sysbios_BIOS_registerRTSLock__I)
                  c22bf0c0    00000060                   : BIOS.obj (.text:ti_sysbios_BIOS_rtsLock__I)
                  c22bf120    00000060                   : BIOS.obj (.text:ti_sysbios_family_c62_TaskSupport_start__E)
                  c22bf180    00000060                   : BIOS.obj (.text:ti_sysbios_family_c64p_Cache_setMar__E)
                  c22bf1e0    00000060                   : BIOS.obj (.text:ti_sysbios_family_c64p_Cache_setSize__E)
                  c22bf240    00000060                   : BIOS.obj (.text:ti_sysbios_gates_GateMutex_Instance_init__F)
                  c22bf2a0    00000060                   : BIOS.obj (.text:ti_sysbios_hal_Hwi_Instance_init__F)
                  c22bf300    00000060     Local_pe674.oe674 (.text:ti_sysbios_heaps_HeapMem_Object__get__S)
                  c22bf360    00000060     Local_pe674.oe674 (.text:ti_sysbios_knl_Clock_doTick__I)
                  c22bf3c0    00000060     sysbios.ae674 : BIOS.obj (.text:ti_sysbios_knl_Swi_Module_startup__F)
                  c22bf420    00000060     Local_pe674.oe674 (.text:ti_sysbios_knl_Task_Object__get__S)
                  c22bf480    00000060     sysbios.ae674 : BIOS.obj (.text:ti_sysbios_knl_Task_enter__I)
                  c22bf4e0    00000060                   : BIOS.obj (.text:ti_sysbios_knl_Task_sleepTimeout__I)
                  c22bf540    00000060     Local_pe674.oe674 (.text:xdc_runtime_Error_raiseX__E)
                  c22bf5a0    00000060     ti.targets.rts6000.ae674 : Memory.oe674 (.text:xdc_runtime_Memory_calloc__F)
                  c22bf600    00000060                              : SysMin.oe674 (.text:xdc_runtime_SysMin_Module_startup__F)
                  c22bf660    00000060                              : SysMin.oe674 (.text:xdc_runtime_SysMin_exit__F)
                  c22bf6c0    00000060     Local_pe674.oe674 (.text:xdc_runtime_SysMin_output__I)
                  c22bf720    00000060     ti.targets.rts6000.ae674 : System.oe674 (.text:xdc_runtime_System_avprintf__F)
                  c22bf780    00000060                              : System.oe674 (.text:xdc_runtime_System_vprintf__F)
                  c22bf7e0    00000060                              : Text.oe674 (.text:xdc_runtime_Text_cordText__F)
                  c22bf840    00000040     rts6740_elf.lib : args_main.c.obj (.text:_args_main)
                  c22bf880    00000040     sysbios.ae674 : c62_TaskSupport_asm.obj (.text:_ti_sysbios_family_c62_TaskSupport_buildTaskStack)
                  c22bf8c0    00000040                   : c64p_Hwi_asm_switch.obj (.text:_ti_sysbios_family_xxx_Hwi_switchToIsrStack)
                  c22bf900    00000040     Local_pe674.oe674 (.text:free)
                  c22bf940    00000040     rts6740_elf.lib : strlen.c.obj (.text:strlen)
                  c22bf980    00000040     Local_pe674.oe674 (.text:ti_sysbios_BIOS_startFunc__I)
                  c22bf9c0    00000040     Local_pe674.oe674 (.text:ti_sysbios_family_c64p_Hwi_Module__startupDone__F)
                  c22bfa00    00000040     Local_pe674.oe674 (.text:ti_sysbios_family_c64p_Hwi_Object__delete__S)
                  c22bfa40    00000040     sysbios.ae674 : BIOS.obj (.text:ti_sysbios_family_c64p_Hwi_disableInterrupt__E)
                  c22bfa80    00000040                   : BIOS.obj (.text:ti_sysbios_family_c64p_Hwi_enableInterrupt__E)
                  c22bfac0    00000040                   : BIOS.obj (.text:ti_sysbios_family_c64p_primus_TimerSupport_enable__E)
                  c22bfb00    00000040     Local_pe674.oe674 (.text:ti_sysbios_gates_GateHwi_Handle__label__S)
                  c22bfb40    00000040     Local_pe674.oe674 (.text:ti_sysbios_gates_GateHwi_Object__delete__S)
                  c22bfb80    00000040     Local_pe674.oe674 (.text:ti_sysbios_gates_GateMutex_Handle__label__S)
                  c22bfbc0    00000040     Local_pe674.oe674 (.text:ti_sysbios_gates_GateMutex_Object__delete__S)
                  c22bfc00    00000040     sysbios.ae674 : BIOS.obj (.text:ti_sysbios_gates_GateMutex_leave__E)
                  c22bfc40    00000040     Local_pe674.oe674 (.text:ti_sysbios_hal_Hwi_HwiProxy_Object__create__S)
                  c22bfc80    00000040     Local_pe674.oe674 (.text:ti_sysbios_hal_Hwi_HwiProxy_getStackInfo__E)
                  c22bfcc0    00000040     Local_pe674.oe674 (.text:ti_sysbios_hal_Hwi_Params__init__S)
                  c22bfd00    00000040     Local_pe674.oe674 (.text:ti_sysbios_hal_Timer_Module__startupDone__F)
                  c22bfd40    00000040     Local_pe674.oe674 (.text:ti_sysbios_heaps_HeapMem_Handle__label__S)
                  c22bfd80    00000040     Local_pe674.oe674 (.text:ti_sysbios_heaps_HeapMem_Object__delete__S)
                  c22bfdc0    00000040     Local_pe674.oe674 (.text:ti_sysbios_knl_Clock_Module_State_clockQ)
                  c22bfe00    00000040     Local_pe674.oe674 (.text:ti_sysbios_knl_Clock_Params__init__S)
                  c22bfe40    00000040     Local_pe674.oe674 (.text:ti_sysbios_knl_Queue_Object__destruct__S)
                  c22bfe80    00000040     Local_pe674.oe674 (.text:ti_sysbios_knl_Queue_Object__get__S)
                  c22bfec0    00000040     Local_pe674.oe674 (.text:ti_sysbios_knl_Semaphore_Object__destruct__S)
                  c22bff00    00000040     Local_pe674.oe674 (.text:ti_sysbios_knl_Swi_Object__get__S)
                  c22bff40    00000040     Local_pe674.oe674 (.text:ti_sysbios_knl_Task_Object__first__S)
                  c22bff80    00000040     Local_pe674.oe674 (.text:ti_sysbios_knl_Task_Object__next__S)
                  c22bffc0    00000040     Local_pe674.oe674 (.text:ti_sysbios_knl_Task_Params__init__S)
                  c22c0000    00000040     Local_pe674.oe674 (.text:ti_sysbios_timers_timer64_Timer_Module__startupDone__F)
                  c22c0040    00000040     ti.targets.rts6000.ae674 : Error.oe674 (.text:xdc_runtime_Error_check__F)
                  c22c0080    00000040                              : Error.oe674 (.text:xdc_runtime_Error_init__F)
                  c22c00c0    00000040     Local_pe674.oe674 (.text:xdc_runtime_IHeap_alloc)
                  c22c0100    00000040     Local_pe674.oe674 (.text:xdc_runtime_IHeap_free)
                  c22c0140    00000040     ti.targets.rts6000.ae674 : Memory.oe674 (.text:xdc_runtime_Memory_free__F)
                  c22c0180    00000040                              : Registry.oe674 (.text:xdc_runtime_Registry_findById__F)
                  c22c01c0    00000040     Local_pe674.oe674 (.text:xdc_runtime_Startup_exec__I)
                  c22c0200    00000040     ti.targets.rts6000.ae674 : System.oe674 (.text:xdc_runtime_System_abort__F)
                  c22c0240    00000040     Local_pe674.oe674 (.text:xdc_runtime_System_aprintf__E)
                  c22c0280    00000040     Local_pe674.oe674 (.text:xdc_runtime_System_printf__E)
                  c22c02c0    00000040     ti.targets.rts6000.ae674 : Text.oe674 (.text:xdc_runtime_Text_ropeText__F)
                  c22c0300    00000040     Local_pe674.oe674 (.text:xdc_runtime_Text_visitRope__I)
                  c22c0340    00000020     rts6740_elf.lib : dtor_list.c.obj (.text:__cxa_ia64_exit)
                  c22c0360    00000020                     : _lock.c.obj (.text:_nop)
                  c22c0380    00000020                     : _lock.c.obj (.text:_register_lock)
                  c22c03a0    00000020                     : _lock.c.obj (.text:_register_unlock)
                  c22c03c0    00000020     sysbios.ae674 : c62_TaskSupport_asm.obj (.text:_ti_sysbios_family_c62_TaskSupport_glue)
                  c22c03e0    00000020                   : c64p_Hwi_asm_switch.obj (.text:_ti_sysbios_family_xxx_Hwi_switchToTaskStack)
                  c22c0400    00000020     rts6740_elf.lib : exit.c.obj (.text:abort)
                  c22c0420    00000020                     : dtor_list.c.obj (.text:atexit)
                  c22c0440    00000020                     : copy_decompress_none.c.obj (.text:decompress:none:__TI_decompress_none)
                  c22c0460    00000020                     : copy_decompress_rle.c.obj (.text:decompress:rle24:__TI_decompress_rle24)
                  c22c0480    00000020     lv_draw.obj (.text)
                  c22c04a0    00000020     lv_extra.obj (.text)
                  c22c04c0    00000020     Local_pe674.oe674 (.text:ti_sysbios_BIOS_RtsGateProxy_enter__E)
                  c22c04e0    00000020     Local_pe674.oe674 (.text:ti_sysbios_BIOS_RtsGateProxy_leave__E)
                  c22c0500    00000020     sysbios.ae674 : BIOS.obj (.text:ti_sysbios_BIOS_nullFunc__I)
                  c22c0520    00000020                   : BIOS.obj (.text:ti_sysbios_BIOS_setThreadType__E)
                  c22c0540    00000020                   : BIOS.obj (.text:ti_sysbios_BIOS_start__E)
                  c22c0560    00000020     Local_pe674.oe674 (.text:ti_sysbios_family_c62_TaskSupport_Module__startupDone__S)
                  c22c0580    00000020     sysbios.ae674 : BIOS.obj (.text:ti_sysbios_family_c62_TaskSupport_checkStack__E)
                  c22c05a0    00000020                   : BIOS.obj (.text:ti_sysbios_family_c62_TaskSupport_getStackAlignment__E)
                  c22c05c0    00000020     Local_pe674.oe674 (.text:ti_sysbios_family_c64p_Cache_Module_startup__E)
                  c22c05e0    00000020     sysbios.ae674 : BIOS.obj (.text:ti_sysbios_family_c64p_Cache_wbInv__E)
                  c22c0600    00000020     Local_pe674.oe674 (.text:ti_sysbios_family_c64p_Exception_Module_startup__E)
                  c22c0620    00000020     Local_pe674.oe674 (.text:ti_sysbios_family_c64p_Hwi_Module__startupDone__S)
                  c22c0640    00000020     Local_pe674.oe674 (.text:ti_sysbios_family_c64p_Hwi_Module_startup__E)
                  c22c0660    00000020     sysbios.ae674 : BIOS.obj (.text:ti_sysbios_family_c64p_Hwi_clearInterrupt__E)
                  c22c0680    00000020                   : BIOS.obj (.text:ti_sysbios_family_c64p_Hwi_startup__E)
                  c22c06a0    00000020                   : BIOS.obj (.text:ti_sysbios_family_c64p_Hwi_switchFromBootStack__E)
                  c22c06c0    00000020                   : BIOS.obj (.text:ti_sysbios_family_c64p_Hwi_unPluggedInterrupt__I)
                  c22c06e0    00000020                   : BIOS.obj (.text:ti_sysbios_gates_GateHwi_Instance_init__F)
                  c22c0700    00000020                   : BIOS.obj (.text:ti_sysbios_gates_GateHwi_enter__E)
                  c22c0720    00000020                   : BIOS.obj (.text:ti_sysbios_gates_GateHwi_leave__E)
                  c22c0740    00000020     Local_pe674.oe674 (.text:ti_sysbios_gates_GateHwi_query__E)
                  c22c0760    00000020     sysbios.ae674 : BIOS.obj (.text:ti_sysbios_gates_GateHwi_query__F)
                  c22c0780    00000020                   : BIOS.obj (.text:ti_sysbios_gates_GateMutex_Instance_finalize__F)
                  c22c07a0    00000020     Local_pe674.oe674 (.text:ti_sysbios_gates_GateMutex_query__E)
                  c22c07c0    00000020     sysbios.ae674 : BIOS.obj (.text:ti_sysbios_gates_GateMutex_query__F)
                  c22c07e0    00000020     Local_pe674.oe674 (.text:ti_sysbios_hal_Hwi_HwiProxy_Module__startupDone__S)
                  c22c0800    00000020     Local_pe674.oe674 (.text:ti_sysbios_hal_Hwi_HwiProxy_Object__delete__S)
                  c22c0820    00000020     Local_pe674.oe674 (.text:ti_sysbios_hal_Hwi_HwiProxy_clearInterrupt__E)
                  c22c0840    00000020     Local_pe674.oe674 (.text:ti_sysbios_hal_Hwi_HwiProxy_disableInterrupt__E)
                  c22c0860    00000020     Local_pe674.oe674 (.text:ti_sysbios_hal_Hwi_HwiProxy_enableInterrupt__E)
                  c22c0880    00000020     Local_pe674.oe674 (.text:ti_sysbios_hal_Hwi_HwiProxy_startup__E)
                  c22c08a0    00000020     Local_pe674.oe674 (.text:ti_sysbios_hal_Hwi_HwiProxy_switchFromBootStack__E)
                  c22c08c0    00000020     sysbios.ae674 : BIOS.obj (.text:ti_sysbios_hal_Hwi_Instance_finalize__F)
                  c22c08e0    00000020     Local_pe674.oe674 (.text:ti_sysbios_hal_Hwi_Module_startup__E)
                  c22c0900    00000020     sysbios.ae674 : BIOS.obj (.text:ti_sysbios_hal_Hwi_Module_startup__F)
                  c22c0920    00000020     Local_pe674.oe674 (.text:ti_sysbios_hal_Timer_Module__startupDone__S)
                  c22c0940    00000020     Local_pe674.oe674 (.text:ti_sysbios_hal_Timer_Module_startup__E)
                  c22c0960    00000020     sysbios.ae674 : BIOS.obj (.text:ti_sysbios_hal_Timer_Module_startup__F)
                  c22c0980    00000020     Local_pe674.oe674 (.text:ti_sysbios_hal_Timer_TimerProxy_Module__startupDone__S)
                  c22c09a0    00000020     Local_pe674.oe674 (.text:ti_sysbios_hal_Timer_TimerProxy_getExpiredCounts__E)
                  c22c09c0    00000020     Local_pe674.oe674 (.text:ti_sysbios_hal_Timer_TimerProxy_getPeriod__E)
                  c22c09e0    00000020     Local_pe674.oe674 (.text:ti_sysbios_hal_Timer_TimerProxy_setNextTick__E)
                  c22c0a00    00000020     Local_pe674.oe674 (.text:ti_sysbios_hal_Timer_TimerProxy_startup__E)
                  c22c0a20    00000020     Local_pe674.oe674 (.text:ti_sysbios_heaps_HeapMem_Module_GateProxy_enter__E)
                  c22c0a40    00000020     Local_pe674.oe674 (.text:ti_sysbios_heaps_HeapMem_Module_GateProxy_leave__E)
                  c22c0a60    00000020     Local_pe674.oe674 (.text:ti_sysbios_heaps_HeapMem_Module_GateProxy_query__E)
                  c22c0a80    00000020     sysbios.ae674 : BIOS.obj (.text:ti_sysbios_heaps_HeapMem_isBlocking__E)
                  c22c0aa0    00000020     Local_pe674.oe674 (.text:ti_sysbios_knl_Clock_Module_startup__E)
                  c22c0ac0    00000020     sysbios.ae674 : BIOS.obj (.text:ti_sysbios_knl_Idle_loop__E)
                  c22c0ae0    00000020                   : BIOS.obj (.text:ti_sysbios_knl_Queue_Instance_init__F)
                  c22c0b00    00000020                   : BIOS.obj (.text:ti_sysbios_knl_Queue_empty__E)
                  c22c0b20    00000020                   : BIOS.obj (.text:ti_sysbios_knl_Semaphore_Instance_finalize__F)
                  c22c0b40    00000020     Local_pe674.oe674 (.text:ti_sysbios_knl_Swi_Module_startup__E)
                  c22c0b60    00000020     sysbios.ae674 : BIOS.obj (.text:ti_sysbios_knl_Swi_disable__E)
                  c22c0b80    00000020     Local_pe674.oe674 (.text:ti_sysbios_knl_Task_Module_startup__E)
                  c22c0ba0    00000020     Local_pe674.oe674 (.text:ti_sysbios_knl_Task_SupportProxy_Module__startupDone__S)
                  c22c0bc0    00000020     Local_pe674.oe674 (.text:ti_sysbios_knl_Task_SupportProxy_checkStack__E)
                  c22c0be0    00000020     Local_pe674.oe674 (.text:ti_sysbios_knl_Task_SupportProxy_getStackAlignment__E)
                  c22c0c00    00000020     Local_pe674.oe674 (.text:ti_sysbios_knl_Task_SupportProxy_start__E)
                  c22c0c20    00000020     Local_pe674.oe674 (.text:ti_sysbios_knl_Task_SupportProxy_swap__E)
                  c22c0c40    00000020     sysbios.ae674 : BIOS.obj (.text:ti_sysbios_knl_Task_disable__E)
                  c22c0c60    00000020                   : BIOS.obj (.text:ti_sysbios_knl_Task_startup__E)
                  c22c0c80    00000020     Local_pe674.oe674 (.text:ti_sysbios_timers_timer64_Timer_Module__startupDone__S)
                  c22c0ca0    00000020     Local_pe674.oe674 (.text:ti_sysbios_timers_timer64_Timer_Module_startup__E)
                  c22c0cc0    00000020     Local_pe674.oe674 (.text:ti_sysbios_timers_timer64_Timer_TimerSupportProxy_enable__E)
                  c22c0ce0    00000020     sysbios.ae674 : BIOS.obj (.text:ti_sysbios_timers_timer64_Timer_setNextTick__E)
                  c22c0d00    00000020     Local_pe674.oe674 (.text:xdc_iargToPtr)
                  c22c0d20    00000020     Local_pe674.oe674 (.text:xdc_runtime_Error_check__E)
                  c22c0d40    00000020     Local_pe674.oe674 (.text:xdc_runtime_Error_init__E)
                  c22c0d60    00000020     Local_pe674.oe674 (.text:xdc_runtime_Error_print__E)
                  c22c0d80    00000020     Local_pe674.oe674 (.text:xdc_runtime_Gate_enterSystem__E)
                  c22c0da0    00000020     ti.targets.rts6000.ae674 : Gate.oe674 (.text:xdc_runtime_Gate_enterSystem__F)
                  c22c0dc0    00000020     Local_pe674.oe674 (.text:xdc_runtime_Gate_leaveSystem__E)
                  c22c0de0    00000020     ti.targets.rts6000.ae674 : Gate.oe674 (.text:xdc_runtime_Gate_leaveSystem__F)
                  c22c0e00    00000020     Local_pe674.oe674 (.text:xdc_runtime_Memory_HeapProxy_alloc__E)
                  c22c0e20    00000020     Local_pe674.oe674 (.text:xdc_runtime_Memory_HeapProxy_free__E)
                  c22c0e40    00000020     Local_pe674.oe674 (.text:xdc_runtime_Memory_alloc__E)
                  c22c0e60    00000020     Local_pe674.oe674 (.text:xdc_runtime_Memory_calloc__E)
                  c22c0e80    00000020     Local_pe674.oe674 (.text:xdc_runtime_Memory_free__E)
                  c22c0ea0    00000020     Local_pe674.oe674 (.text:xdc_runtime_Registry_findById__E)
                  c22c0ec0    00000020     Local_pe674.oe674 (.text:xdc_runtime_Startup_exec__E)
                  c22c0ee0    00000020     Local_pe674.oe674 (.text:xdc_runtime_Startup_reset__I)
                  c22c0f00    00000020     Local_pe674.oe674 (.text:xdc_runtime_SysMin_Module_startup__E)
                  c22c0f20    00000020     Local_pe674.oe674 (.text:xdc_runtime_SysMin_abort__E)
                  c22c0f40    00000020     Local_pe674.oe674 (.text:xdc_runtime_SysMin_exit__E)
                  c22c0f60    00000020     Local_pe674.oe674 (.text:xdc_runtime_SysMin_putch__E)
                  c22c0f80    00000020     Local_pe674.oe674 (.text:xdc_runtime_SysMin_ready__E)
                  c22c0fa0    00000020     ti.targets.rts6000.ae674 : SysMin.oe674 (.text:xdc_runtime_SysMin_ready__F)
                  c22c0fc0    00000020     Local_pe674.oe674 (.text:xdc_runtime_System_Module_GateProxy_enter__E)
                  c22c0fe0    00000020     Local_pe674.oe674 (.text:xdc_runtime_System_Module_GateProxy_leave__E)
                  c22c1000    00000020     Local_pe674.oe674 (.text:xdc_runtime_System_Module_startup__E)
                  c22c1020    00000020     ti.targets.rts6000.ae674 : System.oe674 (.text:xdc_runtime_System_Module_startup__F)
                  c22c1040    00000020     Local_pe674.oe674 (.text:xdc_runtime_System_SupportProxy_abort__E)
                  c22c1060    00000020     Local_pe674.oe674 (.text:xdc_runtime_System_SupportProxy_exit__E)
                  c22c1080    00000020     Local_pe674.oe674 (.text:xdc_runtime_System_SupportProxy_putch__E)
                  c22c10a0    00000020     Local_pe674.oe674 (.text:xdc_runtime_System_SupportProxy_ready__E)
                  c22c10c0    00000020     Local_pe674.oe674 (.text:xdc_runtime_System_abort__E)
                  c22c10e0    00000020     Local_pe674.oe674 (.text:xdc_runtime_System_atexit__E)
                  c22c1100    00000020     Local_pe674.oe674 (.text:xdc_runtime_System_exit__E)
                  c22c1120    00000020     ti.targets.rts6000.ae674 : System.oe674 (.text:xdc_runtime_System_exit__F)
                  c22c1140    00000020                              : System.oe674 (.text:xdc_runtime_System_lastFxn__I)
                  c22c1160    00000020     Local_pe674.oe674 (.text:xdc_runtime_System_vsnprintf__E)
                  c22c1180    00000020     ti.targets.rts6000.ae674 : System.oe674 (.text:xdc_runtime_System_vsnprintf__F)
                  c22c11a0    00000020     Local_pe674.oe674 (.text:xdc_runtime_Text_cordText__E)
                  c22c11c0    00000020     Local_pe674.oe674 (.text:xdc_runtime_Text_putLab__E)
                  c22c11e0    00000020     Local_pe674.oe674 (.text:xdc_runtime_Text_putSite__E)
                  c22c1200    00000020     Local_pe674.oe674 (.text:xdc_runtime_Text_ropeText__E)

.const     0    c22c1220    0000913a     
                  c22c1220    00002280     lv_font_montserrat_14.obj (.const:.string:glyph_bitmap)
                  c22c34a0    000015c2     Local_pe674.oe674 (.const:xdc_runtime_Text_charTab__A)
                  c22c4a62    00000004     lv_obj_scroll.obj (.const:$P$T0$1)
                  c22c4a66    00000002     Local_pe674.oe674 (.const:ti_sysbios_BIOS_Module__id__C)
                  c22c4a68    00000bad     lv_font_montserrat_14.obj (.const:.string:kern_class_values)
                  c22c5615    00000001     --HOLE-- [fill = 0]
                  c22c5616    00000002     Local_pe674.oe674 (.const:ti_sysbios_family_c64p_Exception_Module__id__C)
                  c22c5618    0000092c     lv_tlsf.obj (.const:.string)
                  c22c5f44    000006b7     sysbios.ae674 : BIOS.obj (.const:.string)
                  c22c65fb    00000001     --HOLE-- [fill = 0]
                  c22c65fc    00000004     lv_obj_scroll.obj (.const:$P$T1$2)
                  c22c6600    000004f0     lv_font_montserrat_14.obj (.const:glyph_dsc)
                  c22c6af0    0000028c     lv_calendar_header_dropdown.obj (.const:.string)
                  c22c6d7c    00000184     lv_mem.obj (.const:.string)
                  c22c6f00    00000100     lv_draw_sw_letter.obj (.const:.string:_lv_bpp8_opa_table)
                  c22c7000    000000ec     lv_chart.obj (.const:.string)
                  c22c70ec    000000ec     lv_table.obj (.const:.string)
                  c22c71d8    000000ec     lv_textarea.obj (.const:.string)
                  c22c72c4    000000e8     lv_img_decoder.obj (.const:.string)
                  c22c73ac    000000e8     lv_keyboard.obj (.const:.string)
                  c22c7494    000000e4     lv_draw_mask.obj (.const:.string)
                  c22c7578    000000dc     lv_hal_disp.obj (.const:.string)
                  c22c7654    000000d0     lv_label.obj (.const:.string)
                  c22c7724    000000d0     lv_refr.obj (.const:.string)
                  c22c77f4    000000cc     lv_obj.obj (.const:.string)
                  c22c78c0    000000c8     lv_dropdown.obj (.const:.string)
                  c22c7988    000000be     lv_color.obj (.const:colors$2)
                  c22c7a46    00000002     Local_pe674.oe674 (.const:ti_sysbios_family_c64p_Exception_enableExternalMPC__C)
                  c22c7a48    000000bc     Local_pe674.oe674 (.const:xdc_runtime_Text_nodeTab__A)
                  c22c7b04    00000004     lv_obj_pos.obj (.const:$P$T1$3)
                  c22c7b08    000000b6     lv_math.obj (.const:sin0_90_table)
                  c22c7bbe    00000002     Local_pe674.oe674 (.const:ti_sysbios_family_c64p_Exception_enablePrint__C)
                  c22c7bc0    000000b0     lv_hal_indev.obj (.const:.string)
                  c22c7c70    000000b0     lv_keyboard.obj (.const:default_kb_map_lc)
                  c22c7d20    000000b0     lv_keyboard.obj (.const:default_kb_map_spec)
                  c22c7dd0    000000b0     lv_keyboard.obj (.const:default_kb_map_uc)
                  c22c7e80    000000a0     lv_btnmatrix.obj (.const:.string)
                  c22c7f20    0000009e     lv_font_montserrat_14.obj (.const:.string:kern_left_class_mapping)
                  c22c7fbe    00000002     Local_pe674.oe674 (.const:ti_sysbios_family_c64p_Exception_useInternalBuffer__C)
                  c22c7fc0    0000009e     lv_font_montserrat_14.obj (.const:.string:kern_right_class_mapping)
                  c22c805e    00000002     Local_pe674.oe674 (.const:ti_sysbios_family_c64p_Hwi_Module__id__C)
                  c22c8060    00000098     lv_color.obj (.const:colors$3)
                  c22c80f8    00000090     lv_calendar.obj (.const:.string)
                  c22c8188    0000008c     lv_fs.obj (.const:.string)
                  c22c8214    0000008c     lv_roller.obj (.const:.string)
                  c22c82a0    00000080     lv_draw_sw_gradient.obj (.const:.string)
                  c22c8320    00000080     lv_style.obj (.const:.string)
                  c22c83a0    0000007c     lv_font_montserrat_14.obj (.const:unicode_list_1)
                  c22c841c    00000078     lv_meter.obj (.const:.string)
                  c22c8494    00000074     lv_font.obj (.const:.string)
                  c22c8508    00000070     lv_obj_style.obj (.const:.string)
                  c22c8578    0000006c     lv_event.obj (.const:.string)
                  c22c85e4    00000068     lv_flex.obj (.const:.string)
                  c22c864c    00000068     lv_group.obj (.const:.string)
                  c22c86b4    00000064     lv_calendar_header_arrow.obj (.const:.string)
                  c22c8718    00000064     lv_obj_pos.obj (.const:.string)
                  c22c877c    00000060     lv_txt.obj (.const:.string)
                  c22c87dc    0000005c     lv_anim.obj (.const:.string)
                  c22c8838    0000005c     lv_img.obj (.const:.string)
                  c22c8894    0000005c     lv_timer.obj (.const:.string)
                  c22c88f0    00000058     ti.targets.rts6000.ae674 : Error.oe674 (.const:.string)
                  c22c8948    00000054     lv_keyboard.obj (.const:default_kb_map_num)
                  c22c899c    00000004     lv_draw_sw_gradient.obj (.const:$P$T2$4)
                  c22c89a0    00000050     lv_keyboard.obj (.const:default_kb_ctrl_lc_map)
                  c22c89f0    00000050     lv_keyboard.obj (.const:default_kb_ctrl_spec_map)
                  c22c8a40    00000050     lv_keyboard.obj (.const:default_kb_ctrl_uc_map)
                  c22c8a90    0000004c     lv_log.obj (.const:.string)
                  c22c8adc    00000048     Local_pe674.oe674 (.const:.string)
                  c22c8b24    00000004     lv_obj_pos.obj (.const:$P$T2$4)
                  c22c8b28    00000040     lv_draw_sw_dither.obj (.const:.string:dither_ordered_threshold_matrix)
                  c22c8b68    00000040     ti.targets.rts6000.ae674 : Text.oe674 (.const:.string)
                  c22c8ba8    0000003c     Local_pe674.oe674 (.const:ti_sysbios_knl_Task_Object__PARAMS__C)
                  c22c8be4    00000030     Local_pe674.oe674 (.const:ti_sysbios_family_c64p_Hwi_Object__PARAMS__C)
                  c22c8c14    0000002c     ti.targets.rts6000.ae674 : Startup.oe674 (.const:.string)
                  c22c8c40    0000002c     Local_pe674.oe674 (.const:ti_sysbios_hal_Hwi_Object__PARAMS__C)
                  c22c8c6c    00000004     lv_draw_label.obj (.const:.string)
                  c22c8c70    0000002c     lv_theme_default.obj (.const:trans_props$1)
                  c22c8c9c    00000004     lv_menu.obj (.const:.string)
                  c22c8ca0    0000002c     Local_pe674.oe674 (.const:xdc_runtime_Startup_sfxnTab__A)
                  c22c8ccc    00000004     lv_spinbox.obj (.const:.string)
                  c22c8cd0    00000028     lv_font_montserrat_14.obj (.const:cmaps)
                  c22c8cf8    00000028     Local_pe674.oe674 (.const:ti_sysbios_heaps_HeapMem_Module__FXNS__C)
                  c22c8d20    00000026     lv_event.obj (.const:.string:$P$T2$4)
                  c22c8d46    00000002     Local_pe674.oe674 (.const:ti_sysbios_family_c64p_Hwi_Module__loggerDefined__C)
                  c22c8d48    00000026     lv_color.obj (.const:colors$1)
                  c22c8d6e    00000002     Local_pe674.oe674 (.const:ti_sysbios_gates_GateMutex_Module__id__C)
                  c22c8d70    00000024     Local_pe674.oe674 (.const:ti_sysbios_gates_GateHwi_Module__FXNS__C)
                  c22c8d94    00000024     Local_pe674.oe674 (.const:ti_sysbios_gates_GateMutex_Module__FXNS__C)
                  c22c8db8    00000024     Local_pe674.oe674 (.const:ti_sysbios_heaps_HeapMem_Object__PARAMS__C)
                  c22c8ddc    00000024     Local_pe674.oe674 (.const:ti_sysbios_knl_Clock_Object__PARAMS__C)
                  c22c8e00    00000024     Local_pe674.oe674 (.const:ti_sysbios_knl_Semaphore_Object__PARAMS__C)
                  c22c8e24    00000004     lv_tabview.obj (.const:.string)
                  c22c8e28    00000022     lv_calendar.obj (.const:.string:$P$T0$1)
                  c22c8e4a    00000002     Local_pe674.oe674 (.const:ti_sysbios_hal_Hwi_Module__id__C)
                  c22c8e4c    00000004     lv_theme_default.obj (.const:.string)
                  c22c8e50    00000022     lv_keyboard.obj (.const:default_kb_ctrl_num_map)
                  c22c8e72    00000002     Local_pe674.oe674 (.const:ti_sysbios_heaps_HeapMem_Module__id__C)
                  c22c8e74    00000004     ti.targets.rts6000.ae674 : Assert.oe674 (.const:.string)
                  c22c8e78    00000021     lv_textarea.obj (.const:.string:$P$T5$6)
                  c22c8e99    00000001     --HOLE-- [fill = 0]
                  c22c8e9a    00000002     Local_pe674.oe674 (.const:ti_sysbios_knl_Clock_Module__id__C)
                  c22c8e9c    00000004     Local_pe674.oe674 (.const:ti_sysbios_BIOS_Module__diagsEnabled__C)
                  c22c8ea0    00000021     lv_draw_sw_line.obj (.const:.string:wcorr$1)
                  c22c8ec1    00000001     --HOLE-- [fill = 0]
                  c22c8ec2    00000002     Local_pe674.oe674 (.const:ti_sysbios_knl_Clock_Module__loggerDefined__C)
                  c22c8ec4    00000004     Local_pe674.oe674 (.const:ti_sysbios_BIOS_Module__diagsIncluded__C)
                  c22c8ec8    00000020     lv_btnmatrix.obj (.const:.string:$P$T0$1)
                  c22c8ee8    00000020     lv_obj_style.obj (.const:.string:$P$T0$1)
                  c22c8f08    00000020     Local_pe674.oe674 (.const:ti_sysbios_family_c64p_Hwi_Object__DESC__C)
                  c22c8f28    00000020     Local_pe674.oe674 (.const:ti_sysbios_gates_GateHwi_Object__DESC__C)
                  c22c8f48    00000020     Local_pe674.oe674 (.const:ti_sysbios_gates_GateMutex_Object__DESC__C)
                  c22c8f68    00000020     Local_pe674.oe674 (.const:ti_sysbios_hal_Hwi_Object__DESC__C)
                  c22c8f88    00000020     Local_pe674.oe674 (.const:ti_sysbios_heaps_HeapMem_Object__DESC__C)
                  c22c8fa8    00000020     Local_pe674.oe674 (.const:ti_sysbios_knl_Clock_Object__DESC__C)
                  c22c8fc8    00000020     Local_pe674.oe674 (.const:ti_sysbios_knl_Queue_Object__DESC__C)
                  c22c8fe8    00000020     Local_pe674.oe674 (.const:ti_sysbios_knl_Semaphore_Object__DESC__C)
                  c22c9008    00000020     Local_pe674.oe674 (.const:ti_sysbios_knl_Task_Object__DESC__C)
                  c22c9028    0000001f     lv_dropdown.obj (.const:.string:$P$T1$2)
                  c22c9047    00000001     --HOLE-- [fill = 0]
                  c22c9048    0000001e     lv_textarea.obj (.const:.string:$P$T6$7)
                  c22c9066    00000002     Local_pe674.oe674 (.const:ti_sysbios_knl_Semaphore_Module__id__C)
                  c22c9068    0000001d     lv_chart.obj (.const:.string:$P$T2$3)
                  c22c9085    00000001     --HOLE-- [fill = 0]
                  c22c9086    00000002     Local_pe674.oe674 (.const:ti_sysbios_knl_Semaphore_Module__loggerDefined__C)
                  c22c9088    0000001d     lv_img_decoder.obj (.const:.string:$P$T4$4)
                  c22c90a5    00000001     --HOLE-- [fill = 0]
                  c22c90a6    00000002     Local_pe674.oe674 (.const:ti_sysbios_knl_Swi_Module__id__C)
                  c22c90a8    0000001c     lv_draw_sw_rect.obj (.const:$P$T0$1)
                  c22c90c4    00000004     Local_pe674.oe674 (.const:ti_sysbios_BIOS_Module__diagsMask__C)
                  c22c90c8    0000001c     lv_table.obj (.const:.string:$P$T1$2)
                  c22c90e4    0000001c     lv_arc.obj (.const:lv_arc_class)
                  c22c9100    0000001c     lv_bar.obj (.const:lv_bar_class)
                  c22c911c    0000001c     lv_btn.obj (.const:lv_btn_class)
                  c22c9138    0000001c     lv_btnmatrix.obj (.const:lv_btnmatrix_class)
                  c22c9154    0000001c     lv_calendar.obj (.const:lv_calendar_class)
                  c22c9170    0000001c     lv_calendar_header_arrow.obj (.const:lv_calendar_header_arrow_class)
                  c22c918c    0000001c     lv_calendar_header_dropdown.obj (.const:lv_calendar_header_dropdown_class)
                  c22c91a8    0000001c     lv_chart.obj (.const:lv_chart_class)
                  c22c91c4    0000001c     lv_checkbox.obj (.const:lv_checkbox_class)
                  c22c91e0    0000001c     lv_colorwheel.obj (.const:lv_colorwheel_class)
                  c22c91fc    0000001c     lv_dropdown.obj (.const:lv_dropdown_class)
                  c22c9218    0000001c     lv_dropdown.obj (.const:lv_dropdownlist_class)
                  c22c9234    0000001c     lv_font_montserrat_14.obj (.const:lv_font_montserrat_14)
                  c22c9250    0000001c     lv_img.obj (.const:lv_img_class)
                  c22c926c    0000001c     lv_keyboard.obj (.const:lv_keyboard_class)
                  c22c9288    0000001c     lv_label.obj (.const:lv_label_class)
                  c22c92a4    0000001c     lv_led.obj (.const:lv_led_class)
                  c22c92c0    0000001c     lv_line.obj (.const:lv_line_class)
                  c22c92dc    0000001c     lv_list.obj (.const:lv_list_btn_class)
                  c22c92f8    0000001c     lv_list.obj (.const:lv_list_class)
                  c22c9314    0000001c     lv_list.obj (.const:lv_list_text_class)
                  c22c9330    0000001c     lv_menu.obj (.const:lv_menu_class)
                  c22c934c    0000001c     lv_menu.obj (.const:lv_menu_cont_class)
                  c22c9368    0000001c     lv_menu.obj (.const:lv_menu_main_cont_class)
                  c22c9384    0000001c     lv_menu.obj (.const:lv_menu_main_header_cont_class)
                  c22c93a0    0000001c     lv_menu.obj (.const:lv_menu_page_class)
                  c22c93bc    0000001c     lv_menu.obj (.const:lv_menu_section_class)
                  c22c93d8    0000001c     lv_menu.obj (.const:lv_menu_separator_class)
                  c22c93f4    0000001c     lv_menu.obj (.const:lv_menu_sidebar_cont_class)
                  c22c9410    0000001c     lv_menu.obj (.const:lv_menu_sidebar_header_cont_class)
                  c22c942c    0000001c     lv_meter.obj (.const:lv_meter_class)
                  c22c9448    0000001c     lv_msgbox.obj (.const:lv_msgbox_backdrop_class)
                  c22c9464    0000001c     lv_msgbox.obj (.const:lv_msgbox_class)
                  c22c9480    0000001c     lv_obj.obj (.const:lv_obj_class)
                  c22c949c    0000001c     lv_roller.obj (.const:lv_roller_class)
                  c22c94b8    0000001c     lv_roller.obj (.const:lv_roller_label_class)
                  c22c94d4    0000001c     lv_slider.obj (.const:lv_slider_class)
                  c22c94f0    0000001c     lv_spinbox.obj (.const:lv_spinbox_class)
                  c22c950c    0000001c     lv_spinner.obj (.const:lv_spinner_class)
                  c22c9528    0000001c     lv_switch.obj (.const:lv_switch_class)
                  c22c9544    0000001c     lv_table.obj (.const:lv_table_class)
                  c22c9560    0000001c     lv_tabview.obj (.const:lv_tabview_class)
                  c22c957c    0000001c     lv_textarea.obj (.const:lv_textarea_class)
                  c22c9598    0000001c     lv_tileview.obj (.const:lv_tileview_class)
                  c22c95b4    0000001c     lv_tileview.obj (.const:lv_tileview_tile_class)
                  c22c95d0    0000001c     lv_win.obj (.const:lv_win_class)
                  c22c95ec    00000004     Local_pe674.oe674 (.const:ti_sysbios_BIOS_installedErrorHook__C)
                  c22c95f0    0000001b     lv_chart.obj (.const:.string:$P$T1$2)
                  c22c960b    00000001     --HOLE-- [fill = 0]
                  c22c960c    00000004     Local_pe674.oe674 (.const:ti_sysbios_family_c62_TaskSupport_stackAlignment__C)
                  c22c9610    0000001b     lv_draw_sw_gradient.obj (.const:.string:$P$T1$2)
                  c22c962b    00000001     --HOLE-- [fill = 0]
                  c22c962c    00000004     Local_pe674.oe674 (.const:ti_sysbios_family_c64p_Cache_EMIFA_BASE__C)
                  c22c9630    0000001b     lv_label.obj (.const:.string:$P$T4$5)
                  c22c964b    00000001     --HOLE-- [fill = 0]
                  c22c964c    00000004     Local_pe674.oe674 (.const:ti_sysbios_family_c64p_Cache_EMIFA_CFG__C)
                  c22c9650    0000001b     lv_chart.obj (.const:.string:$P$T7$8)
                  c22c966b    00000001     --HOLE-- [fill = 0]
                  c22c966c    00000004     Local_pe674.oe674 (.const:ti_sysbios_family_c64p_Cache_EMIFA_LENGTH__C)
                  c22c9670    0000001a     lv_obj.obj (.const:.string:$P$T1$2)
                  c22c968a    00000002     Local_pe674.oe674 (.const:ti_sysbios_knl_Swi_Module__loggerDefined__C)
                  c22c968c    00000004     Local_pe674.oe674 (.const:ti_sysbios_family_c64p_Cache_EMIFB_BASE__C)
                  c22c9690    0000001a     lv_chart.obj (.const:.string:$P$T10$11)
                  c22c96aa    00000002     Local_pe674.oe674 (.const:ti_sysbios_knl_Task_Module__id__C)
                  c22c96ac    00000004     Local_pe674.oe674 (.const:ti_sysbios_family_c64p_Cache_EMIFB_CFG__C)
                  c22c96b0    0000001a     lv_chart.obj (.const:.string:$P$T11$12)
                  c22c96ca    00000002     Local_pe674.oe674 (.const:ti_sysbios_knl_Task_Module__loggerDefined__C)
                  c22c96cc    00000004     Local_pe674.oe674 (.const:ti_sysbios_family_c64p_Cache_EMIFB_LENGTH__C)
                  c22c96d0    0000001a     lv_chart.obj (.const:.string:$P$T16$17)
                  c22c96ea    00000002     Local_pe674.oe674 (.const:ti_sysbios_knl_Task_deleteTerminatedTasks__C)
                  c22c96ec    00000004     Local_pe674.oe674 (.const:ti_sysbios_family_c64p_Cache_EMIFC_BASE__C)
                  c22c96f0    0000001a     lv_chart.obj (.const:.string:$P$T6$7)
                  c22c970a    00000002     Local_pe674.oe674 (.const:ti_sysbios_knl_Task_initStackFlag__C)
                  c22c970c    00000004     Local_pe674.oe674 (.const:ti_sysbios_family_c64p_Cache_EMIFC_CFG__C)
                  c22c9710    00000019     lv_font.obj (.const:.string:$P$T0$1)
                  c22c9729    00000001     --HOLE-- [fill = 0]
                  c22c972a    00000002     Local_pe674.oe674 (.const:ti_sysbios_timers_timer64_Timer_Module__id__C)
                  c22c972c    00000004     Local_pe674.oe674 (.const:ti_sysbios_family_c64p_Cache_EMIFC_LENGTH__C)
                  c22c9730    00000019     lv_draw_mask.obj (.const:.string:$P$T1$2)
                  c22c9749    00000001     --HOLE-- [fill = 0]
                  c22c974a    00000002     Local_pe674.oe674 (.const:ti_sysbios_timers_timer64_Timer_startupNeeded__C)
                  c22c974c    00000004     Local_pe674.oe674 (.const:ti_sysbios_family_c64p_Cache_MAR0_31__C)
                  c22c9750    00000019     lv_meter.obj (.const:.string:$P$T1$2)
                  c22c9769    00000001     --HOLE-- [fill = 0]
                  c22c976a    00000002     Local_pe674.oe674 (.const:xdc_runtime_Core_Module__id__C)
                  c22c976c    00000004     Local_pe674.oe674 (.const:ti_sysbios_family_c64p_Cache_MAR128_159__C)
                  c22c9770    00000019     lv_chart.obj (.const:.string:$P$T14$15)
                  c22c9789    00000001     --HOLE-- [fill = 0]
                  c22c978a    00000002     Local_pe674.oe674 (.const:xdc_runtime_Error_Module__loggerDefined__C)
                  c22c978c    00000004     Local_pe674.oe674 (.const:ti_sysbios_family_c64p_Cache_MAR160_191__C)
                  c22c9790    00000019     lv_chart.obj (.const:.string:$P$T15$16)
                  c22c97a9    00000001     --HOLE-- [fill = 0]
                  c22c97aa    00000002     Local_pe674.oe674 (.const:xdc_runtime_Error_maxDepth__C)
                  c22c97ac    00000004     Local_pe674.oe674 (.const:ti_sysbios_family_c64p_Cache_MAR192_223__C)
                  c22c97b0    00000019     lv_chart.obj (.const:.string:$P$T17$18)
                  c22c97c9    00000001     --HOLE-- [fill = 0]
                  c22c97ca    00000002     Local_pe674.oe674 (.const:xdc_runtime_Memory_Module__id__C)
                  c22c97cc    00000004     Local_pe674.oe674 (.const:ti_sysbios_family_c64p_Cache_MAR224_255__C)
                  c22c97d0    00000019     lv_chart.obj (.const:.string:$P$T18$19)
                  c22c97e9    00000001     --HOLE-- [fill = 0]
                  c22c97ea    00000002     Local_pe674.oe674 (.const:xdc_runtime_SysMin_flushAtExit__C)
                  c22c97ec    00000004     Local_pe674.oe674 (.const:ti_sysbios_family_c64p_Cache_MAR32_63__C)
                  c22c97f0    00000019     lv_meter.obj (.const:.string:$P$T4$5)
                  c22c9809    00000001     --HOLE-- [fill = 0]
                  c22c980a    00000002     Local_pe674.oe674 (.const:xdc_runtime_Text_charCnt__C)
                  c22c980c    00000004     Local_pe674.oe674 (.const:ti_sysbios_family_c64p_Cache_MAR64_95__C)
                  c22c9810    00000019     lv_table.obj (.const:.string:$P$T5$6)
                  c22c9829    00000001     --HOLE-- [fill = 0]
                  c22c982a    00000002     Local_pe674.oe674 (.const:xdc_runtime_Text_isLoaded__C)
                  c22c982c    00000004     Local_pe674.oe674 (.const:ti_sysbios_family_c64p_Cache_MAR96_127__C)
                  c22c9830    00000018     lv_draw_mask.obj (.const:.string:$P$T0$1)
                  c22c9848    00000018     lv_dropdown.obj (.const:.string:$P$T0$1)
                  c22c9860    00000018     lv_hal_disp.obj (.const:.string:$P$T0$1)
                  c22c9878    00000018     lv_table.obj (.const:.string:$P$T0$1)
                  c22c9890    00000018     lv_chart.obj (.const:.string:$P$T13$14)
                  c22c98a8    00000018     lv_font.obj (.const:.string:$P$T2$3)
                  c22c98c0    00000018     lv_label.obj (.const:.string:$P$T2$3)
                  c22c98d8    00000018     lv_meter.obj (.const:.string:$P$T2$3)
                  c22c98f0    00000018     lv_event.obj (.const:.string:$P$T3$5)
                  c22c9908    00000018     lv_chart.obj (.const:.string:$P$T9$10)
                  c22c9920    00000018     lv_font_montserrat_14.obj (.const:font_dsc)
                  c22c9938    00000018     Local_pe674.oe674 (.const:ti_sysbios_gates_GateHwi_Object__PARAMS__C)
                  c22c9950    00000018     Local_pe674.oe674 (.const:ti_sysbios_gates_GateMutex_Object__PARAMS__C)
                  c22c9968    00000018     Local_pe674.oe674 (.const:ti_sysbios_knl_Queue_Object__PARAMS__C)
                  c22c9980    00000018     Local_pe674.oe674 (.const:ti_sysbios_knl_Task_hooks__A)
                  c22c9998    00000017     lv_event.obj (.const:.string:$P$T1$3)
                  c22c99af    00000001     --HOLE-- [fill = 0]
                  c22c99b0    00000017     lv_chart.obj (.const:.string:$P$T12$13)
                  c22c99c7    00000001     --HOLE-- [fill = 0]
                  c22c99c8    00000017     lv_dropdown.obj (.const:.string:$P$T2$3)
                  c22c99df    00000001     --HOLE-- [fill = 0]
                  c22c99e0    00000017     lv_label.obj (.const:.string:$P$T3$4)
                  c22c99f7    00000001     --HOLE-- [fill = 0]
                  c22c99f8    00000017     lv_chart.obj (.const:.string:$P$T4$5)
                  c22c9a0f    00000001     --HOLE-- [fill = 0]
                  c22c9a10    00000017     lv_table.obj (.const:.string:$P$T4$5)
                  c22c9a27    00000001     --HOLE-- [fill = 0]
                  c22c9a28    00000016     lv_hal_indev.obj (.const:.string:$P$T0$1)
                  c22c9a3e    00000002     Local_pe674.oe674 (.const:xdc_runtime_Text_registryModsLastId__C)
                  c22c9a40    00000016     lv_roller.obj (.const:.string:$P$T0$1)
                  c22c9a56    00000002     Local_pe674.oe674 (.const:xdc_runtime_Text_unnamedModsLastId__C)
                  c22c9a58    00000016     lv_txt.obj (.const:.string:$P$T0$1)
                  c22c9a6e    00000002     --HOLE-- [fill = 0]
                  c22c9a70    00000016     lv_font.obj (.const:.string:$P$T1$2)
                  c22c9a86    00000002     --HOLE-- [fill = 0]
                  c22c9a88    00000016     lv_label.obj (.const:.string:$P$T1$2)
                  c22c9a9e    00000002     --HOLE-- [fill = 0]
                  c22c9aa0    00000016     lv_img_decoder.obj (.const:.string:$P$T3$3)
                  c22c9ab6    00000002     --HOLE-- [fill = 0]
                  c22c9ab8    00000016     lv_tlsf.obj (.const:.string:$P$T5$6)
                  c22c9ace    00000002     --HOLE-- [fill = 0]
                  c22c9ad0    00000016     Local_pe674.oe674 (.const:xdc_runtime_Startup_sfxnRts__A)
                  c22c9ae6    00000002     --HOLE-- [fill = 0]
                  c22c9ae8    00000015     lv_textarea.obj (.const:.string:$P$T0$1)
                  c22c9afd    00000003     --HOLE-- [fill = 0]
                  c22c9b00    00000015     lv_img_decoder.obj (.const:.string:$P$T1$1)
                  c22c9b15    00000003     --HOLE-- [fill = 0]
                  c22c9b18    00000015     lv_textarea.obj (.const:.string:$P$T1$2)
                  c22c9b2d    00000003     --HOLE-- [fill = 0]
                  c22c9b30    00000015     lv_chart.obj (.const:.string:$P$T19$20)
                  c22c9b45    00000003     --HOLE-- [fill = 0]
                  c22c9b48    00000015     lv_style.obj (.const:.string:$P$T2$3)
                  c22c9b5d    00000003     --HOLE-- [fill = 0]
                  c22c9b60    00000015     lv_table.obj (.const:.string:$P$T2$3)
                  c22c9b75    00000003     --HOLE-- [fill = 0]
                  c22c9b78    00000015     lv_textarea.obj (.const:.string:$P$T2$3)
                  c22c9b8d    00000003     --HOLE-- [fill = 0]
                  c22c9b90    00000015     lv_hal_disp.obj (.const:.string:$P$T2$8)
                  c22c9ba5    00000003     --HOLE-- [fill = 0]
                  c22c9ba8    00000015     lv_chart.obj (.const:.string:$P$T20$21)
                  c22c9bbd    00000003     --HOLE-- [fill = 0]
                  c22c9bc0    00000015     lv_table.obj (.const:.string:$P$T3$4)
                  c22c9bd5    00000003     --HOLE-- [fill = 0]
                  c22c9bd8    00000015     lv_textarea.obj (.const:.string:$P$T4$5)
                  c22c9bed    00000003     --HOLE-- [fill = 0]
[...]
c22c9ddc  ti_sysbios_gates_GateMutex_A_badContext__C                          
c22c9df4  ti_sysbios_gates_GateMutex_Instance_State_sem__O                    
c22c9e0c  ti_sysbios_gates_GateMutex_Module__diagsEnabled__C                  
c22c9e24  ti_sysbios_gates_GateMutex_Module__diagsIncluded__C                 
c22c9e3c  ti_sysbios_gates_GateMutex_Module__diagsMask__C                     
c22c9e54  ti_sysbios_hal_Hwi_E_stackOverflow__C                               
c22c9e6c  ti_sysbios_heaps_HeapMem_A_align__C                                 
c22c9e84  ti_sysbios_heaps_HeapMem_A_heapSize__C                              
c22c9e9c  ti_sysbios_heaps_HeapMem_A_invalidFree__C                           
c22c9eb4  ti_sysbios_heaps_HeapMem_A_zeroBlock__C                             
c22c9ecc  ti_sysbios_heaps_HeapMem_E_memory__C                                
c22c9ee4  ti_sysbios_heaps_HeapMem_Module__diagsEnabled__C                    
c22c9efc  ti_sysbios_heaps_HeapMem_Module__diagsIncluded__C                   
c22c9fa0  _lv_bpp4_opa_table                                                  
c22ca0b8  ti_sysbios_family_c64p_Cache_initSize__C                            
c22ca0c4  ti_sysbios_heaps_HeapMem_Module__diagsMask__C                       
c22ca0d4  ti_sysbios_heaps_HeapMem_Module__gateObj__C                         
c22ca0e4  ti_sysbios_heaps_HeapMem_Object__count__C                           
c22ca0f4  ti_sysbios_heaps_HeapMem_Object__table__C                           
c22ca104  ti_sysbios_heaps_HeapMem_reqAlign__C                                
c22ca114  ti_sysbios_knl_Clock_A_badThreadType__C                             
c22ca134  ti_sysbios_knl_Clock_LM_begin__C                                    
c22ca150  ti_sysbios_knl_Idle_coreList__C                                     
c22ca158  ti_sysbios_knl_Idle_funcList__C                                     
c22ca160  ti_sysbios_knl_Task_hooks__C                                        
c22ca168  xdc_runtime_Startup_firstFxns__A                                    
c22ca170  xdc_runtime_Startup_firstFxns__C                                    
c22ca178  xdc_runtime_Startup_lastFxns__C                                     
c22ca184  ti_sysbios_knl_Clock_LM_tick__C                                     
c22ca18c  ti_sysbios_knl_Clock_LW_delayed__C                                  
c22ca190  _lv_bpp2_opa_table                                                  
c22ca194  ti_sysbios_knl_Clock_Module_State_clockQ__O                         
c22ca198  ti_sysbios_knl_Clock_Module__diagsEnabled__C                        
c22ca19c  ti_sysbios_knl_Clock_Module__diagsIncluded__C                       
c22ca1a0  ti_sysbios_knl_Clock_Module__diagsMask__C                           
c22ca1a4  ti_sysbios_knl_Clock_Module__loggerFxn1__C                          
c22ca1a8  ti_sysbios_knl_Clock_Module__loggerFxn2__C                          
c22ca1ac  ti_sysbios_knl_Clock_Module__loggerObj__C                           
c22ca1b0  ti_sysbios_knl_Clock_tickMode__C                                    
c22ca1b4  ti_sysbios_knl_Clock_tickSource__C                                  
c22ca1b8  ti_sysbios_knl_Idle_coreList__A                                     
c22ca1bc  ti_sysbios_knl_Semaphore_A_badContext__C                            
c22ca1c0  ti_sysbios_knl_Idle_funcList__A                                     
c22ca1c4  ti_sysbios_knl_Semaphore_A_noEvents__C                              
c22ca1c8  ti_sysbios_knl_Semaphore_A_overflow__C                              
c22ca1cc  ti_sysbios_knl_Semaphore_A_pendTaskDisabled__C                      
c22ca1d0  ti_sysbios_knl_Semaphore_Instance_State_pendQ__O                    
c22ca1d4  ti_sysbios_knl_Semaphore_LM_pend__C                                 
c22ca1d8  ti_sysbios_knl_Semaphore_LM_post__C                                 
c22ca1dc  ti_sysbios_knl_Semaphore_Module__diagsEnabled__C                    
c22ca1e0  ti_sysbios_knl_Semaphore_Module__diagsIncluded__C                   
c22ca1e4  ti_sysbios_knl_Semaphore_Module__diagsMask__C                       
c22ca1e8  ti_sysbios_knl_Semaphore_Module__loggerFxn2__C                      
c22ca1ec  ti_sysbios_knl_Semaphore_Module__loggerFxn4__C                      
c22ca1f0  ti_sysbios_knl_Semaphore_Module__loggerObj__C                       
c22ca1f4  ti_sysbios_knl_Swi_LD_end__C                                        
c22ca1f8  ti_sysbios_knl_Swi_LM_begin__C                                      
c22ca1fc  ti_sysbios_knl_Swi_LM_post__C                                       
c22ca200  ti_sysbios_knl_Swi_Module__diagsEnabled__C                          
c22ca204  ti_sysbios_knl_Swi_Module__diagsIncluded__C                         
c22ca208  ti_sysbios_knl_Swi_Module__diagsMask__C                             
c22ca20c  ti_sysbios_knl_Swi_Module__loggerFxn1__C                            
c22ca210  ti_sysbios_knl_Swi_Module__loggerFxn4__C                            
c22ca214  ti_sysbios_knl_Swi_Module__loggerObj__C                             
c22ca218  ti_sysbios_knl_Swi_Object__count__C                                 
c22ca21c  ti_sysbios_knl_Swi_Object__table__C                                 
c22ca220  ti_sysbios_knl_Task_A_badPriority__C                                
c22ca224  ti_sysbios_knl_Task_A_badTaskState__C                               
c22ca228  ti_sysbios_knl_Task_A_badThreadType__C                              
c22ca22c  ti_sysbios_knl_Task_A_badTimeout__C                                 
c22ca230  ti_sysbios_knl_Task_A_noPendElem__C                                 
c22ca234  ti_sysbios_knl_Task_A_sleepTaskDisabled__C                          
c22ca238  ti_sysbios_knl_Task_E_deleteNotAllowed__C                           
c22ca23c  ti_sysbios_knl_Task_E_spOutOfBounds__C                              
c22ca240  ti_sysbios_knl_Task_E_stackOverflow__C                              
c22ca244  ti_sysbios_knl_Task_LD_block__C                                     
c22ca248  ti_sysbios_knl_Task_LD_exit__C                                      
c22ca24c  ti_sysbios_knl_Task_LD_ready__C                                     
c22ca250  ti_sysbios_knl_Task_LM_sleep__C                                     
c22ca254  ti_sysbios_knl_Task_LM_switch__C                                    
c22ca258  ti_sysbios_knl_Task_Module_State_inactiveQ__O                       
c22ca25c  ti_sysbios_knl_Task_Module_State_terminatedQ__O                     
c22ca260  ti_sysbios_knl_Task_Module__diagsEnabled__C                         
c22ca264  ti_sysbios_knl_Task_Module__diagsIncluded__C                        
c22ca268  ti_sysbios_knl_Task_Module__diagsMask__C                            
c22ca26c  ti_sysbios_knl_Task_Module__loggerFxn2__C                           
c22ca270  ti_sysbios_knl_Task_Module__loggerFxn4__C                           
c22ca274  ti_sysbios_knl_Task_Module__loggerObj__C                            
c22ca278  ti_sysbios_knl_Task_Object__count__C                                
c22ca27c  ti_sysbios_knl_Task_Object__heap__C                                 
c22ca280  ti_sysbios_knl_Task_Object__table__C                                
c22ca284  ti_sysbios_knl_Task_allBlockedFunc__C                               
c22ca288  ti_sysbios_knl_Task_defaultStackHeap__C                             
c22ca28c  ti_sysbios_knl_Task_defaultStackSize__C                             
c22ca290  ti_sysbios_knl_Task_numConstructedTasks__C                          
c22ca294  ti_sysbios_knl_Task_numPriorities__C                                
c22ca298  ti_sysbios_timers_timer64_Timer_A_notAvailable__C                   
c22ca29c  ti_sysbios_timers_timer64_Timer_E_cannotSupport__C                  
c22ca2a0  ti_sysbios_timers_timer64_Timer_Module__diagsEnabled__C             
c22ca2a4  ti_sysbios_timers_timer64_Timer_Module__diagsIncluded__C            
c22ca2a8  ti_sysbios_timers_timer64_Timer_Module__diagsMask__C                
c22ca2ac  ti_sysbios_timers_timer64_Timer_anyMask__C                          
c22ca2b0  ti_sysbios_timers_timer64_Timer_freqDivisor__C                      
c22ca2b4  ti_sysbios_timers_timer64_Timer_numLocalTimers__C                   
c22ca2b8  ti_sysbios_timers_timer64_Timer_numTimerDevices__C                  
c22ca2bc  xdc_runtime_Assert_E_assertFailed__C                                
c22ca2c0  xdc_runtime_Core_A_initializedParams__C                             
c22ca2c4  xdc_runtime_Core_Module__diagsEnabled__C                            
c22ca2c8  xdc_runtime_Core_Module__diagsIncluded__C                           
c22ca2cc  xdc_runtime_Core_Module__diagsMask__C                               
c22ca2d0  xdc_runtime_Error_E_memory__C                                       
c22ca2d4  xdc_runtime_Error_Module__diagsEnabled__C                           
c22ca2d8  xdc_runtime_Error_Module__diagsIncluded__C                          
c22ca2dc  xdc_runtime_Error_Module__diagsMask__C                              
c22ca2e0  xdc_runtime_Error_Module__loggerFxn8__C                             
c22ca2e4  xdc_runtime_Error_Module__loggerObj__C                              
c22ca2e8  xdc_runtime_Error_policy__C                                         
c22ca2ec  xdc_runtime_Error_raiseHook__C                                      
c22ca2f0  xdc_runtime_IGateProvider_Interface__BASE__C                        
c22ca2f4  xdc_runtime_IHeap_Interface__BASE__C                                
c22ca2f8  xdc_runtime_IModule_Interface__BASE__C                              
c22ca2fc  xdc_runtime_Log_L_error__C                                          
c22ca300  xdc_runtime_Memory_defaultHeapInstance__C                           
c22ca304  xdc_runtime_Startup_execImpl__C                                     
c22ca308  xdc_runtime_Startup_lastFxns__A                                     
c22ca30c  xdc_runtime_Startup_maxPasses__C                                    
c22ca310  xdc_runtime_Startup_sfxnRts__C                                      
c22ca314  xdc_runtime_Startup_sfxnTab__C                                      
c22ca318  xdc_runtime_Startup_startModsFxn__C                                 
c22ca31c  xdc_runtime_SysMin_bufSize__C                                       
c22ca320  xdc_runtime_SysMin_outputFunc__C                                    
c22ca324  xdc_runtime_System_Module__gateObj__C                               
c22ca328  xdc_runtime_System_extendFxn__C                                     
c22ca32c  xdc_runtime_System_maxAtexitHandlers__C                             
c22ca330  xdc_runtime_Text_charTab__C                                         
c22ca334  xdc_runtime_Text_nameEmpty__C                                       
c22ca338  xdc_runtime_Text_nameStatic__C                                      
c22ca33c  xdc_runtime_Text_nameUnknown__C                                     
c22ca340  xdc_runtime_Text_nodeTab__C                                         
c22ca344  xdc_runtime_Text_visitRopeFxn__C                                    
c22ca358  _lv_bpp1_opa_table                                                  
c22ca360  ti_sysbios_knl_Swi_Module_State_0_readyQ__A                         
c22ca3e0  ti_sysbios_knl_Task_Module_State_0_readyQ__A                        
c22ca460  ti_sysbios_family_c64p_Hwi_Module__state__V                         
c22ca4c8  ti_sysbios_timers_timer64_Timer_Module_State_0_device__A            
c22ca528  TSK_idle                                                            
c22ca528  ti_sysbios_knl_Task_Object__table__V                                
c22ca574  _lock                                                               
c22ca578  ti_sysbios_timers_timer64_Timer_Object__table__V                    
c22ca5c4  ti_sysbios_knl_Task_Module__state__V                                
c22ca608  ti_sysbios_gates_GateMutex_Object__table__V                         
c22ca678  ti_sysbios_family_c64p_Exception_Module__state__V                   
c22ca6a8  ti_sysbios_knl_Swi_Object__table__V                                 
c22ca6d8  ti_sysbios_knl_Clock_Module__state__V                               
c22ca724  _unlock                                                             
c22ca750  palette_32b                                                         
c22ca770  ti_sysbios_BIOS_Module__state__V                                    
c22ca790  ti_sysbios_timers_timer64_Timer_Module_State_0_gctrl__A             
c22ca7b0  ti_sysbios_timers_timer64_Timer_Module_State_0_handles__A           
c22ca7d0  ti_sysbios_timers_timer64_Timer_Module_State_0_intFreqs__A          
c22ca7f0  xdc_runtime_System_Module_State_0_atexitHandlers__A                 
c22ca82c  ti_sysbios_family_c64p_Cache_Module__state__V                       
c22ca84c  ti_sysbios_knl_Swi_Module__state__V                                 
c22ca868  ti_sysbios_family_c64p_Hwi_Object__table__V                         
c22ca880  ti_sysbios_heaps_HeapMem_Object__table__V                           
c22ca8ac  ti_sysbios_timers_timer64_Timer_Module__state__V                    
c22ca8c0  __TI_cleanup_ptr                                                    
c22ca8c4  __TI_dtors_ptr                                                      
c22ca8c8  __TI_enable_exit_profile_output                                     
c22ca8cc  xdc_runtime_SysMin_Module__state__V                                 
c22ca8d8  xdc_runtime_System_Module__state__V                                 
c22ca8e4  ti_sysbios_family_c64p_Hwi_Module__root__V                          
c22ca8ec  ti_sysbios_family_c64p_primus_TimerSupport_Module__state__V         
c22ca8f0  ti_sysbios_family_c64p_primus_TimerSupport_Module_State_0_suspSrc__A
c22ca8f8  ti_sysbios_gates_GateHwi_Module__root__V                            
c22ca900  ti_sysbios_gates_GateMutex_Module__root__V                          
c22ca908  ti_sysbios_hal_Hwi_Module__root__V                                  
c22ca910  ti_sysbios_hal_Hwi_Object__table__V                                 
c22ca918  ti_sysbios_hal_Timer_Object__table__V                               
c22ca920  ti_sysbios_heaps_HeapMem_Module__root__V                            
c22ca928  ti_sysbios_knl_Clock_Module__root__V                                
c22ca930  ti_sysbios_knl_Queue_Module__root__V                                
c22ca938  ti_sysbios_knl_Semaphore_Module__root__V                            
c22ca940  ti_sysbios_knl_Task_Module__root__V                                 
c22ca948  xdc_runtime_Registry_Module__state__V                               
c22ca950  xdc_runtime_Startup_Module__state__V                                
c22ca958  ti_sysbios_gates_GateHwi_Object__table__V                           
c22ca95c  xdc_runtime_Memory_Module__state__V                                 
c22ca960  ti_sysbios_knl_Task_Module_State_0_idleTask__A                      
c22ca96a  xdc_runtime_Error_Module__state__V                                  
c22cae34  __TI_STATIC_BASE                                                    
c22cae8c  LV_LAYOUT_FLEX                                                      
c22cae90  LV_LAYOUT_GRID                                                      
c22cae94  LV_STYLE_FLEX_CROSS_PLACE                                           
c22cae98  LV_STYLE_FLEX_FLOW                                                  
c22cae9c  LV_STYLE_FLEX_GROW                                                  
c22caea0  LV_STYLE_FLEX_MAIN_PLACE                                            
c22caea4  LV_STYLE_FLEX_TRACK_PLACE                                           
c22caea8  LV_STYLE_GRID_CELL_COLUMN_POS                                       
c22caeac  LV_STYLE_GRID_CELL_COLUMN_SPAN                                      
c22caeb0  LV_STYLE_GRID_CELL_ROW_POS                                          
c22caeb4  LV_STYLE_GRID_CELL_ROW_SPAN                                         
c22caeb8  LV_STYLE_GRID_CELL_X_ALIGN                                          
c22caebc  LV_STYLE_GRID_CELL_Y_ALIGN                                          
c22caec0  LV_STYLE_GRID_COLUMN_ALIGN                                          
c22caec4  LV_STYLE_GRID_COLUMN_DSC_ARRAY                                      
c22caec8  LV_STYLE_GRID_ROW_ALIGN                                             
c22caecc  LV_STYLE_GRID_ROW_DSC_ARRAY                                         
c22caed0  _lv_grad_cache_mem                                                  
c22caed4  _lv_layout_list                                                     
c22caed8  _lv_theme_basic_styles                                              
c22caedc  _lv_theme_default_styles                                            
c22caee0  _lv_timer_act                                                       
c22caee4  indev_touchpad                                                      
c22caef0  _lv_txt_encoded_size                                                
c22caef4  _lv_txt_unicode_to_encoded                                          
c22caef8  _lv_txt_encoded_conv_wc                                             
c22caefc  _lv_txt_encoded_next                                                
c22caf00  _lv_txt_encoded_prev                                                
c22caf04  _lv_txt_encoded_get_byte_id                                         
c22caf08  _lv_txt_encoded_get_char_id                                         
c22caf0c  _lv_txt_get_encoded_length                                          
c22cb000  ti_sysbios_family_c64p_Hwi0                                         
c22cb000  ti_sysbios_family_c64p_Hwi_int0                                     
c22cb020  ti_sysbios_family_c64p_Hwi_int1                                     
c22cb040  ti_sysbios_family_c64p_Hwi_int2                                     
c22cb060  ti_sysbios_family_c64p_Hwi_int3                                     
c22cb080  ti_sysbios_family_c64p_Hwi_int4                                     
c22cb0a0  ti_sysbios_family_c64p_Hwi_int5                                     
c22cb0c0  ti_sysbios_family_c64p_Hwi_int6                                     
c22cb0e0  ti_sysbios_family_c64p_Hwi_int7                                     
c22cb100  ti_sysbios_family_c64p_Hwi_int8                                     
c22cb120  ti_sysbios_family_c64p_Hwi_int9                                     
c22cb140  ti_sysbios_family_c64p_Hwi_int10                                    
c22cb160  ti_sysbios_family_c64p_Hwi_int11                                    
c22cb180  ti_sysbios_family_c64p_Hwi_int12                                    
c22cb1a0  ti_sysbios_family_c64p_Hwi_int13                                    
c22cb1c0  ti_sysbios_family_c64p_Hwi_int14                                    
c22cb1e0  ti_sysbios_family_c64p_Hwi_int15                                    
c22cb200  __CIOBUF_                                                           
c22cb7d4  __TI_Handler_Table_Base                                             
c22cb7dc  __TI_Handler_Table_Limit                                            
c22cb7e0  __TI_CINIT_Base                                                     
c22cb808  __TI_CINIT_Limit                                                    
ffffffff  __TI_pprof_out_hndl                                                 
ffffffff  __TI_prof_data_size                                                 
ffffffff  __TI_prof_data_start                                                
ffffffff  __binit__                                                           
ffffffff  __c_args__                                                          
ffffffff  binit                                                               
UNDEFED   __TI_INITARRAY_Base                                                 
UNDEFED   __TI_INITARRAY_Limit                                                

[1913 symbols]
