******************************************************************************
               TMS320C6x Linker PC v8.3.12                     
******************************************************************************
>> Linked Wed Apr 27 10:51:19 2022

OUTPUT FILE NAME:   <Swi_Static.out>
ENTRY POINT SYMBOL: "_c_int00"  address: c0009240


MEMORY CONFIGURATION

         name            origin    length      used     unused   attr    fill
----------------------  --------  ---------  --------  --------  ----  --------
  DSPL2RAM              00800000   00040000  00001000  0003f000  RW  
  SHRAM                 80000000   00020000  00000000  00020000  RW X
  DDR2                  c0000000   08000000  00012214  07feddec  RW X


SEGMENT ALLOCATION MAP

run origin  load origin   length   init length attrs members
----------  ----------- ---------- ----------- ----- -------
00800000    00800000    00001000   00000000    rw-
  00800000    00800000    00001000   00000000    rw- .stack
c0000000    c0000000    0000c640   0000c640    r-x
  c0000000    c0000000    0000c640   0000c640    r-x .text
c000c640    c000c640    00002c0c   00000000    rw-
  c000c640    c000c640    00002c0c   00000000    rw- .far
c000f250    c000f250    00002314   00002314    r--
  c000f250    c000f250    00002314   00002314    r-- .const
c0011568    c0011568    0000057c   00000000    rw-
  c0011568    c0011568    0000057c   00000000    rw- .fardata
c0011ae4    c0011ae4    00000010   00000010    r--
  c0011ae4    c0011ae4    00000010   00000010    r-- .switch
c0011af4    c0011af4    00000001   00000000    rw-
  c0011af4    c0011af4    00000001   00000000    rw- .neardata
c0011af8    c0011af8    00000004   00000000    r--
  c0011af8    c0011af8    00000004   00000000    r-- .rodata
c0011c00    c0011c00    00000200   00000200    r-x
  c0011c00    c0011c00    00000200   00000200    r-x .vecs
c0011e00    c0011e00    00000120   00000000    rw-
  c0011e00    c0011e00    00000120   00000000    rw- .cio
c0011f20    c0011f20    00000400   00000400    r--
  c0011f20    c0011f20    00000400   00000400    r-- .cinit


SECTION ALLOCATION MAP

 output                                  attributes/
section   page    origin      length       input sections
--------  ----  ----------  ----------   ----------------
.stack     0    00800000    00001000     UNINITIALIZED
                  00800000    00000008     boot.ae674 : boot.oe674 (.stack)
                  00800008    00000ff8     --HOLE--

.bss       0    c0011af4    00000000     UNINITIALIZED

.neardata 
*          0    c0011af4    00000001     UNINITIALIZED
                  c0011af4    00000001     main.obj (.neardata)

.rodata    0    c0011af8    00000004     UNINITIALIZED
                  c0011af8    00000004     Local_pe674.oe674 (.rodata)

.cinit     0    c0011f20    00000400     
                  c0011f20    000003ba     (.cinit..fardata.load) [load image, compression = rle]
                  c00122da    0000000b     (.cinit..far.load) [load image, compression = rle]
                  c00122e5    0000000a     (.cinit..rodata.load) [load image, compression = rle]
                  c00122ef    00000001     --HOLE-- [fill = 0]
                  c00122f0    00000008     (__TI_handler_table)
                  c00122f8    00000007     (.cinit..neardata.load) [load image, compression = rle]
                  c00122ff    00000001     --HOLE-- [fill = 0]
                  c0012300    00000020     (__TI_cinit_table)

.init_array 
*          0    c0000000    00000000     UNINITIALIZED

.vecs      0    c0011c00    00000200     
                  c0011c00    00000200     Local_pe674.oe674 (.vecs)

xdc.meta   0    c0000000    00000100     COPY SECTION
                  c0000000    00000100     Local_pe674.oe674 (xdc.meta)

.text      0    c0000000    0000c640     
                  c0000000    000008a0     sysbios.ae674 : BIOS.obj (.text:ti_sysbios_family_c64p_Exception_handler__I)
                  c00008a0    000008a0     ti.targets.rts6000.ae674 : System.oe674 (.text:xdc_runtime_System_doPrint__I)
                  c0001140    000006e0     sysbios.ae674 : BIOS.obj (.text:ti_sysbios_knl_Semaphore_pend__E)
                  c0001820    00000600                   : BIOS.obj (.text:ti_sysbios_heaps_HeapMem_alloc__E)
                  c0001e20    000005e0                   : BIOS.obj (.text:ti_sysbios_heaps_HeapMem_free__E)
                  c0002400    000005c0     drivers.lib : gpio.obj (.text)
                  c00029c0    000005a0     sysbios.ae674 : BIOS.obj (.text:ti_sysbios_timers_timer64_Timer_Module_startup__F)
                  c0002f60    00000340     Local_pe674.oe674 (.text:xdc_runtime_System_printfExtend__I)
                  c00032a0    000002e0     sysbios.ae674 : BIOS.obj (.text:ti_sysbios_heaps_HeapMem_Instance_init__F)
                  c0003580    000002e0                   : BIOS.obj (.text:ti_sysbios_knl_Task_exit__E)
                  c0003860    000002a0                   : BIOS.obj (.text:ti_sysbios_knl_Clock_workFunc__E)
                  c0003b00    000002a0                   : BIOS.obj (.text:ti_sysbios_timers_timer64_Timer_deviceConfig__I)
                  c0003da0    00000280                   : BIOS.obj (.text:ti_sysbios_family_c64p_Cache_Module_startup__F)
                  c0004020    00000280     ti.targets.rts6000.ae674 : Error.oe674 (.text:xdc_runtime_Error_raiseX__F)
                  c00042a0    00000260     rts6740_elf.lib : imath64.c.obj (.text:__c6xabi_divull)
                  c0004500    00000260     sysbios.ae674 : BIOS.obj (.text:ti_sysbios_family_c64p_Exception_internalHandler__I)
                  c0004760    00000260                   : BIOS.obj (.text:ti_sysbios_family_c64p_Hwi_dispatchCore__I)
                  c00049c0    00000260                   : BIOS.obj (.text:ti_sysbios_knl_Semaphore_post__E)
                  c0004c20    00000260     ti.targets.rts6000.ae674 : Startup.oe674 (.text:xdc_runtime_Startup_startMods__I)
                  c0004e80    00000240     sysbios.ae674 : BIOS.obj (.text:ti_sysbios_knl_Swi_run__I)
                  c00050c0    00000220                   : BIOS.obj (.text:ti_sysbios_knl_Task_schedule__I)
                  c00052e0    00000220                   : BIOS.obj (.text:ti_sysbios_knl_Task_startCore__E)
                  c0005500    00000220     ti.targets.rts6000.ae674 : Core-mem.oe674 (.text:xdc_runtime_Core_createObject__I)
                  c0005720    00000200     LED.obj (.text)
                  c0005920    00000200     sysbios.ae674 : c64p_Hwi_disp_always.obj (.text:_ti_sysbios_family_c64p_Hwi_dispatchAlways)
                  c0005b20    00000200                   : BIOS.obj (.text:ti_sysbios_family_c64p_Exception_decodeMpfsr__I)
                  c0005d20    000001e0                   : BIOS.obj (.text:ti_sysbios_family_c64p_Exception_externalHandler__I)
                  c0005f00    000001e0                   : BIOS.obj (.text:ti_sysbios_knl_Task_checkStacks__E)
                  c00060e0    000001e0                   : BIOS.obj (.text:ti_sysbios_knl_Task_postInit__I)
                  c00062c0    000001e0                   : BIOS.obj (.text:ti_sysbios_timers_timer64_Timer_getFreq__E)
                  c00064a0    000001c0                   : BIOS.obj (.text:ti_sysbios_gates_GateMutex_enter__E)
                  c0006660    000001c0                   : BIOS.obj (.text:ti_sysbios_timers_timer64_Timer_setPeriodMicroSecs__E)
                  c0006820    000001c0     ti.targets.rts6000.ae674 : Text.oe674 (.text:xdc_runtime_Text_putSite__F)
                  c00069e0    000001a0     sysbios.ae674 : BIOS.obj (.text:ti_sysbios_timers_timer64_Timer_start__E)
                  c0006b80    00000180                   : c64p_Exception_asm.obj (.text)
                  c0006d00    00000180                   : BIOS.obj (.text:ti_sysbios_knl_Task_unblockI__E)
                  c0006e80    00000160     drivers.lib : psc.obj (.text)
                  c0006fe0    00000160     sysbios.ae674 : BIOS.obj (.text:ti_sysbios_knl_Swi_post__E)
                  c0007140    00000140     boot.ae674 : autoinit.oe674 (.text:_auto_init_elf)
                  c0007280    00000140     sysbios.ae674 : BIOS.obj (.text:ti_sysbios_family_c64p_Hwi_Module_startup__F)
                  c00073c0    00000140                   : BIOS.obj (.text:ti_sysbios_knl_Semaphore_Instance_init__F)
                  c0007500    00000140                   : BIOS.obj (.text:ti_sysbios_knl_Task_Module_startup__F)
                  c0007640    00000140                   : BIOS.obj (.text:ti_sysbios_knl_Task_blockI__E)
                  c0007780    00000140     ti.targets.rts6000.ae674 : Text.oe674 (.text:xdc_runtime_Text_putLab__F)
                  c00078c0    00000120     sysbios.ae674 : BIOS.obj (.text:ti_sysbios_BIOS_rtsUnlock__I)
                  c00079e0    00000120                   : BIOS.obj (.text:ti_sysbios_family_c64p_Exception_Module_startup__F)
                  c0007b00    00000120                   : BIOS.obj (.text:ti_sysbios_knl_Clock_startI__E)
                  c0007c20    00000120     ti.targets.rts6000.ae674 : Text.oe674 (.text:xdc_runtime_Text_putMod__F)
                  c0007d40    00000100     rts6740_elf.lib : copy_decompress_rle.c.obj (.text:__TI_decompress_rle_core)
                  c0007e40    00000100     sysbios.ae674 : BIOS.obj (.text:ti_sysbios_knl_Swi_restoreHwi__E)
                  c0007f40    00000100                   : BIOS.obj (.text:ti_sysbios_timers_timer64_Timer_initDevice__I)
                  c0008040    00000100     ti.targets.rts6000.ae674 : Core-mem.oe674 (.text:xdc_runtime_Core_deleteObject__I)
                  c0008140    00000100                              : Startup.oe674 (.text:xdc_runtime_Startup_exec__F)
                  c0008240    00000100                              : Text.oe674 (.text:xdc_runtime_Text_visitRope2__I)
                  c0008340    000000e0     rts6740_elf.lib : hostwrite.c.obj (.text:HOSTwrite)
                  c0008420    000000e0                     : exit.c.obj (.text:exit)
                  c0008500    000000e0     main.obj (.text)
                  c00085e0    000000e0     rts6740_elf.lib : memset.c.obj (.text:memset)
                  c00086c0    000000e0     sysbios.ae674 : BIOS.obj (.text:ti_sysbios_BIOS_errorRaiseHook__I)
                  c00087a0    000000e0     ti.targets.rts6000.ae674 : Error.oe674 (.text:xdc_runtime_Error_print__F)
                  c0008880    000000e0                              : Memory.oe674 (.text:xdc_runtime_Memory_alloc__F)
                  c0008960    000000c0     KEY.obj (.text)
                  c0008a20    000000c0     rts6740_elf.lib : dtor_list.c.obj (.text:_Z23__finalize_destructionsPP20a_needed_destructionPv)
                  c0008ae0    000000c0                     : dtor_list.c.obj (.text:_ZN33_INTERNAL_11_dtor_list_c_14e673d611__TI_atexitEPFYvPvES0_S0_)
                  c0008ba0    000000c0                     : divu.asm.obj (.text:__divu)
                  c0008c60    000000c0     sysbios.ae674 : BIOS.obj (.text:ti_sysbios_heaps_HeapMem_getStats__E)
                  c0008d20    000000c0                   : BIOS.obj (.text:ti_sysbios_knl_Clock_logTick__E)
                  c0008de0    000000c0                   : BIOS.obj (.text:ti_sysbios_knl_Swi_runLoop__I)
                  c0008ea0    000000c0                   : BIOS.obj (.text:ti_sysbios_knl_Swi_schedule__I)
                  c0008f60    000000c0                   : BIOS.obj (.text:ti_sysbios_knl_Task_allBlockedFunction__I)
                  c0009020    000000c0                   : BIOS.obj (.text:ti_sysbios_timers_timer64_Timer_startup__E)
                  c00090e0    000000c0     ti.targets.rts6000.ae674 : System.oe674 (.text:xdc_runtime_System_formatNum__I)
                  c00091a0    000000a0     rts6740_elf.lib : remu.asm.obj (.text:__remu)
                  c0009240    000000a0     boot.ae674 : boot.oe674 (.text:_c_int00)
                  c00092e0    000000a0     rts6740_elf.lib : memcpy64.asm.obj (.text:memcpy)
                  c0009380    000000a0     sysbios.ae674 : BIOS.obj (.text:ti_sysbios_family_c64p_Hwi_dispatchC__I)
                  c0009420    000000a0                   : BIOS.obj (.text:ti_sysbios_family_c64p_Hwi_getStackInfo__E)
                  c00094c0    000000a0                   : BIOS.obj (.text:ti_sysbios_heaps_HeapMem_init__I)
                  c0009560    000000a0                   : BIOS.obj (.text:ti_sysbios_knl_Idle_run__E)
                  c0009600    000000a0     Local_pe674.oe674 (.text:ti_sysbios_knl_Semaphore_Object__create__S)
                  c00096a0    000000a0     sysbios.ae674 : BIOS.obj (.text:ti_sysbios_knl_Semaphore_pendTimeout__I)
                  c0009740    000000a0                   : BIOS.obj (.text:ti_sysbios_timers_timer64_Timer_stop__E)
                  c00097e0    000000a0     ti.targets.rts6000.ae674 : Assert.oe674 (.text:xdc_runtime_Assert_raise__I)
                  c0009880    000000a0                              : SysMin.oe674 (.text:xdc_runtime_SysMin_abort__F)
                  c0009920    000000a0                              : SysMin.oe674 (.text:xdc_runtime_SysMin_flush__F)
                  c00099c0    000000a0                              : SysMin.oe674 (.text:xdc_runtime_SysMin_putch__F)
                  c0009a60    000000a0                              : Text.oe674 (.text:xdc_runtime_Text_xprintf__I)
                  c0009b00    00000080     rts6740_elf.lib : trgmsg.c.obj (.text:__TI_readmsg)
                  c0009b80    00000080                     : llshift.c.obj (.text:__c6xabi_llshl)
                  c0009c00    00000080     sysbios.ae674 : c62_TaskSupport_asm.obj (.text:_ti_sysbios_family_c62_TaskSupport_swap__E)
                  c0009c80    00000080     Local_pe674.oe674 (.text:ti_sysbios_gates_GateHwi_Object__create__S)
                  c0009d00    00000080     Local_pe674.oe674 (.text:ti_sysbios_gates_GateMutex_Object__create__S)
                  c0009d80    00000080     sysbios.ae674 : BIOS.obj (.text:ti_sysbios_hal_Hwi_checkStack:ti_sysbios_hal_Hwi_checkStack)
                  c0009e00    00000080                   : BIOS.obj (.text:ti_sysbios_hal_Hwi_initStack:ti_sysbios_hal_Hwi_initStack)
                  c0009e80    00000080     Local_pe674.oe674 (.text:ti_sysbios_heaps_HeapMem_Object__create__S)
                  c0009f00    00000080     sysbios.ae674 : BIOS.obj (.text:ti_sysbios_knl_Clock_Module_startup__F)
                  c0009f80    00000080                   : BIOS.obj (.text:ti_sysbios_knl_Clock_getTicks__E)
                  c000a000    00000080     Local_pe674.oe674 (.text:ti_sysbios_knl_Queue_Object__create__S)
                  c000a080    00000080     sysbios.ae674 : BIOS.obj (.text:ti_sysbios_knl_Swi_startup__E)
                  c000a100    00000080                   : BIOS.obj (.text:ti_sysbios_knl_Task_restore__E)
                  c000a180    00000080                   : BIOS.obj (.text:ti_sysbios_timers_timer64_Timer_getCount__E)
                  c000a200    00000080                   : BIOS.obj (.text:ti_sysbios_timers_timer64_Timer_getPeriod__E)
                  c000a280    00000080     ti.targets.rts6000.ae674 : Core-label.oe674 (.text:xdc_runtime_Core_assignLabel__I)
                  c000a300    00000080                              : Core-params.oe674 (.text:xdc_runtime_Core_assignParams__I)
                  c000a380    00000080                              : System.oe674 (.text:xdc_runtime_System_atexit__F)
                  c000a400    00000080                              : System.oe674 (.text:xdc_runtime_System_putchar__I)
                  c000a480    00000080                              : System.oe674 (.text:xdc_runtime_System_rtsExit__I)
                  c000a500    00000080                              : Text.oe674 (.text:xdc_runtime_Text_printVisFxn__I)
                  c000a580    00000060     rts6740_elf.lib : trgmsg.c.obj (.text:__TI_writemsg)
                  c000a5e0    00000060                     : llshift.c.obj (.text:__c6xabi_llshru)
                  c000a640    00000060                     : imath64.c.obj (.text:_subcull)
                  c000a6a0    00000060     sysbios.ae674 : c64p_Hwi_asm_switch.obj (.text:_ti_sysbios_family_c64p_Hwi_switchAndDispatch__I)
                  c000a700    00000060                   : c64p_Hwi_asm_switch.obj (.text:_ti_sysbios_family_xxx_Hwi_switchAndRunFunc)
                  c000a760    00000060     Local_pe674.oe674 (.text:malloc)
                  c000a7c0    00000060     Local_pe674.oe674 (.text:ti_sysbios_BIOS_exitFunc__I)
                  c000a820    00000060     sysbios.ae674 : BIOS.obj (.text:ti_sysbios_BIOS_registerRTSLock__I)
                  c000a880    00000060                   : BIOS.obj (.text:ti_sysbios_BIOS_rtsLock__I)
                  c000a8e0    00000060                   : BIOS.obj (.text:ti_sysbios_family_c62_TaskSupport_start__E)
                  c000a940    00000060                   : BIOS.obj (.text:ti_sysbios_family_c64p_Cache_setMar__E)
                  c000a9a0    00000060                   : BIOS.obj (.text:ti_sysbios_gates_GateMutex_Instance_init__F)
                  c000aa00    00000060     Local_pe674.oe674 (.text:ti_sysbios_heaps_HeapMem_Object__get__S)
                  c000aa60    00000060     Local_pe674.oe674 (.text:ti_sysbios_knl_Clock_doTick__I)
                  c000aac0    00000060     sysbios.ae674 : BIOS.obj (.text:ti_sysbios_knl_Swi_Module_startup__F)
                  c000ab20    00000060     Local_pe674.oe674 (.text:ti_sysbios_knl_Task_Object__get__S)
                  c000ab80    00000060     sysbios.ae674 : BIOS.obj (.text:ti_sysbios_knl_Task_enter__I)
                  c000abe0    00000060     Local_pe674.oe674 (.text:xdc_runtime_Error_raiseX__E)
                  c000ac40    00000060     ti.targets.rts6000.ae674 : Memory.oe674 (.text:xdc_runtime_Memory_calloc__F)
                  c000aca0    00000060                              : SysMin.oe674 (.text:xdc_runtime_SysMin_Module_startup__F)
                  c000ad00    00000060                              : SysMin.oe674 (.text:xdc_runtime_SysMin_exit__F)
                  c000ad60    00000060     Local_pe674.oe674 (.text:xdc_runtime_SysMin_output__I)
                  c000adc0    00000060     ti.targets.rts6000.ae674 : System.oe674 (.text:xdc_runtime_System_avprintf__F)
                  c000ae20    00000060                              : System.oe674 (.text:xdc_runtime_System_vprintf__F)
                  c000ae80    00000060                              : Text.oe674 (.text:xdc_runtime_Text_cordText__F)
                  c000aee0    00000040     rts6740_elf.lib : args_main.c.obj (.text:_args_main)
                  c000af20    00000040     sysbios.ae674 : c62_TaskSupport_asm.obj (.text:_ti_sysbios_family_c62_TaskSupport_buildTaskStack)
                  c000af60    00000040                   : c64p_Hwi_asm_switch.obj (.text:_ti_sysbios_family_xxx_Hwi_switchToIsrStack)
                  c000afa0    00000040     Local_pe674.oe674 (.text:free)
                  c000afe0    00000040     Local_pe674.oe674 (.text:ti_sysbios_BIOS_startFunc__I)
                  c000b020    00000040     Local_pe674.oe674 (.text:ti_sysbios_family_c64p_Hwi_Module__startupDone__F)
                  c000b060    00000040     sysbios.ae674 : BIOS.obj (.text:ti_sysbios_family_c64p_Hwi_disableInterrupt__E)
                  c000b0a0    00000040                   : BIOS.obj (.text:ti_sysbios_family_c64p_Hwi_enableInterrupt__E)
                  c000b0e0    00000040                   : BIOS.obj (.text:ti_sysbios_family_c64p_primus_TimerSupport_enable__E)
                  c000b120    00000040     Local_pe674.oe674 (.text:ti_sysbios_gates_GateHwi_Handle__label__S)
                  c000b160    00000040     Local_pe674.oe674 (.text:ti_sysbios_gates_GateHwi_Object__delete__S)
                  c000b1a0    00000040     Local_pe674.oe674 (.text:ti_sysbios_gates_GateMutex_Handle__label__S)
                  c000b1e0    00000040     Local_pe674.oe674 (.text:ti_sysbios_gates_GateMutex_Object__delete__S)
                  c000b220    00000040     sysbios.ae674 : BIOS.obj (.text:ti_sysbios_gates_GateMutex_leave__E)
                  c000b260    00000040     Local_pe674.oe674 (.text:ti_sysbios_hal_Hwi_HwiProxy_getStackInfo__E)
                  c000b2a0    00000040     Local_pe674.oe674 (.text:ti_sysbios_hal_Timer_Module__startupDone__F)
                  c000b2e0    00000040     Local_pe674.oe674 (.text:ti_sysbios_heaps_HeapMem_Handle__label__S)
                  c000b320    00000040     Local_pe674.oe674 (.text:ti_sysbios_heaps_HeapMem_Object__delete__S)
                  c000b360    00000040     Local_pe674.oe674 (.text:ti_sysbios_knl_Clock_Module_State_clockQ)
                  c000b3a0    00000040     Local_pe674.oe674 (.text:ti_sysbios_knl_Queue_Object__destruct__S)
                  c000b3e0    00000040     Local_pe674.oe674 (.text:ti_sysbios_knl_Queue_Object__get__S)
                  c000b420    00000040     Local_pe674.oe674 (.text:ti_sysbios_knl_Semaphore_Object__destruct__S)
                  c000b460    00000040     Local_pe674.oe674 (.text:ti_sysbios_knl_Swi_Object__get__S)
                  c000b4a0    00000040     Local_pe674.oe674 (.text:ti_sysbios_knl_Task_Object__first__S)
                  c000b4e0    00000040     Local_pe674.oe674 (.text:ti_sysbios_knl_Task_Object__next__S)
                  c000b520    00000040     Local_pe674.oe674 (.text:ti_sysbios_timers_timer64_Timer_Module__startupDone__F)
                  c000b560    00000040     ti.targets.rts6000.ae674 : Error.oe674 (.text:xdc_runtime_Error_check__F)
                  c000b5a0    00000040                              : Error.oe674 (.text:xdc_runtime_Error_init__F)
                  c000b5e0    00000040     Local_pe674.oe674 (.text:xdc_runtime_IHeap_alloc)
                  c000b620    00000040     Local_pe674.oe674 (.text:xdc_runtime_IHeap_free)
                  c000b660    00000040     ti.targets.rts6000.ae674 : Memory.oe674 (.text:xdc_runtime_Memory_free__F)
                  c000b6a0    00000040                              : Registry.oe674 (.text:xdc_runtime_Registry_findById__F)
                  c000b6e0    00000040     Local_pe674.oe674 (.text:xdc_runtime_Startup_exec__I)
                  c000b720    00000040     ti.targets.rts6000.ae674 : System.oe674 (.text:xdc_runtime_System_abort__F)
                  c000b760    00000040     Local_pe674.oe674 (.text:xdc_runtime_System_aprintf__E)
                  c000b7a0    00000040     Local_pe674.oe674 (.text:xdc_runtime_System_printf__E)
                  c000b7e0    00000040     ti.targets.rts6000.ae674 : Text.oe674 (.text:xdc_runtime_Text_ropeText__F)
                  c000b820    00000040     Local_pe674.oe674 (.text:xdc_runtime_Text_visitRope__I)
                  c000b860    00000020     rts6740_elf.lib : dtor_list.c.obj (.text:__cxa_ia64_exit)
                  c000b880    00000020                     : _lock.c.obj (.text:_nop)
                  c000b8a0    00000020                     : _lock.c.obj (.text:_register_lock)
                  c000b8c0    00000020                     : _lock.c.obj (.text:_register_unlock)
                  c000b8e0    00000020     sysbios.ae674 : c62_TaskSupport_asm.obj (.text:_ti_sysbios_family_c62_TaskSupport_glue)
                  c000b900    00000020                   : c64p_Hwi_asm_switch.obj (.text:_ti_sysbios_family_xxx_Hwi_switchToTaskStack)
                  c000b920    00000020     rts6740_elf.lib : exit.c.obj (.text:abort)
                  c000b940    00000020                     : dtor_list.c.obj (.text:atexit)
                  c000b960    00000020                     : copy_decompress_none.c.obj (.text:decompress:none:__TI_decompress_none)
                  c000b980    00000020                     : copy_decompress_rle.c.obj (.text:decompress:rle24:__TI_decompress_rle24)
                  c000b9a0    00000020     Local_pe674.oe674 (.text:ti_sysbios_BIOS_RtsGateProxy_enter__E)
                  c000b9c0    00000020     Local_pe674.oe674 (.text:ti_sysbios_BIOS_RtsGateProxy_leave__E)
                  c000b9e0    00000020     sysbios.ae674 : BIOS.obj (.text:ti_sysbios_BIOS_nullFunc__I)
                  c000ba00    00000020                   : BIOS.obj (.text:ti_sysbios_BIOS_setThreadType__E)
                  c000ba20    00000020                   : BIOS.obj (.text:ti_sysbios_BIOS_start__E)
                  c000ba40    00000020     Local_pe674.oe674 (.text:ti_sysbios_family_c62_TaskSupport_Module__startupDone__S)
                  c000ba60    00000020     sysbios.ae674 : BIOS.obj (.text:ti_sysbios_family_c62_TaskSupport_checkStack__E)
                  c000ba80    00000020     Local_pe674.oe674 (.text:ti_sysbios_family_c64p_Cache_Module_startup__E)
                  c000baa0    00000020     Local_pe674.oe674 (.text:ti_sysbios_family_c64p_Exception_Module_startup__E)
                  c000bac0    00000020     Local_pe674.oe674 (.text:ti_sysbios_family_c64p_Hwi_Module__startupDone__S)
                  c000bae0    00000020     Local_pe674.oe674 (.text:ti_sysbios_family_c64p_Hwi_Module_startup__E)
                  c000bb00    00000020     sysbios.ae674 : BIOS.obj (.text:ti_sysbios_family_c64p_Hwi_clearInterrupt__E)
                  c000bb20    00000020                   : BIOS.obj (.text:ti_sysbios_family_c64p_Hwi_startup__E)
                  c000bb40    00000020                   : BIOS.obj (.text:ti_sysbios_family_c64p_Hwi_switchFromBootStack__E)
                  c000bb60    00000020                   : BIOS.obj (.text:ti_sysbios_gates_GateHwi_Instance_init__F)
                  c000bb80    00000020                   : BIOS.obj (.text:ti_sysbios_gates_GateHwi_enter__E)
                  c000bba0    00000020                   : BIOS.obj (.text:ti_sysbios_gates_GateHwi_leave__E)
                  c000bbc0    00000020     Local_pe674.oe674 (.text:ti_sysbios_gates_GateHwi_query__E)
                  c000bbe0    00000020     sysbios.ae674 : BIOS.obj (.text:ti_sysbios_gates_GateHwi_query__F)
                  c000bc00    00000020                   : BIOS.obj (.text:ti_sysbios_gates_GateMutex_Instance_finalize__F)
                  c000bc20    00000020     Local_pe674.oe674 (.text:ti_sysbios_gates_GateMutex_query__E)
                  c000bc40    00000020     sysbios.ae674 : BIOS.obj (.text:ti_sysbios_gates_GateMutex_query__F)
                  c000bc60    00000020     Local_pe674.oe674 (.text:ti_sysbios_hal_Hwi_HwiProxy_Module__startupDone__S)
                  c000bc80    00000020     Local_pe674.oe674 (.text:ti_sysbios_hal_Hwi_HwiProxy_clearInterrupt__E)
                  c000bca0    00000020     Local_pe674.oe674 (.text:ti_sysbios_hal_Hwi_HwiProxy_disableInterrupt__E)
                  c000bcc0    00000020     Local_pe674.oe674 (.text:ti_sysbios_hal_Hwi_HwiProxy_enableInterrupt__E)
                  c000bce0    00000020     Local_pe674.oe674 (.text:ti_sysbios_hal_Hwi_HwiProxy_startup__E)
                  c000bd00    00000020     Local_pe674.oe674 (.text:ti_sysbios_hal_Hwi_HwiProxy_switchFromBootStack__E)
                  c000bd20    00000020     Local_pe674.oe674 (.text:ti_sysbios_hal_Hwi_Module_startup__E)
                  c000bd40    00000020     sysbios.ae674 : BIOS.obj (.text:ti_sysbios_hal_Hwi_Module_startup__F)
                  c000bd60    00000020     Local_pe674.oe674 (.text:ti_sysbios_hal_Timer_Module__startupDone__S)
                  c000bd80    00000020     Local_pe674.oe674 (.text:ti_sysbios_hal_Timer_Module_startup__E)
                  c000bda0    00000020     sysbios.ae674 : BIOS.obj (.text:ti_sysbios_hal_Timer_Module_startup__F)
                  c000bdc0    00000020     Local_pe674.oe674 (.text:ti_sysbios_hal_Timer_TimerProxy_Module__startupDone__S)
                  c000bde0    00000020     Local_pe674.oe674 (.text:ti_sysbios_hal_Timer_TimerProxy_getExpiredCounts__E)
                  c000be00    00000020     Local_pe674.oe674 (.text:ti_sysbios_hal_Timer_TimerProxy_getPeriod__E)
                  c000be20    00000020     Local_pe674.oe674 (.text:ti_sysbios_hal_Timer_TimerProxy_setNextTick__E)
                  c000be40    00000020     Local_pe674.oe674 (.text:ti_sysbios_hal_Timer_TimerProxy_startup__E)
                  c000be60    00000020     Local_pe674.oe674 (.text:ti_sysbios_heaps_HeapMem_Module_GateProxy_enter__E)
                  c000be80    00000020     Local_pe674.oe674 (.text:ti_sysbios_heaps_HeapMem_Module_GateProxy_leave__E)
                  c000bea0    00000020     Local_pe674.oe674 (.text:ti_sysbios_heaps_HeapMem_Module_GateProxy_query__E)
                  c000bec0    00000020     sysbios.ae674 : BIOS.obj (.text:ti_sysbios_heaps_HeapMem_isBlocking__E)
                  c000bee0    00000020     Local_pe674.oe674 (.text:ti_sysbios_knl_Clock_Module_startup__E)
                  c000bf00    00000020     sysbios.ae674 : BIOS.obj (.text:ti_sysbios_knl_Idle_loop__E)
                  c000bf20    00000020                   : BIOS.obj (.text:ti_sysbios_knl_Queue_Instance_init__F)
                  c000bf40    00000020                   : BIOS.obj (.text:ti_sysbios_knl_Queue_empty__E)
                  c000bf60    00000020                   : BIOS.obj (.text:ti_sysbios_knl_Semaphore_Instance_finalize__F)
                  c000bf80    00000020     Local_pe674.oe674 (.text:ti_sysbios_knl_Swi_Module_startup__E)
                  c000bfa0    00000020     sysbios.ae674 : BIOS.obj (.text:ti_sysbios_knl_Swi_disable__E)
                  c000bfc0    00000020     Local_pe674.oe674 (.text:ti_sysbios_knl_Task_Module_startup__E)
                  c000bfe0    00000020     Local_pe674.oe674 (.text:ti_sysbios_knl_Task_SupportProxy_Module__startupDone__S)
                  c000c000    00000020     Local_pe674.oe674 (.text:ti_sysbios_knl_Task_SupportProxy_checkStack__E)
                  c000c020    00000020     Local_pe674.oe674 (.text:ti_sysbios_knl_Task_SupportProxy_start__E)
                  c000c040    00000020     Local_pe674.oe674 (.text:ti_sysbios_knl_Task_SupportProxy_swap__E)
                  c000c060    00000020     sysbios.ae674 : BIOS.obj (.text:ti_sysbios_knl_Task_disable__E)
                  c000c080    00000020                   : BIOS.obj (.text:ti_sysbios_knl_Task_startup__E)
                  c000c0a0    00000020     Local_pe674.oe674 (.text:ti_sysbios_timers_timer64_Timer_Module__startupDone__S)
                  c000c0c0    00000020     Local_pe674.oe674 (.text:ti_sysbios_timers_timer64_Timer_Module_startup__E)
                  c000c0e0    00000020     Local_pe674.oe674 (.text:ti_sysbios_timers_timer64_Timer_TimerSupportProxy_enable__E)
                  c000c100    00000020     sysbios.ae674 : BIOS.obj (.text:ti_sysbios_timers_timer64_Timer_setNextTick__E)
                  c000c120    00000020     Local_pe674.oe674 (.text:xdc_iargToPtr)
                  c000c140    00000020     Local_pe674.oe674 (.text:xdc_runtime_Error_check__E)
                  c000c160    00000020     Local_pe674.oe674 (.text:xdc_runtime_Error_init__E)
                  c000c180    00000020     Local_pe674.oe674 (.text:xdc_runtime_Error_print__E)
                  c000c1a0    00000020     Local_pe674.oe674 (.text:xdc_runtime_Gate_enterSystem__E)
                  c000c1c0    00000020     ti.targets.rts6000.ae674 : Gate.oe674 (.text:xdc_runtime_Gate_enterSystem__F)
                  c000c1e0    00000020     Local_pe674.oe674 (.text:xdc_runtime_Gate_leaveSystem__E)
                  c000c200    00000020     ti.targets.rts6000.ae674 : Gate.oe674 (.text:xdc_runtime_Gate_leaveSystem__F)
                  c000c220    00000020     Local_pe674.oe674 (.text:xdc_runtime_Memory_HeapProxy_alloc__E)
                  c000c240    00000020     Local_pe674.oe674 (.text:xdc_runtime_Memory_HeapProxy_free__E)
                  c000c260    00000020     Local_pe674.oe674 (.text:xdc_runtime_Memory_alloc__E)
                  c000c280    00000020     Local_pe674.oe674 (.text:xdc_runtime_Memory_calloc__E)
                  c000c2a0    00000020     Local_pe674.oe674 (.text:xdc_runtime_Memory_free__E)
                  c000c2c0    00000020     Local_pe674.oe674 (.text:xdc_runtime_Registry_findById__E)
                  c000c2e0    00000020     Local_pe674.oe674 (.text:xdc_runtime_Startup_exec__E)
                  c000c300    00000020     Local_pe674.oe674 (.text:xdc_runtime_Startup_reset__I)
                  c000c320    00000020     Local_pe674.oe674 (.text:xdc_runtime_SysMin_Module_startup__E)
                  c000c340    00000020     Local_pe674.oe674 (.text:xdc_runtime_SysMin_abort__E)
                  c000c360    00000020     Local_pe674.oe674 (.text:xdc_runtime_SysMin_exit__E)
                  c000c380    00000020     Local_pe674.oe674 (.text:xdc_runtime_SysMin_putch__E)
                  c000c3a0    00000020     Local_pe674.oe674 (.text:xdc_runtime_SysMin_ready__E)
                  c000c3c0    00000020     ti.targets.rts6000.ae674 : SysMin.oe674 (.text:xdc_runtime_SysMin_ready__F)
                  c000c3e0    00000020     Local_pe674.oe674 (.text:xdc_runtime_System_Module_GateProxy_enter__E)
                  c000c400    00000020     Local_pe674.oe674 (.text:xdc_runtime_System_Module_GateProxy_leave__E)
                  c000c420    00000020     Local_pe674.oe674 (.text:xdc_runtime_System_Module_startup__E)
                  c000c440    00000020     ti.targets.rts6000.ae674 : System.oe674 (.text:xdc_runtime_System_Module_startup__F)
                  c000c460    00000020     Local_pe674.oe674 (.text:xdc_runtime_System_SupportProxy_abort__E)
                  c000c480    00000020     Local_pe674.oe674 (.text:xdc_runtime_System_SupportProxy_exit__E)
                  c000c4a0    00000020     Local_pe674.oe674 (.text:xdc_runtime_System_SupportProxy_putch__E)
                  c000c4c0    00000020     Local_pe674.oe674 (.text:xdc_runtime_System_SupportProxy_ready__E)
                  c000c4e0    00000020     Local_pe674.oe674 (.text:xdc_runtime_System_abort__E)
                  c000c500    00000020     Local_pe674.oe674 (.text:xdc_runtime_System_atexit__E)
                  c000c520    00000020     Local_pe674.oe674 (.text:xdc_runtime_System_exit__E)
                  c000c540    00000020     ti.targets.rts6000.ae674 : System.oe674 (.text:xdc_runtime_System_exit__F)
                  c000c560    00000020                              : System.oe674 (.text:xdc_runtime_System_lastFxn__I)
                  c000c580    00000020     Local_pe674.oe674 (.text:xdc_runtime_System_vsnprintf__E)
                  c000c5a0    00000020     ti.targets.rts6000.ae674 : System.oe674 (.text:xdc_runtime_System_vsnprintf__F)
                  c000c5c0    00000020     Local_pe674.oe674 (.text:xdc_runtime_Text_cordText__E)
                  c000c5e0    00000020     Local_pe674.oe674 (.text:xdc_runtime_Text_putLab__E)
                  c000c600    00000020     Local_pe674.oe674 (.text:xdc_runtime_Text_putSite__E)
                  c000c620    00000020     Local_pe674.oe674 (.text:xdc_runtime_Text_ropeText__E)

.far       0    c000c640    00002c0c     UNINITIALIZED
                  c000c640    00002000     (.common:ti_sysbios_heaps_HeapMem_Instance_State_0_buf__A)
                  c000e640    00000800     Local_pe674.oe674 (.far:taskStackSection)
                  c000ee40    00000400     (.common:xdc_runtime_SysMin_Module_State_0_outbuf__A)
                  c000f240    00000008     (.common:parmbuf)
                  c000f248    00000004     (.common:ti_sysbios_knl_Task_Instance_State_0_hookEnv__A)

.const     0    c000f250    00002314     
                  c000f250    000015c2     Local_pe674.oe674 (.const:xdc_runtime_Text_charTab__A)
                  c0010812    000006b7     sysbios.ae674 : BIOS.obj (.const:.string)
                  c0010ec9    00000001     --HOLE-- [fill = 0]
                  c0010eca    00000002     Local_pe674.oe674 (.const:ti_sysbios_BIOS_Module__id__C)
                  c0010ecc    00000004     ti.targets.rts6000.ae674 : Assert.oe674 (.const:.string)
                  c0010ed0    000000bc     Local_pe674.oe674 (.const:xdc_runtime_Text_nodeTab__A)
                  c0010f8c    00000058     ti.targets.rts6000.ae674 : Error.oe674 (.const:.string)
                  c0010fe4    00000048     Local_pe674.oe674 (.const:.string)
                  c001102c    00000040     ti.targets.rts6000.ae674 : Text.oe674 (.const:.string)
                  c001106c    0000002c                              : Startup.oe674 (.const:.string)
                  c0011098    0000002c     Local_pe674.oe674 (.const:xdc_runtime_Startup_sfxnTab__A)
                  c00110c4    00000028     Local_pe674.oe674 (.const:ti_sysbios_heaps_HeapMem_Module__FXNS__C)
                  c00110ec    00000024     Local_pe674.oe674 (.const:ti_sysbios_gates_GateHwi_Module__FXNS__C)
                  c0011110    00000024     Local_pe674.oe674 (.const:ti_sysbios_gates_GateMutex_Module__FXNS__C)
                  c0011134    00000024     Local_pe674.oe674 (.const:ti_sysbios_heaps_HeapMem_Object__PARAMS__C)
                  c0011158    00000024     Local_pe674.oe674 (.const:ti_sysbios_knl_Semaphore_Object__PARAMS__C)
                  c001117c    00000020     Local_pe674.oe674 (.const:ti_sysbios_gates_GateHwi_Object__DESC__C)
                  c001119c    00000020     Local_pe674.oe674 (.const:ti_sysbios_gates_GateMutex_Object__DESC__C)
                  c00111bc    00000020     Local_pe674.oe674 (.const:ti_sysbios_heaps_HeapMem_Object__DESC__C)
                  c00111dc    00000020     Local_pe674.oe674 (.const:ti_sysbios_knl_Queue_Object__DESC__C)
                  c00111fc    00000020     Local_pe674.oe674 (.const:ti_sysbios_knl_Semaphore_Object__DESC__C)
                  c001121c    00000018     Local_pe674.oe674 (.const:ti_sysbios_gates_GateHwi_Object__PARAMS__C)
                  c0011234    00000018     Local_pe674.oe674 (.const:ti_sysbios_gates_GateMutex_Object__PARAMS__C)
                  c001124c    00000018     Local_pe674.oe674 (.const:ti_sysbios_knl_Queue_Object__PARAMS__C)
                  c0011264    00000004     Local_pe674.oe674 (.const:ti_sysbios_BIOS_Module__diagsEnabled__C)
                  c0011268    00000018     Local_pe674.oe674 (.const:ti_sysbios_knl_Task_hooks__A)
                  c0011280    00000016     Local_pe674.oe674 (.const:xdc_runtime_Startup_sfxnRts__A)
                  c0011296    00000002     Local_pe674.oe674 (.const:ti_sysbios_family_c64p_Exception_Module__id__C)
                  c0011298    00000011     ti.targets.rts6000.ae674 : System.oe674 (.const:digtohex)
                  c00112a9    00000001     --HOLE-- [fill = 0]
                  c00112aa    00000002     Local_pe674.oe674 (.const:ti_sysbios_family_c64p_Exception_enableExternalMPC__C)
                  c00112ac    0000000c     Local_pe674.oe674 (.const:ti_sysbios_family_c64p_Cache_initSize__C)
                  c00112b8    00000008     ti.targets.rts6000.ae674 : System.oe674 (.const:.string)
                  c00112c0    00000008     Local_pe674.oe674 (.const:ti_sysbios_knl_Idle_coreList__C)
                  c00112c8    00000008     Local_pe674.oe674 (.const:ti_sysbios_knl_Idle_funcList__C)
                  c00112d0    00000008     Local_pe674.oe674 (.const:ti_sysbios_knl_Task_hooks__C)
                  c00112d8    00000008     Local_pe674.oe674 (.const:xdc_runtime_Startup_firstFxns__A)
                  c00112e0    00000008     Local_pe674.oe674 (.const:xdc_runtime_Startup_firstFxns__C)
                  c00112e8    00000008     Local_pe674.oe674 (.const:xdc_runtime_Startup_lastFxns__C)
                  c00112f0    00000004     Local_pe674.oe674 (.const:ti_sysbios_BIOS_Module__diagsIncluded__C)
                  c00112f4    00000004     Local_pe674.oe674 (.const:ti_sysbios_BIOS_Module__diagsMask__C)
                  c00112f8    00000004     Local_pe674.oe674 (.const:ti_sysbios_BIOS_installedErrorHook__C)
                  c00112fc    00000004     Local_pe674.oe674 (.const:ti_sysbios_family_c64p_Cache_MAR0_31__C)
                  c0011300    00000004     Local_pe674.oe674 (.const:ti_sysbios_family_c64p_Cache_MAR128_159__C)
                  c0011304    00000004     Local_pe674.oe674 (.const:ti_sysbios_family_c64p_Cache_MAR160_191__C)
                  c0011308    00000004     Local_pe674.oe674 (.const:ti_sysbios_family_c64p_Cache_MAR192_223__C)
                  c001130c    00000004     Local_pe674.oe674 (.const:ti_sysbios_family_c64p_Cache_MAR224_255__C)
                  c0011310    00000004     Local_pe674.oe674 (.const:ti_sysbios_family_c64p_Cache_MAR32_63__C)
                  c0011314    00000004     Local_pe674.oe674 (.const:ti_sysbios_family_c64p_Cache_MAR64_95__C)
                  c0011318    00000004     Local_pe674.oe674 (.const:ti_sysbios_family_c64p_Cache_MAR96_127__C)
                  c001131c    00000004     Local_pe674.oe674 (.const:ti_sysbios_family_c64p_Exception_E_exceptionMax__C)
                  c0011320    00000004     Local_pe674.oe674 (.const:ti_sysbios_family_c64p_Exception_E_exceptionMin__C)
                  c0011324    00000004     Local_pe674.oe674 (.const:ti_sysbios_family_c64p_Exception_exceptionHook__C)
                  c0011328    00000004     Local_pe674.oe674 (.const:ti_sysbios_family_c64p_Exception_externalHook__C)
                  c001132c    00000004     Local_pe674.oe674 (.const:ti_sysbios_family_c64p_Exception_internalHook__C)
                  c0011330    00000004     Local_pe674.oe674 (.const:ti_sysbios_family_c64p_Exception_nmiHook__C)
                  c0011334    00000004     Local_pe674.oe674 (.const:ti_sysbios_family_c64p_Hwi_LD_end__C)
                  c0011338    00000004     Local_pe674.oe674 (.const:ti_sysbios_family_c64p_Hwi_LM_begin__C)
                  c001133c    00000004     Local_pe674.oe674 (.const:ti_sysbios_family_c64p_Hwi_Module__diagsEnabled__C)
                  c0011340    00000004     Local_pe674.oe674 (.const:ti_sysbios_family_c64p_Hwi_Module__diagsIncluded__C)
                  c0011344    00000004     Local_pe674.oe674 (.const:ti_sysbios_family_c64p_Hwi_Module__diagsMask__C)
                  c0011348    00000004     Local_pe674.oe674 (.const:ti_sysbios_family_c64p_Hwi_Module__loggerFxn1__C)
                  c001134c    00000004     Local_pe674.oe674 (.const:ti_sysbios_family_c64p_Hwi_Module__loggerFxn8__C)
                  c0011350    00000004     Local_pe674.oe674 (.const:ti_sysbios_family_c64p_Hwi_Module__loggerObj__C)
                  c0011354    00000004     Local_pe674.oe674 (.const:ti_sysbios_gates_GateMutex_A_badContext__C)
                  c0011358    00000004     Local_pe674.oe674 (.const:ti_sysbios_gates_GateMutex_Instance_State_sem__O)
                  c001135c    00000004     Local_pe674.oe674 (.const:ti_sysbios_gates_GateMutex_Module__diagsEnabled__C)
                  c0011360    00000004     Local_pe674.oe674 (.const:ti_sysbios_gates_GateMutex_Module__diagsIncluded__C)
                  c0011364    00000004     Local_pe674.oe674 (.const:ti_sysbios_gates_GateMutex_Module__diagsMask__C)
                  c0011368    00000004     Local_pe674.oe674 (.const:ti_sysbios_hal_Hwi_E_stackOverflow__C)
                  c001136c    00000004     Local_pe674.oe674 (.const:ti_sysbios_heaps_HeapMem_A_align__C)
                  c0011370    00000004     Local_pe674.oe674 (.const:ti_sysbios_heaps_HeapMem_A_heapSize__C)
                  c0011374    00000004     Local_pe674.oe674 (.const:ti_sysbios_heaps_HeapMem_A_invalidFree__C)
                  c0011378    00000004     Local_pe674.oe674 (.const:ti_sysbios_heaps_HeapMem_A_zeroBlock__C)
                  c001137c    00000004     Local_pe674.oe674 (.const:ti_sysbios_heaps_HeapMem_E_memory__C)
                  c0011380    00000004     Local_pe674.oe674 (.const:ti_sysbios_heaps_HeapMem_Module__diagsEnabled__C)
                  c0011384    00000004     Local_pe674.oe674 (.const:ti_sysbios_heaps_HeapMem_Module__diagsIncluded__C)
                  c0011388    00000004     Local_pe674.oe674 (.const:ti_sysbios_heaps_HeapMem_Module__diagsMask__C)
                  c001138c    00000004     Local_pe674.oe674 (.const:ti_sysbios_heaps_HeapMem_Module__gateObj__C)
                  c0011390    00000004     Local_pe674.oe674 (.const:ti_sysbios_heaps_HeapMem_Object__count__C)
                  c0011394    00000004     Local_pe674.oe674 (.const:ti_sysbios_heaps_HeapMem_Object__table__C)
                  c0011398    00000004     Local_pe674.oe674 (.const:ti_sysbios_heaps_HeapMem_reqAlign__C)
                  c001139c    00000004     Local_pe674.oe674 (.const:ti_sysbios_knl_Clock_LM_begin__C)
                  c00113a0    00000004     Local_pe674.oe674 (.const:ti_sysbios_knl_Clock_LM_tick__C)
                  c00113a4    00000004     Local_pe674.oe674 (.const:ti_sysbios_knl_Clock_LW_delayed__C)
                  c00113a8    00000004     Local_pe674.oe674 (.const:ti_sysbios_knl_Clock_Module_State_clockQ__O)
                  c00113ac    00000004     Local_pe674.oe674 (.const:ti_sysbios_knl_Clock_Module__diagsEnabled__C)
                  c00113b0    00000004     Local_pe674.oe674 (.const:ti_sysbios_knl_Clock_Module__diagsIncluded__C)
                  c00113b4    00000004     Local_pe674.oe674 (.const:ti_sysbios_knl_Clock_Module__diagsMask__C)
                  c00113b8    00000004     Local_pe674.oe674 (.const:ti_sysbios_knl_Clock_Module__loggerFxn1__C)
                  c00113bc    00000004     Local_pe674.oe674 (.const:ti_sysbios_knl_Clock_Module__loggerFxn2__C)
                  c00113c0    00000004     Local_pe674.oe674 (.const:ti_sysbios_knl_Clock_Module__loggerObj__C)
                  c00113c4    00000004     Local_pe674.oe674 (.const:ti_sysbios_knl_Clock_tickMode__C)
                  c00113c8    00000004     Local_pe674.oe674 (.const:ti_sysbios_knl_Clock_tickSource__C)
                  c00113cc    00000004     Local_pe674.oe674 (.const:ti_sysbios_knl_Semaphore_A_badContext__C)
                  c00113d0    00000004     Local_pe674.oe674 (.const:ti_sysbios_knl_Idle_coreList__A)
                  c00113d4    00000004     Local_pe674.oe674 (.const:ti_sysbios_knl_Semaphore_A_noEvents__C)
                  c00113d8    00000004     Local_pe674.oe674 (.const:ti_sysbios_knl_Idle_funcList__A)
                  c00113dc    00000004     Local_pe674.oe674 (.const:ti_sysbios_knl_Semaphore_A_overflow__C)
                  c00113e0    00000004     Local_pe674.oe674 (.const:ti_sysbios_knl_Semaphore_A_pendTaskDisabled__C)
                  c00113e4    00000004     Local_pe674.oe674 (.const:ti_sysbios_knl_Semaphore_Instance_State_pendQ__O)
                  c00113e8    00000004     Local_pe674.oe674 (.const:ti_sysbios_knl_Semaphore_LM_pend__C)
                  c00113ec    00000004     Local_pe674.oe674 (.const:ti_sysbios_knl_Semaphore_LM_post__C)
                  c00113f0    00000004     Local_pe674.oe674 (.const:ti_sysbios_knl_Semaphore_Module__diagsEnabled__C)
                  c00113f4    00000004     Local_pe674.oe674 (.const:ti_sysbios_knl_Semaphore_Module__diagsIncluded__C)
                  c00113f8    00000004     Local_pe674.oe674 (.const:ti_sysbios_knl_Semaphore_Module__diagsMask__C)
                  c00113fc    00000004     Local_pe674.oe674 (.const:ti_sysbios_knl_Semaphore_Module__loggerFxn2__C)
                  c0011400    00000004     Local_pe674.oe674 (.const:ti_sysbios_knl_Semaphore_Module__loggerFxn4__C)
                  c0011404    00000004     Local_pe674.oe674 (.const:ti_sysbios_knl_Semaphore_Module__loggerObj__C)
                  c0011408    00000004     Local_pe674.oe674 (.const:ti_sysbios_knl_Swi_LD_end__C)
                  c001140c    00000004     Local_pe674.oe674 (.const:ti_sysbios_knl_Swi_LM_begin__C)
                  c0011410    00000004     Local_pe674.oe674 (.const:ti_sysbios_knl_Swi_LM_post__C)
                  c0011414    00000004     Local_pe674.oe674 (.const:ti_sysbios_knl_Swi_Module__diagsEnabled__C)
                  c0011418    00000004     Local_pe674.oe674 (.const:ti_sysbios_knl_Swi_Module__diagsIncluded__C)
                  c001141c    00000004     Local_pe674.oe674 (.const:ti_sysbios_knl_Swi_Module__diagsMask__C)
                  c0011420    00000004     Local_pe674.oe674 (.const:ti_sysbios_knl_Swi_Module__loggerFxn1__C)
                  c0011424    00000004     Local_pe674.oe674 (.const:ti_sysbios_knl_Swi_Module__loggerFxn4__C)
                  c0011428    00000004     Local_pe674.oe674 (.const:ti_sysbios_knl_Swi_Module__loggerObj__C)
                  c001142c    00000004     Local_pe674.oe674 (.const:ti_sysbios_knl_Swi_Object__count__C)
                  c0011430    00000004     Local_pe674.oe674 (.const:ti_sysbios_knl_Swi_Object__table__C)
                  c0011434    00000004     Local_pe674.oe674 (.const:ti_sysbios_knl_Task_E_spOutOfBounds__C)
                  c0011438    00000004     Local_pe674.oe674 (.const:ti_sysbios_knl_Task_E_stackOverflow__C)
                  c001143c    00000004     Local_pe674.oe674 (.const:ti_sysbios_knl_Task_LD_block__C)
                  c0011440    00000004     Local_pe674.oe674 (.const:ti_sysbios_knl_Task_LD_exit__C)
                  c0011444    00000004     Local_pe674.oe674 (.const:ti_sysbios_knl_Task_LD_ready__C)
                  c0011448    00000004     Local_pe674.oe674 (.const:ti_sysbios_knl_Task_LM_switch__C)
                  c001144c    00000004     Local_pe674.oe674 (.const:ti_sysbios_knl_Task_Module_State_inactiveQ__O)
                  c0011450    00000004     Local_pe674.oe674 (.const:ti_sysbios_knl_Task_Module_State_terminatedQ__O)
                  c0011454    00000004     Local_pe674.oe674 (.const:ti_sysbios_knl_Task_Module__diagsEnabled__C)
                  c0011458    00000004     Local_pe674.oe674 (.const:ti_sysbios_knl_Task_Module__diagsIncluded__C)
                  c001145c    00000004     Local_pe674.oe674 (.const:ti_sysbios_knl_Task_Module__diagsMask__C)
                  c0011460    00000004     Local_pe674.oe674 (.const:ti_sysbios_knl_Task_Module__loggerFxn2__C)
                  c0011464    00000004     Local_pe674.oe674 (.const:ti_sysbios_knl_Task_Module__loggerFxn4__C)
                  c0011468    00000004     Local_pe674.oe674 (.const:ti_sysbios_knl_Task_Module__loggerObj__C)
                  c001146c    00000004     Local_pe674.oe674 (.const:ti_sysbios_knl_Task_Object__count__C)
                  c0011470    00000004     Local_pe674.oe674 (.const:ti_sysbios_knl_Task_Object__table__C)
                  c0011474    00000004     Local_pe674.oe674 (.const:ti_sysbios_knl_Task_allBlockedFunc__C)
                  c0011478    00000004     Local_pe674.oe674 (.const:ti_sysbios_knl_Task_numConstructedTasks__C)
                  c001147c    00000004     Local_pe674.oe674 (.const:ti_sysbios_timers_timer64_Timer_A_notAvailable__C)
                  c0011480    00000004     Local_pe674.oe674 (.const:ti_sysbios_timers_timer64_Timer_E_cannotSupport__C)
                  c0011484    00000004     Local_pe674.oe674 (.const:ti_sysbios_timers_timer64_Timer_Module__diagsEnabled__C)
                  c0011488    00000004     Local_pe674.oe674 (.const:ti_sysbios_timers_timer64_Timer_Module__diagsIncluded__C)
                  c001148c    00000004     Local_pe674.oe674 (.const:ti_sysbios_timers_timer64_Timer_Module__diagsMask__C)
                  c0011490    00000004     Local_pe674.oe674 (.const:ti_sysbios_timers_timer64_Timer_anyMask__C)
                  c0011494    00000004     Local_pe674.oe674 (.const:ti_sysbios_timers_timer64_Timer_freqDivisor__C)
                  c0011498    00000004     Local_pe674.oe674 (.const:ti_sysbios_timers_timer64_Timer_numLocalTimers__C)
                  c001149c    00000004     Local_pe674.oe674 (.const:ti_sysbios_timers_timer64_Timer_numTimerDevices__C)
                  c00114a0    00000004     Local_pe674.oe674 (.const:xdc_runtime_Assert_E_assertFailed__C)
                  c00114a4    00000004     Local_pe674.oe674 (.const:xdc_runtime_Core_A_initializedParams__C)
                  c00114a8    00000004     Local_pe674.oe674 (.const:xdc_runtime_Core_Module__diagsEnabled__C)
                  c00114ac    00000004     Local_pe674.oe674 (.const:xdc_runtime_Core_Module__diagsIncluded__C)
                  c00114b0    00000004     Local_pe674.oe674 (.const:xdc_runtime_Core_Module__diagsMask__C)
                  c00114b4    00000004     Local_pe674.oe674 (.const:xdc_runtime_Error_E_memory__C)
                  c00114b8    00000004     Local_pe674.oe674 (.const:xdc_runtime_Error_Module__diagsEnabled__C)
                  c00114bc    00000004     Local_pe674.oe674 (.const:xdc_runtime_Error_Module__diagsIncluded__C)
                  c00114c0    00000004     Local_pe674.oe674 (.const:xdc_runtime_Error_Module__diagsMask__C)
                  c00114c4    00000004     Local_pe674.oe674 (.const:xdc_runtime_Error_Module__loggerFxn8__C)
                  c00114c8    00000004     Local_pe674.oe674 (.const:xdc_runtime_Error_Module__loggerObj__C)
                  c00114cc    00000004     Local_pe674.oe674 (.const:xdc_runtime_Error_policy__C)
                  c00114d0    00000004     Local_pe674.oe674 (.const:xdc_runtime_Error_raiseHook__C)
                  c00114d4    00000004     Local_pe674.oe674 (.const:xdc_runtime_IGateProvider_Interface__BASE__C)
                  c00114d8    00000004     Local_pe674.oe674 (.const:xdc_runtime_IHeap_Interface__BASE__C)
                  c00114dc    00000004     Local_pe674.oe674 (.const:xdc_runtime_IModule_Interface__BASE__C)
                  c00114e0    00000004     Local_pe674.oe674 (.const:xdc_runtime_Log_L_error__C)
                  c00114e4    00000004     Local_pe674.oe674 (.const:xdc_runtime_Memory_defaultHeapInstance__C)
                  c00114e8    00000004     Local_pe674.oe674 (.const:xdc_runtime_Startup_execImpl__C)
                  c00114ec    00000004     Local_pe674.oe674 (.const:xdc_runtime_Startup_maxPasses__C)
                  c00114f0    00000004     Local_pe674.oe674 (.const:xdc_runtime_Startup_lastFxns__A)
                  c00114f4    00000004     Local_pe674.oe674 (.const:xdc_runtime_Startup_sfxnRts__C)
                  c00114f8    00000004     Local_pe674.oe674 (.const:xdc_runtime_Startup_sfxnTab__C)
                  c00114fc    00000004     Local_pe674.oe674 (.const:xdc_runtime_Startup_startModsFxn__C)
                  c0011500    00000004     Local_pe674.oe674 (.const:xdc_runtime_SysMin_bufSize__C)
                  c0011504    00000004     Local_pe674.oe674 (.const:xdc_runtime_SysMin_outputFunc__C)
                  c0011508    00000004     Local_pe674.oe674 (.const:xdc_runtime_System_Module__gateObj__C)
                  c001150c    00000004     Local_pe674.oe674 (.const:xdc_runtime_System_extendFxn__C)
                  c0011510    00000004     Local_pe674.oe674 (.const:xdc_runtime_System_maxAtexitHandlers__C)
                  c0011514    00000004     Local_pe674.oe674 (.const:xdc_runtime_Text_charTab__C)
                  c0011518    00000004     Local_pe674.oe674 (.const:xdc_runtime_Text_nameEmpty__C)
                  c001151c    00000004     Local_pe674.oe674 (.const:xdc_runtime_Text_nameStatic__C)
                  c0011520    00000004     Local_pe674.oe674 (.const:xdc_runtime_Text_nameUnknown__C)
                  c0011524    00000004     Local_pe674.oe674 (.const:xdc_runtime_Text_nodeTab__C)
                  c0011528    00000004     Local_pe674.oe674 (.const:xdc_runtime_Text_visitRopeFxn__C)
                  c001152c    00000002     Local_pe674.oe674 (.const:ti_sysbios_family_c64p_Exception_enablePrint__C)
                  c001152e    00000002     Local_pe674.oe674 (.const:ti_sysbios_family_c64p_Exception_useInternalBuffer__C)
                  c0011530    00000002     Local_pe674.oe674 (.const:ti_sysbios_family_c64p_Hwi_Module__id__C)
                  c0011532    00000002     Local_pe674.oe674 (.const:ti_sysbios_family_c64p_Hwi_Module__loggerDefined__C)
                  c0011534    00000002     Local_pe674.oe674 (.const:ti_sysbios_gates_GateMutex_Module__id__C)
                  c0011536    00000002     Local_pe674.oe674 (.const:ti_sysbios_hal_Hwi_Module__id__C)
                  c0011538    00000002     Local_pe674.oe674 (.const:ti_sysbios_heaps_HeapMem_Module__id__C)
                  c001153a    00000002     Local_pe674.oe674 (.const:ti_sysbios_knl_Clock_Module__id__C)
                  c001153c    00000002     Local_pe674.oe674 (.const:ti_sysbios_knl_Clock_Module__loggerDefined__C)
                  c001153e    00000002     Local_pe674.oe674 (.const:ti_sysbios_knl_Semaphore_Module__id__C)
                  c0011540    00000002     Local_pe674.oe674 (.const:ti_sysbios_knl_Semaphore_Module__loggerDefined__C)
                  c0011542    00000002     Local_pe674.oe674 (.const:ti_sysbios_knl_Swi_Module__id__C)
                  c0011544    00000002     Local_pe674.oe674 (.const:ti_sysbios_knl_Swi_Module__loggerDefined__C)
                  c0011546    00000002     Local_pe674.oe674 (.const:ti_sysbios_knl_Task_Module__id__C)
                  c0011548    00000002     Local_pe674.oe674 (.const:ti_sysbios_knl_Task_Module__loggerDefined__C)
                  c001154a    00000002     Local_pe674.oe674 (.const:ti_sysbios_knl_Task_deleteTerminatedTasks__C)
                  c001154c    00000002     Local_pe674.oe674 (.const:ti_sysbios_knl_Task_initStackFlag__C)
                  c001154e    00000002     Local_pe674.oe674 (.const:ti_sysbios_timers_timer64_Timer_Module__id__C)
                  c0011550    00000002     Local_pe674.oe674 (.const:ti_sysbios_timers_timer64_Timer_startupNeeded__C)
                  c0011552    00000002     Local_pe674.oe674 (.const:xdc_runtime_Core_Module__id__C)
                  c0011554    00000002     Local_pe674.oe674 (.const:xdc_runtime_Error_Module__loggerDefined__C)
                  c0011556    00000002     Local_pe674.oe674 (.const:xdc_runtime_Error_maxDepth__C)
                  c0011558    00000002     Local_pe674.oe674 (.const:xdc_runtime_Memory_Module__id__C)
                  c001155a    00000002     Local_pe674.oe674 (.const:xdc_runtime_SysMin_flushAtExit__C)
                  c001155c    00000002     Local_pe674.oe674 (.const:xdc_runtime_Text_charCnt__C)
                  c001155e    00000002     Local_pe674.oe674 (.const:xdc_runtime_Text_isLoaded__C)
                  c0011560    00000002     Local_pe674.oe674 (.const:xdc_runtime_Text_registryModsLastId__C)
                  c0011562    00000002     Local_pe674.oe674 (.const:xdc_runtime_Text_unnamedModsLastId__C)

.fardata   0    c0011568    0000057c     UNINITIALIZED
                  c0011568    00000080     Local_pe674.oe674 (.fardata:ti_sysbios_knl_Swi_Module_State_0_readyQ__A)
                  c00115e8    00000080     Local_pe674.oe674 (.fardata:ti_sysbios_knl_Task_Module_State_0_readyQ__A)
                  c0011668    00000068     Local_pe674.oe674 (.fardata:ti_sysbios_family_c64p_Hwi_Module__state__V)
                  c00116d0    00000060     Local_pe674.oe674 (.fardata:ti_sysbios_knl_Swi_Object__table__V)
                  c0011730    00000060     Local_pe674.oe674 (.fardata:ti_sysbios_timers_timer64_Timer_Module_State_0_device__A)
                  c0011790    0000004c     Local_pe674.oe674 (.fardata:ti_sysbios_knl_Task_Object__table__V)
                  c00117dc    00000004     rts6740_elf.lib : _lock.c.obj (.fardata:_lock)
                  c00117e0    0000004c     Local_pe674.oe674 (.fardata:ti_sysbios_timers_timer64_Timer_Object__table__V)
                  c001182c    00000004     rts6740_elf.lib : _lock.c.obj (.fardata:_unlock)
                  c0011830    00000048     Local_pe674.oe674 (.fardata:ti_sysbios_family_c64p_Hwi_Object__table__V)
                  c0011878    00000044     Local_pe674.oe674 (.fardata:ti_sysbios_knl_Task_Module__state__V)
                  c00118bc    00000004     rts6740_elf.lib : dtor_list.c.obj (.fardata)
                  c00118c0    00000040     Local_pe674.oe674 (.fardata:ti_sysbios_gates_GateMutex_Object__table__V)
                  c0011900    00000030     Local_pe674.oe674 (.fardata:ti_sysbios_family_c64p_Exception_Module__state__V)
                  c0011930    00000028     Local_pe674.oe674 (.fardata:ti_sysbios_knl_Clock_Module__state__V)
                  c0011958    00000020     Local_pe674.oe674 (.fardata:ti_sysbios_BIOS_Module__state__V)
                  c0011978    00000020     Local_pe674.oe674 (.fardata:ti_sysbios_timers_timer64_Timer_Module_State_0_gctrl__A)
                  c0011998    00000020     Local_pe674.oe674 (.fardata:ti_sysbios_timers_timer64_Timer_Module_State_0_handles__A)
                  c00119b8    00000020     Local_pe674.oe674 (.fardata:ti_sysbios_timers_timer64_Timer_Module_State_0_intFreqs__A)
                  c00119d8    00000020     Local_pe674.oe674 (.fardata:xdc_runtime_System_Module_State_0_atexitHandlers__A)
                  c00119f8    0000001c     Local_pe674.oe674 (.fardata:ti_sysbios_knl_Swi_Module__state__V)
                  c0011a14    00000004     Local_pe674.oe674 (.fardata:ti_sysbios_family_c64p_Cache_Module__state__V)
                  c0011a18    00000018     Local_pe674.oe674 (.fardata:ti_sysbios_hal_Hwi_Object__table__V)
                  c0011a30    00000018     Local_pe674.oe674 (.fardata:ti_sysbios_heaps_HeapMem_Object__table__V)
                  c0011a48    00000014     Local_pe674.oe674 (.fardata:ti_sysbios_timers_timer64_Timer_Module__state__V)
                  c0011a5c    0000000c     rts6740_elf.lib : exit.c.obj (.fardata)
                  c0011a68    0000000c     Local_pe674.oe674 (.fardata:xdc_runtime_SysMin_Module__state__V)
                  c0011a74    0000000c     Local_pe674.oe674 (.fardata:xdc_runtime_System_Module__state__V)
                  c0011a80    00000008     Local_pe674.oe674 (.fardata:ti_sysbios_family_c64p_primus_TimerSupport_Module_State_0_suspSrc__A)
                  c0011a88    00000008     Local_pe674.oe674 (.fardata:ti_sysbios_gates_GateHwi_Module__root__V)
                  c0011a90    00000008     Local_pe674.oe674 (.fardata:ti_sysbios_gates_GateMutex_Module__root__V)
                  c0011a98    00000008     Local_pe674.oe674 (.fardata:ti_sysbios_hal_Timer_Object__table__V)
                  c0011aa0    00000008     Local_pe674.oe674 (.fardata:ti_sysbios_heaps_HeapMem_Module__root__V)
                  c0011aa8    00000008     Local_pe674.oe674 (.fardata:ti_sysbios_knl_Queue_Module__root__V)
                  c0011ab0    00000008     Local_pe674.oe674 (.fardata:ti_sysbios_knl_Semaphore_Module__root__V)
                  c0011ab8    00000008     Local_pe674.oe674 (.fardata:ti_sysbios_knl_Task_Module__root__V)
                  c0011ac0    00000008     Local_pe674.oe674 (.fardata:xdc_runtime_Registry_Module__state__V)
                  c0011ac8    00000008     Local_pe674.oe674 (.fardata:xdc_runtime_Startup_Module__state__V)
                  c0011ad0    00000004     Local_pe674.oe674 (.fardata:ti_sysbios_family_c64p_primus_TimerSupport_Module__state__V)
                  c0011ad4    00000004     Local_pe674.oe674 (.fardata:xdc_runtime_Memory_Module__state__V)
                  c0011ad8    00000004     Local_pe674.oe674 (.fardata:ti_sysbios_gates_GateHwi_Object__table__V)
                  c0011adc    00000002     Local_pe674.oe674 (.fardata:xdc_runtime_Error_Module__state__V)
                  c0011ade    00000002     --HOLE--
                  c0011ae0    00000004     Local_pe674.oe674 (.fardata:ti_sysbios_knl_Task_Module_State_0_idleTask__A)

.switch    0    c0011ae4    00000010     
                  c0011ae4    00000010     drivers.lib : gpio.obj (.switch:GPIOIntTypeSet)

.cio       0    c0011e00    00000120     UNINITIALIZED
                  c0011e00    00000120     rts6740_elf.lib : trgmsg.c.obj (.cio)

MODULE SUMMARY

       Module                       code    ro data   rw data
       ------                       ----    -------   -------
    .\
       LED.obj                      512     0         0      
       main.obj                     224     0         1      
       KEY.obj                      192     0         0      
    +--+----------------------------+-------+---------+---------+
       Total:                       928     0         1      
                                                             
    C:\Users\F\Desktop\Software\RTOS\Swi_Static\Debug\configPkg\package\cfg\
       Local_pe674.oe674            6528    7038      12646  
    +--+----------------------------+-------+---------+---------+
       Total:                       6528    7038      12646  
                                                             
    ../../Library/StarterWare/Drivers/Debug/drivers.lib
       gpio.obj                     1472    16        0      
       psc.obj                      352     0         0      
    +--+----------------------------+-------+---------+---------+
       Total:                       1824    16        0      
                                                             
    C:\ti\bios_6_37_05_35\packages\ti\sysbios\lib\sysbios\instrumented\sysbios.ae674
       BIOS.obj                     27584   1719      0      
       c64p_Hwi_disp_always.obj     512     0         0      
       c64p_Exception_asm.obj       384     0         0      
       c64p_Hwi_asm_switch.obj      288     0         0      
       c62_TaskSupport_asm.obj      224     0         0      
    +--+----------------------------+-------+---------+---------+
       Total:                       28992   1719      0      
                                                             
    C:\ti\ti-cgt-c6000_8.3.12\lib\rts6740_elf.lib
       imath64.c.obj                704     0         0      
       trgmsg.c.obj                 224     0         288    
       dtor_list.c.obj              448     0         4      
       copy_decompress_rle.c.obj    288     0         0      
       exit.c.obj                   256     0         12     
       hostwrite.c.obj              224     0         0      
       llshift.c.obj                224     0         0      
       memset.c.obj                 224     0         0      
       divu.asm.obj                 192     0         0      
       memcpy64.asm.obj             160     0         0      
       remu.asm.obj                 160     0         0      
       _lock.c.obj                  96      0         8      
       args_main.c.obj              64      0         0      
       copy_decompress_none.c.obj   32      0         0      
       hostopen.c.obj               0       0         8      
    +--+----------------------------+-------+---------+---------+
       Total:                       3296    0         320    
                                                             
    C:\ti\xdctools_3_25_06_96\packages\ti\targets\rts6000\lib\boot.ae674
       autoinit.oe674               320     0         0      
       boot.oe674                   160     0         0      
    +--+----------------------------+-------+---------+---------+
       Total:                       480     0         0      
                                                             
    C:\ti\xdctools_3_25_06_96\packages\ti\targets\rts6000\lib\ti.targets.rts6000.ae674
       System.oe674                 3168    25        0      
       Text.oe674                   1760    64        0      
       Error.oe674                  992     88        0      
       Startup.oe674                864     44        0      
       Core-mem.oe674               800     0         0      
       SysMin.oe674                 704     0         0      
       Memory.oe674                 384     0         0      
       Assert.oe674                 160     4         0      
       Core-label.oe674             128     0         0      
       Core-params.oe674            128     0         0      
       Gate.oe674                   64      0         0      
       Registry.oe674               64      0         0      
    +--+----------------------------+-------+---------+---------+
       Total:                       9216    225       0      
                                                             
       Stack:                       0       0         4096   
       Linker Generated:            0       1022      0      
    +--+----------------------------+-------+---------+---------+
       Grand Total:                 51264   10020     17063  


LINKER GENERATED COPY TABLES

__TI_cinit_table @ c0012300 records: 4, size/record: 8, table size: 32
	.fardata: load addr=c0011f20, load size=000003ba bytes, run addr=c0011568, run size=0000057c bytes, compression=rle
	.far: load addr=c00122da, load size=0000000b bytes, run addr=c000c640, run size=00002c0c bytes, compression=rle
	.rodata: load addr=c00122e5, load size=0000000a bytes, run addr=c0011af8, run size=00000004 bytes, compression=rle
	.neardata: load addr=c00122f8, load size=00000007 bytes, run addr=c0011af4, run size=00000001 bytes, compression=rle


LINKER GENERATED HANDLER TABLE

__TI_handler_table @ c00122f0 records: 2, size/record: 4, table size: 8
	index: 0, handler: __TI_decompress_rle24
	index: 1, handler: __TI_decompress_none


GLOBAL SYMBOLS: SORTED ALPHABETICALLY BY Name 

address   name                                                                
-------   ----                                                                
c000b920  C$$EXIT                                                             
c000a5d8  C$$IO$$                                                             
c0011af4  Flag                                                                
c00028d4  GPIOBankIntDisable                                                  
c00028a8  GPIOBankIntEnable                                                   
c0002904  GPIOBankPinsWrite                                                   
c00024a0  GPIODirModeGet                                                      
c0002400  GPIODirModeSet                                                      
c0002760  GPIOIntTypeGet                                                      
c00025ec  GPIOIntTypeSet                                                      
c0002858  GPIOPinIntClear                                                     
c00027f0  GPIOPinIntStatus                                                    
c0002588  GPIOPinRead                                                         
c0002504  GPIOPinWrite                                                        
c0008340  HOSTwrite                                                           
c0008500  KEY4Hwi                                                             
c0008540  KEY6Hwi                                                             
c00089f8  KEYInit                                                             
c000580c  LEDControl                                                          
c0005900  LEDInit                                                             
c0008580  LEDSwi                                                              
c0011af8  LEDSwiHandle                                                        
c0006e80  PSCModuleControl                                                    
c0011790  TSK_idle                                                            
c0008a20  _Z23__finalize_destructionsPP20a_needed_destructionPv               
c0000000  __ASM__                                                             
c0011e00  __CIOBUF_                                                           
c0000068  __ISA__                                                             
c0000080  __PLAT__                                                            
c00000b0  __TARG__                                                            
c0012300  __TI_CINIT_Base                                                     
c0012320  __TI_CINIT_Limit                                                    
c00122f0  __TI_Handler_Table_Base                                             
c00122f8  __TI_Handler_Table_Limit                                            
UNDEFED   __TI_INITARRAY_Base                                                 
UNDEFED   __TI_INITARRAY_Limit                                                
00801000  __TI_STACK_END                                                      
00001000  __TI_STACK_SIZE                                                     
c0011af4  __TI_STATIC_BASE                                                    
c0011a5c  __TI_cleanup_ptr                                                    
c000b960  __TI_decompress_none                                                
c000b980  __TI_decompress_rle24                                               
c0011a60  __TI_dtors_ptr                                                      
c0011a64  __TI_enable_exit_profile_output                                     
ffffffff  __TI_pprof_out_hndl                                                 
ffffffff  __TI_prof_data_size                                                 
ffffffff  __TI_prof_data_start                                                
c0009b00  __TI_readmsg                                                        
c000a580  __TI_writemsg                                                       
c00000d8  __TRDR__                                                            
ffffffff  __binit__                                                           
c0008ba0  __c6xabi_divu                                                       
c00042a0  __c6xabi_divull                                                     
c0009b80  __c6xabi_llshl                                                      
c000a5e0  __c6xabi_llshru                                                     
c00091a0  __c6xabi_remu                                                       
ffffffff  __c_args__                                                          
c0008ae0  __cxa_atexit                                                        
c000b860  __cxa_ia64_exit                                                     
c0008ba0  __divu                                                              
c00091a0  __remu                                                              
c000aee0  _args_main                                                          
00000000  _argsize                                                            
c0007140  _auto_init_elf                                                      
c0009240  _c_int00                                                            
c00117dc  _lock                                                               
c000b880  _nop                                                                
c000b8a0  _register_lock                                                      
c000b8c0  _register_unlock                                                    
00800000  _stack                                                              
c000a640  _subcull                                                            
c001182c  _unlock                                                             
c000b920  abort                                                               
c000b940  atexit                                                              
ffffffff  binit                                                               
c0008420  exit                                                                
c000afa0  free                                                                
c00085c0  main                                                                
c000a760  malloc                                                              
c00092e0  memcpy                                                              
c00085e0  memset                                                              
c000f240  parmbuf                                                             
c0011264  ti_sysbios_BIOS_Module__diagsEnabled__C                             
c00112f0  ti_sysbios_BIOS_Module__diagsIncluded__C                            
c00112f4  ti_sysbios_BIOS_Module__diagsMask__C                                
c0010eca  ti_sysbios_BIOS_Module__id__C                                       
c0011958  ti_sysbios_BIOS_Module__state__V                                    
c000b9a0  ti_sysbios_BIOS_RtsGateProxy_enter__E                               
c000b9c0  ti_sysbios_BIOS_RtsGateProxy_leave__E                               
c00086c0  ti_sysbios_BIOS_errorRaiseHook__I                                   
c000a7c0  ti_sysbios_BIOS_exitFunc__I                                         
c00112f8  ti_sysbios_BIOS_installedErrorHook__C                               
c000b9e0  ti_sysbios_BIOS_nullFunc__I                                         
c000a820  ti_sysbios_BIOS_registerRTSLock__I                                  
c000a880  ti_sysbios_BIOS_rtsLock__I                                          
c00078c0  ti_sysbios_BIOS_rtsUnlock__I                                        
c000ba00  ti_sysbios_BIOS_setThreadType__E                                    
c000afe0  ti_sysbios_BIOS_startFunc__I                                        
c000ba20  ti_sysbios_BIOS_start__E                                            
c000ba40  ti_sysbios_family_c62_TaskSupport_Module__startupDone__S            
c000af20  ti_sysbios_family_c62_TaskSupport_buildTaskStack                    
c000ba60  ti_sysbios_family_c62_TaskSupport_checkStack__E                     
c000b8e0  ti_sysbios_family_c62_TaskSupport_glue                              
c000a8e0  ti_sysbios_family_c62_TaskSupport_start__E                          
c0009c00  ti_sysbios_family_c62_TaskSupport_swap__E                           
c00112fc  ti_sysbios_family_c64p_Cache_MAR0_31__C                             
c0011300  ti_sysbios_family_c64p_Cache_MAR128_159__C                          
c0011304  ti_sysbios_family_c64p_Cache_MAR160_191__C                          
c0011308  ti_sysbios_family_c64p_Cache_MAR192_223__C                          
c001130c  ti_sysbios_family_c64p_Cache_MAR224_255__C                          
c0011310  ti_sysbios_family_c64p_Cache_MAR32_63__C                            
c0011314  ti_sysbios_family_c64p_Cache_MAR64_95__C                            
c0011318  ti_sysbios_family_c64p_Cache_MAR96_127__C                           
c0011a14  ti_sysbios_family_c64p_Cache_Module__state__V                       
c000ba80  ti_sysbios_family_c64p_Cache_Module_startup__E                      
c0003da0  ti_sysbios_family_c64p_Cache_Module_startup__F                      
c00112ac  ti_sysbios_family_c64p_Cache_initSize__C                            
c000a940  ti_sysbios_family_c64p_Cache_setMar__E                              
c001131c  ti_sysbios_family_c64p_Exception_E_exceptionMax__C                  
c0011320  ti_sysbios_family_c64p_Exception_E_exceptionMin__C                  
c0011296  ti_sysbios_family_c64p_Exception_Module__id__C                      
c0011900  ti_sysbios_family_c64p_Exception_Module__state__V                   
c000baa0  ti_sysbios_family_c64p_Exception_Module_startup__E                  
c00079e0  ti_sysbios_family_c64p_Exception_Module_startup__F                  
c0005b20  ti_sysbios_family_c64p_Exception_decodeMpfsr__I                     
c0006b80  ti_sysbios_family_c64p_Exception_dispatch__E                        
c00112aa  ti_sysbios_family_c64p_Exception_enableExternalMPC__C               
c001152c  ti_sysbios_family_c64p_Exception_enablePrint__C                     
c0011324  ti_sysbios_family_c64p_Exception_exceptionHook__C                   
c0005d20  ti_sysbios_family_c64p_Exception_externalHandler__I                 
c0011328  ti_sysbios_family_c64p_Exception_externalHook__C                    
c0000000  ti_sysbios_family_c64p_Exception_handler__I                         
c0004500  ti_sysbios_family_c64p_Exception_internalHandler__I                 
[...]
c00112d8  xdc_runtime_Startup_firstFxns__A                                    
c00112e0  xdc_runtime_Startup_firstFxns__C                                    
c00112e8  xdc_runtime_Startup_lastFxns__C                                     
c00112f0  ti_sysbios_BIOS_Module__diagsIncluded__C                            
c00112f4  ti_sysbios_BIOS_Module__diagsMask__C                                
c00112f8  ti_sysbios_BIOS_installedErrorHook__C                               
c00112fc  ti_sysbios_family_c64p_Cache_MAR0_31__C                             
c0011300  ti_sysbios_family_c64p_Cache_MAR128_159__C                          
c0011304  ti_sysbios_family_c64p_Cache_MAR160_191__C                          
c0011308  ti_sysbios_family_c64p_Cache_MAR192_223__C                          
c001130c  ti_sysbios_family_c64p_Cache_MAR224_255__C                          
c0011310  ti_sysbios_family_c64p_Cache_MAR32_63__C                            
c0011314  ti_sysbios_family_c64p_Cache_MAR64_95__C                            
c0011318  ti_sysbios_family_c64p_Cache_MAR96_127__C                           
c001131c  ti_sysbios_family_c64p_Exception_E_exceptionMax__C                  
c0011320  ti_sysbios_family_c64p_Exception_E_exceptionMin__C                  
c0011324  ti_sysbios_family_c64p_Exception_exceptionHook__C                   
c0011328  ti_sysbios_family_c64p_Exception_externalHook__C                    
c001132c  ti_sysbios_family_c64p_Exception_internalHook__C                    
c0011330  ti_sysbios_family_c64p_Exception_nmiHook__C                         
c0011334  ti_sysbios_family_c64p_Hwi_LD_end__C                                
c0011338  ti_sysbios_family_c64p_Hwi_LM_begin__C                              
c001133c  ti_sysbios_family_c64p_Hwi_Module__diagsEnabled__C                  
c0011340  ti_sysbios_family_c64p_Hwi_Module__diagsIncluded__C                 
c0011344  ti_sysbios_family_c64p_Hwi_Module__diagsMask__C                     
c0011348  ti_sysbios_family_c64p_Hwi_Module__loggerFxn1__C                    
c001134c  ti_sysbios_family_c64p_Hwi_Module__loggerFxn8__C                    
c0011350  ti_sysbios_family_c64p_Hwi_Module__loggerObj__C                     
c0011354  ti_sysbios_gates_GateMutex_A_badContext__C                          
c0011358  ti_sysbios_gates_GateMutex_Instance_State_sem__O                    
c001135c  ti_sysbios_gates_GateMutex_Module__diagsEnabled__C                  
c0011360  ti_sysbios_gates_GateMutex_Module__diagsIncluded__C                 
c0011364  ti_sysbios_gates_GateMutex_Module__diagsMask__C                     
c0011368  ti_sysbios_hal_Hwi_E_stackOverflow__C                               
c001136c  ti_sysbios_heaps_HeapMem_A_align__C                                 
c0011370  ti_sysbios_heaps_HeapMem_A_heapSize__C                              
c0011374  ti_sysbios_heaps_HeapMem_A_invalidFree__C                           
c0011378  ti_sysbios_heaps_HeapMem_A_zeroBlock__C                             
c001137c  ti_sysbios_heaps_HeapMem_E_memory__C                                
c0011380  ti_sysbios_heaps_HeapMem_Module__diagsEnabled__C                    
c0011384  ti_sysbios_heaps_HeapMem_Module__diagsIncluded__C                   
c0011388  ti_sysbios_heaps_HeapMem_Module__diagsMask__C                       
c001138c  ti_sysbios_heaps_HeapMem_Module__gateObj__C                         
c0011390  ti_sysbios_heaps_HeapMem_Object__count__C                           
c0011394  ti_sysbios_heaps_HeapMem_Object__table__C                           
c0011398  ti_sysbios_heaps_HeapMem_reqAlign__C                                
c001139c  ti_sysbios_knl_Clock_LM_begin__C                                    
c00113a0  ti_sysbios_knl_Clock_LM_tick__C                                     
c00113a4  ti_sysbios_knl_Clock_LW_delayed__C                                  
c00113a8  ti_sysbios_knl_Clock_Module_State_clockQ__O                         
c00113ac  ti_sysbios_knl_Clock_Module__diagsEnabled__C                        
c00113b0  ti_sysbios_knl_Clock_Module__diagsIncluded__C                       
c00113b4  ti_sysbios_knl_Clock_Module__diagsMask__C                           
c00113b8  ti_sysbios_knl_Clock_Module__loggerFxn1__C                          
c00113bc  ti_sysbios_knl_Clock_Module__loggerFxn2__C                          
c00113c0  ti_sysbios_knl_Clock_Module__loggerObj__C                           
c00113c4  ti_sysbios_knl_Clock_tickMode__C                                    
c00113c8  ti_sysbios_knl_Clock_tickSource__C                                  
c00113cc  ti_sysbios_knl_Semaphore_A_badContext__C                            
c00113d0  ti_sysbios_knl_Idle_coreList__A                                     
c00113d4  ti_sysbios_knl_Semaphore_A_noEvents__C                              
c00113d8  ti_sysbios_knl_Idle_funcList__A                                     
c00113dc  ti_sysbios_knl_Semaphore_A_overflow__C                              
c00113e0  ti_sysbios_knl_Semaphore_A_pendTaskDisabled__C                      
c00113e4  ti_sysbios_knl_Semaphore_Instance_State_pendQ__O                    
c00113e8  ti_sysbios_knl_Semaphore_LM_pend__C                                 
c00113ec  ti_sysbios_knl_Semaphore_LM_post__C                                 
c00113f0  ti_sysbios_knl_Semaphore_Module__diagsEnabled__C                    
c00113f4  ti_sysbios_knl_Semaphore_Module__diagsIncluded__C                   
c00113f8  ti_sysbios_knl_Semaphore_Module__diagsMask__C                       
c00113fc  ti_sysbios_knl_Semaphore_Module__loggerFxn2__C                      
c0011400  ti_sysbios_knl_Semaphore_Module__loggerFxn4__C                      
c0011404  ti_sysbios_knl_Semaphore_Module__loggerObj__C                       
c0011408  ti_sysbios_knl_Swi_LD_end__C                                        
c001140c  ti_sysbios_knl_Swi_LM_begin__C                                      
c0011410  ti_sysbios_knl_Swi_LM_post__C                                       
c0011414  ti_sysbios_knl_Swi_Module__diagsEnabled__C                          
c0011418  ti_sysbios_knl_Swi_Module__diagsIncluded__C                         
c001141c  ti_sysbios_knl_Swi_Module__diagsMask__C                             
c0011420  ti_sysbios_knl_Swi_Module__loggerFxn1__C                            
c0011424  ti_sysbios_knl_Swi_Module__loggerFxn4__C                            
c0011428  ti_sysbios_knl_Swi_Module__loggerObj__C                             
c001142c  ti_sysbios_knl_Swi_Object__count__C                                 
c0011430  ti_sysbios_knl_Swi_Object__table__C                                 
c0011434  ti_sysbios_knl_Task_E_spOutOfBounds__C                              
c0011438  ti_sysbios_knl_Task_E_stackOverflow__C                              
c001143c  ti_sysbios_knl_Task_LD_block__C                                     
c0011440  ti_sysbios_knl_Task_LD_exit__C                                      
c0011444  ti_sysbios_knl_Task_LD_ready__C                                     
c0011448  ti_sysbios_knl_Task_LM_switch__C                                    
c001144c  ti_sysbios_knl_Task_Module_State_inactiveQ__O                       
c0011450  ti_sysbios_knl_Task_Module_State_terminatedQ__O                     
c0011454  ti_sysbios_knl_Task_Module__diagsEnabled__C                         
c0011458  ti_sysbios_knl_Task_Module__diagsIncluded__C                        
c001145c  ti_sysbios_knl_Task_Module__diagsMask__C                            
c0011460  ti_sysbios_knl_Task_Module__loggerFxn2__C                           
c0011464  ti_sysbios_knl_Task_Module__loggerFxn4__C                           
c0011468  ti_sysbios_knl_Task_Module__loggerObj__C                            
c001146c  ti_sysbios_knl_Task_Object__count__C                                
c0011470  ti_sysbios_knl_Task_Object__table__C                                
c0011474  ti_sysbios_knl_Task_allBlockedFunc__C                               
c0011478  ti_sysbios_knl_Task_numConstructedTasks__C                          
c001147c  ti_sysbios_timers_timer64_Timer_A_notAvailable__C                   
c0011480  ti_sysbios_timers_timer64_Timer_E_cannotSupport__C                  
c0011484  ti_sysbios_timers_timer64_Timer_Module__diagsEnabled__C             
c0011488  ti_sysbios_timers_timer64_Timer_Module__diagsIncluded__C            
c001148c  ti_sysbios_timers_timer64_Timer_Module__diagsMask__C                
c0011490  ti_sysbios_timers_timer64_Timer_anyMask__C                          
c0011494  ti_sysbios_timers_timer64_Timer_freqDivisor__C                      
c0011498  ti_sysbios_timers_timer64_Timer_numLocalTimers__C                   
c001149c  ti_sysbios_timers_timer64_Timer_numTimerDevices__C                  
c00114a0  xdc_runtime_Assert_E_assertFailed__C                                
c00114a4  xdc_runtime_Core_A_initializedParams__C                             
c00114a8  xdc_runtime_Core_Module__diagsEnabled__C                            
c00114ac  xdc_runtime_Core_Module__diagsIncluded__C                           
c00114b0  xdc_runtime_Core_Module__diagsMask__C                               
c00114b4  xdc_runtime_Error_E_memory__C                                       
c00114b8  xdc_runtime_Error_Module__diagsEnabled__C                           
c00114bc  xdc_runtime_Error_Module__diagsIncluded__C                          
c00114c0  xdc_runtime_Error_Module__diagsMask__C                              
c00114c4  xdc_runtime_Error_Module__loggerFxn8__C                             
c00114c8  xdc_runtime_Error_Module__loggerObj__C                              
c00114cc  xdc_runtime_Error_policy__C                                         
c00114d0  xdc_runtime_Error_raiseHook__C                                      
c00114d4  xdc_runtime_IGateProvider_Interface__BASE__C                        
c00114d8  xdc_runtime_IHeap_Interface__BASE__C                                
c00114dc  xdc_runtime_IModule_Interface__BASE__C                              
c00114e0  xdc_runtime_Log_L_error__C                                          
c00114e4  xdc_runtime_Memory_defaultHeapInstance__C                           
c00114e8  xdc_runtime_Startup_execImpl__C                                     
c00114ec  xdc_runtime_Startup_maxPasses__C                                    
c00114f0  xdc_runtime_Startup_lastFxns__A                                     
c00114f4  xdc_runtime_Startup_sfxnRts__C                                      
c00114f8  xdc_runtime_Startup_sfxnTab__C                                      
c00114fc  xdc_runtime_Startup_startModsFxn__C                                 
c0011500  xdc_runtime_SysMin_bufSize__C                                       
c0011504  xdc_runtime_SysMin_outputFunc__C                                    
c0011508  xdc_runtime_System_Module__gateObj__C                               
c001150c  xdc_runtime_System_extendFxn__C                                     
c0011510  xdc_runtime_System_maxAtexitHandlers__C                             
c0011514  xdc_runtime_Text_charTab__C                                         
c0011518  xdc_runtime_Text_nameEmpty__C                                       
c001151c  xdc_runtime_Text_nameStatic__C                                      
c0011520  xdc_runtime_Text_nameUnknown__C                                     
c0011524  xdc_runtime_Text_nodeTab__C                                         
c0011528  xdc_runtime_Text_visitRopeFxn__C                                    
c001152c  ti_sysbios_family_c64p_Exception_enablePrint__C                     
c001152e  ti_sysbios_family_c64p_Exception_useInternalBuffer__C               
c0011530  ti_sysbios_family_c64p_Hwi_Module__id__C                            
c0011532  ti_sysbios_family_c64p_Hwi_Module__loggerDefined__C                 
c0011534  ti_sysbios_gates_GateMutex_Module__id__C                            
c0011536  ti_sysbios_hal_Hwi_Module__id__C                                    
c0011538  ti_sysbios_heaps_HeapMem_Module__id__C                              
c001153a  ti_sysbios_knl_Clock_Module__id__C                                  
c001153c  ti_sysbios_knl_Clock_Module__loggerDefined__C                       
c001153e  ti_sysbios_knl_Semaphore_Module__id__C                              
c0011540  ti_sysbios_knl_Semaphore_Module__loggerDefined__C                   
c0011542  ti_sysbios_knl_Swi_Module__id__C                                    
c0011544  ti_sysbios_knl_Swi_Module__loggerDefined__C                         
c0011546  ti_sysbios_knl_Task_Module__id__C                                   
c0011548  ti_sysbios_knl_Task_Module__loggerDefined__C                        
c001154a  ti_sysbios_knl_Task_deleteTerminatedTasks__C                        
c001154c  ti_sysbios_knl_Task_initStackFlag__C                                
c001154e  ti_sysbios_timers_timer64_Timer_Module__id__C                       
c0011550  ti_sysbios_timers_timer64_Timer_startupNeeded__C                    
c0011552  xdc_runtime_Core_Module__id__C                                      
c0011554  xdc_runtime_Error_Module__loggerDefined__C                          
c0011556  xdc_runtime_Error_maxDepth__C                                       
c0011558  xdc_runtime_Memory_Module__id__C                                    
c001155a  xdc_runtime_SysMin_flushAtExit__C                                   
c001155c  xdc_runtime_Text_charCnt__C                                         
c001155e  xdc_runtime_Text_isLoaded__C                                        
c0011560  xdc_runtime_Text_registryModsLastId__C                              
c0011562  xdc_runtime_Text_unnamedModsLastId__C                               
c0011568  ti_sysbios_knl_Swi_Module_State_0_readyQ__A                         
c00115e8  ti_sysbios_knl_Task_Module_State_0_readyQ__A                        
c0011668  ti_sysbios_family_c64p_Hwi_Module__state__V                         
c00116d0  ti_sysbios_knl_Swi_Object__table__V                                 
c0011730  ti_sysbios_timers_timer64_Timer_Module_State_0_device__A            
c0011790  TSK_idle                                                            
c0011790  ti_sysbios_knl_Task_Object__table__V                                
c00117dc  _lock                                                               
c00117e0  ti_sysbios_timers_timer64_Timer_Object__table__V                    
c001182c  _unlock                                                             
c0011830  ti_sysbios_family_c64p_Hwi_Object__table__V                         
c0011878  ti_sysbios_knl_Task_Module__state__V                                
c00118c0  ti_sysbios_gates_GateMutex_Object__table__V                         
c0011900  ti_sysbios_family_c64p_Exception_Module__state__V                   
c0011930  ti_sysbios_knl_Clock_Module__state__V                               
c0011958  ti_sysbios_BIOS_Module__state__V                                    
c0011978  ti_sysbios_timers_timer64_Timer_Module_State_0_gctrl__A             
c0011998  ti_sysbios_timers_timer64_Timer_Module_State_0_handles__A           
c00119b8  ti_sysbios_timers_timer64_Timer_Module_State_0_intFreqs__A          
c00119d8  xdc_runtime_System_Module_State_0_atexitHandlers__A                 
c00119f8  ti_sysbios_knl_Swi_Module__state__V                                 
c0011a14  ti_sysbios_family_c64p_Cache_Module__state__V                       
c0011a18  ti_sysbios_hal_Hwi_Object__table__V                                 
c0011a30  ti_sysbios_heaps_HeapMem_Object__table__V                           
c0011a48  ti_sysbios_timers_timer64_Timer_Module__state__V                    
c0011a5c  __TI_cleanup_ptr                                                    
c0011a60  __TI_dtors_ptr                                                      
c0011a64  __TI_enable_exit_profile_output                                     
c0011a68  xdc_runtime_SysMin_Module__state__V                                 
c0011a74  xdc_runtime_System_Module__state__V                                 
c0011a80  ti_sysbios_family_c64p_primus_TimerSupport_Module_State_0_suspSrc__A
c0011a88  ti_sysbios_gates_GateHwi_Module__root__V                            
c0011a90  ti_sysbios_gates_GateMutex_Module__root__V                          
c0011a98  ti_sysbios_hal_Timer_Object__table__V                               
c0011aa0  ti_sysbios_heaps_HeapMem_Module__root__V                            
c0011aa8  ti_sysbios_knl_Queue_Module__root__V                                
c0011ab0  ti_sysbios_knl_Semaphore_Module__root__V                            
c0011ab8  ti_sysbios_knl_Task_Module__root__V                                 
c0011ac0  xdc_runtime_Registry_Module__state__V                               
c0011ac8  xdc_runtime_Startup_Module__state__V                                
c0011ad0  ti_sysbios_family_c64p_primus_TimerSupport_Module__state__V         
c0011ad4  xdc_runtime_Memory_Module__state__V                                 
c0011ad8  ti_sysbios_gates_GateHwi_Object__table__V                           
c0011adc  xdc_runtime_Error_Module__state__V                                  
c0011ae0  ti_sysbios_knl_Task_Module_State_0_idleTask__A                      
c0011af4  Flag                                                                
c0011af4  __TI_STATIC_BASE                                                    
c0011af8  LEDSwiHandle                                                        
c0011c00  ti_sysbios_family_c64p_Hwi0                                         
c0011c00  ti_sysbios_family_c64p_Hwi_int0                                     
c0011c20  ti_sysbios_family_c64p_Hwi_int1                                     
c0011c40  ti_sysbios_family_c64p_Hwi_int2                                     
c0011c60  ti_sysbios_family_c64p_Hwi_int3                                     
c0011c80  ti_sysbios_family_c64p_Hwi_int4                                     
c0011ca0  ti_sysbios_family_c64p_Hwi_int5                                     
c0011cc0  ti_sysbios_family_c64p_Hwi_int6                                     
c0011ce0  ti_sysbios_family_c64p_Hwi_int7                                     
c0011d00  ti_sysbios_family_c64p_Hwi_int8                                     
c0011d20  ti_sysbios_family_c64p_Hwi_int9                                     
c0011d40  ti_sysbios_family_c64p_Hwi_int10                                    
c0011d60  ti_sysbios_family_c64p_Hwi_int11                                    
c0011d80  ti_sysbios_family_c64p_Hwi_int12                                    
c0011da0  ti_sysbios_family_c64p_Hwi_int13                                    
c0011dc0  ti_sysbios_family_c64p_Hwi_int14                                    
c0011de0  ti_sysbios_family_c64p_Hwi_int15                                    
c0011e00  __CIOBUF_                                                           
c00122f0  __TI_Handler_Table_Base                                             
c00122f8  __TI_Handler_Table_Limit                                            
c0012300  __TI_CINIT_Base                                                     
c0012320  __TI_CINIT_Limit                                                    
ffffffff  __TI_pprof_out_hndl                                                 
ffffffff  __TI_prof_data_size                                                 
ffffffff  __TI_prof_data_start                                                
ffffffff  __binit__                                                           
ffffffff  __c_args__                                                          
ffffffff  binit                                                               
UNDEFED   __TI_INITARRAY_Base                                                 
UNDEFED   __TI_INITARRAY_Limit                                                

[600 symbols]
