******************************************************************************
               TMS320C6x Linker PC v8.3.12                     
******************************************************************************
>> Linked Wed Apr 27 11:24:11 2022

OUTPUT FILE NAME:   <Task_Static.out>
ENTRY POINT SYMBOL: "_c_int00"  address: c0008ba0


MEMORY CONFIGURATION

         name            origin    length      used     unused   attr    fill
----------------------  --------  ---------  --------  --------  ----  --------
  DSPL2RAM              00800000   00040000  00001000  0003f000  RW  
  SHRAM                 80000000   00020000  00000000  00020000  RW X
  DDR2                  c0000000   08000000  00011416  07feebea  RW X


SEGMENT ALLOCATION MAP

run origin  load origin   length   init length attrs members
----------  ----------- ---------- ----------- ----- -------
00800000    00800000    00001000   00000000    rw-
  00800000    00800000    00001000   00000000    rw- .stack
c0000000    c0000000    0000e3d4   0000e3d4    r-x
  c0000000    c0000000    0000c0a0   0000c0a0    r-x .text
  c000c0a0    c000c0a0    00002334   00002334    r-- .const
c000e3d8    c000e3d8    00002a90   00000000    rw-
  c000e3d8    c000e3d8    00002414   00000000    rw- .far
  c00107f0    c00107f0    00000556   00000000    rw- .fardata
  c0010d48    c0010d48    00000120   00000000    rw- .cio
c0011000    c0011000    000005b8   000005b8    r-x
  c0011000    c0011000    00000200   00000200    r-x .vecs
  c0011200    c0011200    000003b8   000003b8    r-- .cinit


SECTION ALLOCATION MAP

 output                                  attributes/
section   page    origin      length       input sections
--------  ----  ----------  ----------   ----------------
.stack     0    00800000    00001000     UNINITIALIZED
                  00800000    00000008     boot.ae674 : boot.oe674 (.stack)
                  00800008    00000ff8     --HOLE--

.cinit     0    c0011200    000003b8     
                  c0011200    0000038f     (.cinit..fardata.load) [load image, compression = rle]
                  c001158f    0000000b     (.cinit..far.load) [load image, compression = rle]
                  c001159a    00000002     --HOLE-- [fill = 0]
                  c001159c    00000008     (__TI_handler_table)
                  c00115a4    00000004     --HOLE-- [fill = 0]
                  c00115a8    00000010     (__TI_cinit_table)

.init_array 
*          0    c0000000    00000000     UNINITIALIZED

.far       0    c000e3d8    00002414     UNINITIALIZED
                  c000e3d8    00001000     (.common:ti_sysbios_heaps_HeapMem_Instance_State_0_buf__A)
                  c000f3d8    00001000     Local_pe674.oe674 (.far:taskStackSection)
                  c00103d8    00000400     (.common:xdc_runtime_SysMin_Module_State_0_outbuf__A)
                  c00107d8    00000008     (.common:parmbuf)
                  c00107e0    00000004     (.common:ti_sysbios_knl_Task_Instance_State_0_hookEnv__A)
                  c00107e4    00000004     --HOLE--
                  c00107e8    00000004     (.common:ti_sysbios_knl_Task_Instance_State_1_hookEnv__A)

.vecs      0    c0011000    00000200     
                  c0011000    00000200     Local_pe674.oe674 (.vecs)

xdc.meta   0    c0000000    00000100     COPY SECTION
                  c0000000    00000100     Local_pe674.oe674 (xdc.meta)

.text      0    c0000000    0000c0a0     
                  c0000000    000008a0     sysbios.ae674 : BIOS.obj (.text:ti_sysbios_family_c64p_Exception_handler__I)
                  c00008a0    000008a0     ti.targets.rts6000.ae674 : System.oe674 (.text:xdc_runtime_System_doPrint__I)
                  c0001140    000006e0     sysbios.ae674 : BIOS.obj (.text:ti_sysbios_knl_Semaphore_pend__E)
                  c0001820    00000600                   : BIOS.obj (.text:ti_sysbios_heaps_HeapMem_alloc__E)
                  c0001e20    000005e0                   : BIOS.obj (.text:ti_sysbios_heaps_HeapMem_free__E)
                  c0002400    000005a0                   : BIOS.obj (.text:ti_sysbios_timers_timer64_Timer_Module_startup__F)
                  c00029a0    00000420                   : BIOS.obj (.text:ti_sysbios_knl_Task_sleep__E)
                  c0002dc0    00000340     Local_pe674.oe674 (.text:xdc_runtime_System_printfExtend__I)
                  c0003100    000002e0     sysbios.ae674 : BIOS.obj (.text:ti_sysbios_heaps_HeapMem_Instance_init__F)
                  c00033e0    000002e0                   : BIOS.obj (.text:ti_sysbios_knl_Task_exit__E)
                  c00036c0    000002a0                   : BIOS.obj (.text:ti_sysbios_knl_Clock_workFunc__E)
                  c0003960    000002a0                   : BIOS.obj (.text:ti_sysbios_timers_timer64_Timer_deviceConfig__I)
                  c0003c00    00000280                   : BIOS.obj (.text:ti_sysbios_family_c64p_Cache_Module_startup__F)
                  c0003e80    00000280     ti.targets.rts6000.ae674 : Error.oe674 (.text:xdc_runtime_Error_raiseX__F)
                  c0004100    00000260     rts6740_elf.lib : imath64.c.obj (.text:__c6xabi_divull)
                  c0004360    00000260     sysbios.ae674 : BIOS.obj (.text:ti_sysbios_family_c64p_Exception_internalHandler__I)
                  c00045c0    00000260                   : BIOS.obj (.text:ti_sysbios_family_c64p_Hwi_dispatchCore__I)
                  c0004820    00000260                   : BIOS.obj (.text:ti_sysbios_knl_Semaphore_post__E)
                  c0004a80    00000260     ti.targets.rts6000.ae674 : Startup.oe674 (.text:xdc_runtime_Startup_startMods__I)
                  c0004ce0    00000240     sysbios.ae674 : BIOS.obj (.text:ti_sysbios_knl_Swi_run__I)
                  c0004f20    00000220                   : BIOS.obj (.text:ti_sysbios_knl_Task_schedule__I)
                  c0005140    00000220                   : BIOS.obj (.text:ti_sysbios_knl_Task_startCore__E)
                  c0005360    00000220     ti.targets.rts6000.ae674 : Core-mem.oe674 (.text:xdc_runtime_Core_createObject__I)
                  c0005580    00000200     sysbios.ae674 : c64p_Hwi_disp_always.obj (.text:_ti_sysbios_family_c64p_Hwi_dispatchAlways)
                  c0005780    00000200                   : BIOS.obj (.text:ti_sysbios_family_c64p_Exception_decodeMpfsr__I)
                  c0005980    000001e0                   : BIOS.obj (.text:ti_sysbios_family_c64p_Exception_externalHandler__I)
                  c0005b60    000001e0                   : BIOS.obj (.text:ti_sysbios_knl_Task_checkStacks__E)
                  c0005d40    000001e0                   : BIOS.obj (.text:ti_sysbios_knl_Task_postInit__I)
                  c0005f20    000001e0                   : BIOS.obj (.text:ti_sysbios_timers_timer64_Timer_getFreq__E)
                  c0006100    000001c0                   : BIOS.obj (.text:ti_sysbios_gates_GateMutex_enter__E)
                  c00062c0    000001c0                   : BIOS.obj (.text:ti_sysbios_timers_timer64_Timer_setPeriodMicroSecs__E)
                  c0006480    000001c0     ti.targets.rts6000.ae674 : Text.oe674 (.text:xdc_runtime_Text_putSite__F)
                  c0006640    000001a0     sysbios.ae674 : BIOS.obj (.text:ti_sysbios_timers_timer64_Timer_start__E)
                  c00067e0    00000180                   : c64p_Exception_asm.obj (.text)
                  c0006960    00000180                   : BIOS.obj (.text:ti_sysbios_knl_Task_unblockI__E)
                  c0006ae0    00000160                   : BIOS.obj (.text:ti_sysbios_knl_Swi_post__E)
                  c0006c40    00000140     boot.ae674 : autoinit.oe674 (.text:_auto_init_elf)
                  c0006d80    00000140     sysbios.ae674 : BIOS.obj (.text:ti_sysbios_family_c64p_Hwi_Module_startup__F)
                  c0006ec0    00000140                   : BIOS.obj (.text:ti_sysbios_knl_Semaphore_Instance_init__F)
                  c0007000    00000140                   : BIOS.obj (.text:ti_sysbios_knl_Task_Module_startup__F)
                  c0007140    00000140                   : BIOS.obj (.text:ti_sysbios_knl_Task_blockI__E)
                  c0007280    00000140     ti.targets.rts6000.ae674 : Text.oe674 (.text:xdc_runtime_Text_putLab__F)
                  c00073c0    00000120     sysbios.ae674 : BIOS.obj (.text:ti_sysbios_BIOS_rtsUnlock__I)
                  c00074e0    00000120                   : BIOS.obj (.text:ti_sysbios_family_c64p_Exception_Module_startup__F)
                  c0007600    00000120                   : BIOS.obj (.text:ti_sysbios_knl_Clock_startI__E)
                  c0007720    00000120     ti.targets.rts6000.ae674 : Text.oe674 (.text:xdc_runtime_Text_putMod__F)
                  c0007840    00000100     rts6740_elf.lib : copy_decompress_rle.c.obj (.text:__TI_decompress_rle_core)
                  c0007940    00000100     sysbios.ae674 : BIOS.obj (.text:ti_sysbios_knl_Swi_restoreHwi__E)
                  c0007a40    00000100                   : BIOS.obj (.text:ti_sysbios_timers_timer64_Timer_initDevice__I)
                  c0007b40    00000100     ti.targets.rts6000.ae674 : Core-mem.oe674 (.text:xdc_runtime_Core_deleteObject__I)
                  c0007c40    00000100                              : Startup.oe674 (.text:xdc_runtime_Startup_exec__F)
                  c0007d40    00000100                              : Text.oe674 (.text:xdc_runtime_Text_visitRope2__I)
                  c0007e40    000000e0     rts6740_elf.lib : hostwrite.c.obj (.text:HOSTwrite)
                  c0007f20    000000e0                     : exit.c.obj (.text:exit)
                  c0008000    000000e0                     : memset.c.obj (.text:memset)
                  c00080e0    000000e0     sysbios.ae674 : BIOS.obj (.text:ti_sysbios_BIOS_errorRaiseHook__I)
                  c00081c0    000000e0     ti.targets.rts6000.ae674 : Error.oe674 (.text:xdc_runtime_Error_print__F)
                  c00082a0    000000e0                              : Memory.oe674 (.text:xdc_runtime_Memory_alloc__F)
                  c0008380    000000c0     rts6740_elf.lib : dtor_list.c.obj (.text:_Z23__finalize_destructionsPP20a_needed_destructionPv)
                  c0008440    000000c0                     : dtor_list.c.obj (.text:_ZN33_INTERNAL_11_dtor_list_c_14e673d611__TI_atexitEPFYvPvES0_S0_)
                  c0008500    000000c0                     : divu.asm.obj (.text:__divu)
                  c00085c0    000000c0     sysbios.ae674 : BIOS.obj (.text:ti_sysbios_heaps_HeapMem_getStats__E)
                  c0008680    000000c0                   : BIOS.obj (.text:ti_sysbios_knl_Clock_logTick__E)
                  c0008740    000000c0                   : BIOS.obj (.text:ti_sysbios_knl_Swi_runLoop__I)
                  c0008800    000000c0                   : BIOS.obj (.text:ti_sysbios_knl_Swi_schedule__I)
                  c00088c0    000000c0                   : BIOS.obj (.text:ti_sysbios_knl_Task_allBlockedFunction__I)
                  c0008980    000000c0                   : BIOS.obj (.text:ti_sysbios_timers_timer64_Timer_startup__E)
                  c0008a40    000000c0     ti.targets.rts6000.ae674 : System.oe674 (.text:xdc_runtime_System_formatNum__I)
                  c0008b00    000000a0     rts6740_elf.lib : remu.asm.obj (.text:__remu)
                  c0008ba0    000000a0     boot.ae674 : boot.oe674 (.text:_c_int00)
                  c0008c40    000000a0     rts6740_elf.lib : memcpy64.asm.obj (.text:memcpy)
                  c0008ce0    000000a0     sysbios.ae674 : BIOS.obj (.text:ti_sysbios_family_c64p_Hwi_dispatchC__I)
                  c0008d80    000000a0                   : BIOS.obj (.text:ti_sysbios_family_c64p_Hwi_getStackInfo__E)
                  c0008e20    000000a0                   : BIOS.obj (.text:ti_sysbios_heaps_HeapMem_init__I)
                  c0008ec0    000000a0                   : BIOS.obj (.text:ti_sysbios_knl_Idle_run__E)
                  c0008f60    000000a0     Local_pe674.oe674 (.text:ti_sysbios_knl_Semaphore_Object__create__S)
                  c0009000    000000a0     sysbios.ae674 : BIOS.obj (.text:ti_sysbios_knl_Semaphore_pendTimeout__I)
                  c00090a0    000000a0                   : BIOS.obj (.text:ti_sysbios_timers_timer64_Timer_stop__E)
                  c0009140    000000a0     ti.targets.rts6000.ae674 : Assert.oe674 (.text:xdc_runtime_Assert_raise__I)
                  c00091e0    000000a0                              : SysMin.oe674 (.text:xdc_runtime_SysMin_abort__F)
                  c0009280    000000a0                              : SysMin.oe674 (.text:xdc_runtime_SysMin_flush__F)
                  c0009320    000000a0                              : SysMin.oe674 (.text:xdc_runtime_SysMin_putch__F)
                  c00093c0    000000a0                              : Text.oe674 (.text:xdc_runtime_Text_xprintf__I)
                  c0009460    00000080     rts6740_elf.lib : trgmsg.c.obj (.text:__TI_readmsg)
                  c00094e0    00000080                     : llshift.c.obj (.text:__c6xabi_llshl)
                  c0009560    00000080     sysbios.ae674 : c62_TaskSupport_asm.obj (.text:_ti_sysbios_family_c62_TaskSupport_swap__E)
                  c00095e0    00000080     Local_pe674.oe674 (.text:ti_sysbios_gates_GateHwi_Object__create__S)
                  c0009660    00000080     Local_pe674.oe674 (.text:ti_sysbios_gates_GateMutex_Object__create__S)
                  c00096e0    00000080     sysbios.ae674 : BIOS.obj (.text:ti_sysbios_hal_Hwi_checkStack:ti_sysbios_hal_Hwi_checkStack)
                  c0009760    00000080                   : BIOS.obj (.text:ti_sysbios_hal_Hwi_initStack:ti_sysbios_hal_Hwi_initStack)
                  c00097e0    00000080     Local_pe674.oe674 (.text:ti_sysbios_heaps_HeapMem_Object__create__S)
                  c0009860    00000080     sysbios.ae674 : BIOS.obj (.text:ti_sysbios_knl_Clock_Module_startup__F)
                  c00098e0    00000080                   : BIOS.obj (.text:ti_sysbios_knl_Clock_getTicks__E)
                  c0009960    00000080     Local_pe674.oe674 (.text:ti_sysbios_knl_Queue_Object__create__S)
                  c00099e0    00000080     sysbios.ae674 : BIOS.obj (.text:ti_sysbios_knl_Swi_startup__E)
                  c0009a60    00000080                   : BIOS.obj (.text:ti_sysbios_knl_Task_restore__E)
                  c0009ae0    00000080                   : BIOS.obj (.text:ti_sysbios_timers_timer64_Timer_getCount__E)
                  c0009b60    00000080                   : BIOS.obj (.text:ti_sysbios_timers_timer64_Timer_getPeriod__E)
                  c0009be0    00000080     ti.targets.rts6000.ae674 : Core-label.oe674 (.text:xdc_runtime_Core_assignLabel__I)
                  c0009c60    00000080                              : Core-params.oe674 (.text:xdc_runtime_Core_assignParams__I)
                  c0009ce0    00000080                              : System.oe674 (.text:xdc_runtime_System_atexit__F)
                  c0009d60    00000080                              : System.oe674 (.text:xdc_runtime_System_putchar__I)
                  c0009de0    00000080                              : System.oe674 (.text:xdc_runtime_System_rtsExit__I)
                  c0009e60    00000080                              : Text.oe674 (.text:xdc_runtime_Text_printVisFxn__I)
                  c0009ee0    00000060     rts6740_elf.lib : trgmsg.c.obj (.text:__TI_writemsg)
                  c0009f40    00000060                     : llshift.c.obj (.text:__c6xabi_llshru)
                  c0009fa0    00000060                     : imath64.c.obj (.text:_subcull)
                  c000a000    00000060     sysbios.ae674 : c64p_Hwi_asm_switch.obj (.text:_ti_sysbios_family_c64p_Hwi_switchAndDispatch__I)
                  c000a060    00000060                   : c64p_Hwi_asm_switch.obj (.text:_ti_sysbios_family_xxx_Hwi_switchAndRunFunc)
                  c000a0c0    00000060     Local_pe674.oe674 (.text:malloc)
                  c000a120    00000060     Local_pe674.oe674 (.text:ti_sysbios_BIOS_exitFunc__I)
                  c000a180    00000060     sysbios.ae674 : BIOS.obj (.text:ti_sysbios_BIOS_registerRTSLock__I)
                  c000a1e0    00000060                   : BIOS.obj (.text:ti_sysbios_BIOS_rtsLock__I)
                  c000a240    00000060                   : BIOS.obj (.text:ti_sysbios_family_c62_TaskSupport_start__E)
                  c000a2a0    00000060                   : BIOS.obj (.text:ti_sysbios_family_c64p_Cache_setMar__E)
                  c000a300    00000060                   : BIOS.obj (.text:ti_sysbios_gates_GateMutex_Instance_init__F)
                  c000a360    00000060     Local_pe674.oe674 (.text:ti_sysbios_heaps_HeapMem_Object__get__S)
                  c000a3c0    00000060     Local_pe674.oe674 (.text:ti_sysbios_knl_Clock_doTick__I)
                  c000a420    00000060     sysbios.ae674 : BIOS.obj (.text:ti_sysbios_knl_Swi_Module_startup__F)
                  c000a480    00000060     Local_pe674.oe674 (.text:ti_sysbios_knl_Task_Object__get__S)
                  c000a4e0    00000060     sysbios.ae674 : BIOS.obj (.text:ti_sysbios_knl_Task_enter__I)
                  c000a540    00000060                   : BIOS.obj (.text:ti_sysbios_knl_Task_sleepTimeout__I)
                  c000a5a0    00000060     Local_pe674.oe674 (.text:xdc_runtime_Error_raiseX__E)
                  c000a600    00000060     ti.targets.rts6000.ae674 : Memory.oe674 (.text:xdc_runtime_Memory_calloc__F)
                  c000a660    00000060                              : SysMin.oe674 (.text:xdc_runtime_SysMin_Module_startup__F)
                  c000a6c0    00000060                              : SysMin.oe674 (.text:xdc_runtime_SysMin_exit__F)
                  c000a720    00000060     Local_pe674.oe674 (.text:xdc_runtime_SysMin_output__I)
                  c000a780    00000060     ti.targets.rts6000.ae674 : System.oe674 (.text:xdc_runtime_System_avprintf__F)
                  c000a7e0    00000060                              : System.oe674 (.text:xdc_runtime_System_vprintf__F)
                  c000a840    00000060                              : Text.oe674 (.text:xdc_runtime_Text_cordText__F)
                  c000a8a0    00000040     rts6740_elf.lib : args_main.c.obj (.text:_args_main)
                  c000a8e0    00000040     sysbios.ae674 : c62_TaskSupport_asm.obj (.text:_ti_sysbios_family_c62_TaskSupport_buildTaskStack)
                  c000a920    00000040                   : c64p_Hwi_asm_switch.obj (.text:_ti_sysbios_family_xxx_Hwi_switchToIsrStack)
                  c000a960    00000040     Local_pe674.oe674 (.text:free)
                  c000a9a0    00000040     main.obj (.text)
                  c000a9e0    00000040     Local_pe674.oe674 (.text:ti_sysbios_BIOS_startFunc__I)
                  c000aa20    00000040     Local_pe674.oe674 (.text:ti_sysbios_family_c64p_Hwi_Module__startupDone__F)
                  c000aa60    00000040     sysbios.ae674 : BIOS.obj (.text:ti_sysbios_family_c64p_Hwi_disableInterrupt__E)
                  c000aaa0    00000040                   : BIOS.obj (.text:ti_sysbios_family_c64p_Hwi_enableInterrupt__E)
                  c000aae0    00000040                   : BIOS.obj (.text:ti_sysbios_family_c64p_primus_TimerSupport_enable__E)
                  c000ab20    00000040     Local_pe674.oe674 (.text:ti_sysbios_gates_GateHwi_Handle__label__S)
                  c000ab60    00000040     Local_pe674.oe674 (.text:ti_sysbios_gates_GateHwi_Object__delete__S)
                  c000aba0    00000040     Local_pe674.oe674 (.text:ti_sysbios_gates_GateMutex_Handle__label__S)
                  c000abe0    00000040     Local_pe674.oe674 (.text:ti_sysbios_gates_GateMutex_Object__delete__S)
                  c000ac20    00000040     sysbios.ae674 : BIOS.obj (.text:ti_sysbios_gates_GateMutex_leave__E)
                  c000ac60    00000040     Local_pe674.oe674 (.text:ti_sysbios_hal_Hwi_HwiProxy_getStackInfo__E)
                  c000aca0    00000040     Local_pe674.oe674 (.text:ti_sysbios_hal_Timer_Module__startupDone__F)
                  c000ace0    00000040     Local_pe674.oe674 (.text:ti_sysbios_heaps_HeapMem_Handle__label__S)
                  c000ad20    00000040     Local_pe674.oe674 (.text:ti_sysbios_heaps_HeapMem_Object__delete__S)
                  c000ad60    00000040     Local_pe674.oe674 (.text:ti_sysbios_knl_Clock_Module_State_clockQ)
                  c000ada0    00000040     Local_pe674.oe674 (.text:ti_sysbios_knl_Queue_Object__destruct__S)
                  c000ade0    00000040     Local_pe674.oe674 (.text:ti_sysbios_knl_Queue_Object__get__S)
                  c000ae20    00000040     Local_pe674.oe674 (.text:ti_sysbios_knl_Semaphore_Object__destruct__S)
                  c000ae60    00000040     Local_pe674.oe674 (.text:ti_sysbios_knl_Swi_Object__get__S)
                  c000aea0    00000040     Local_pe674.oe674 (.text:ti_sysbios_knl_Task_Object__first__S)
                  c000aee0    00000040     Local_pe674.oe674 (.text:ti_sysbios_knl_Task_Object__next__S)
                  c000af20    00000040     Local_pe674.oe674 (.text:ti_sysbios_timers_timer64_Timer_Module__startupDone__F)
                  c000af60    00000040     ti.targets.rts6000.ae674 : Error.oe674 (.text:xdc_runtime_Error_check__F)
                  c000afa0    00000040                              : Error.oe674 (.text:xdc_runtime_Error_init__F)
                  c000afe0    00000040     Local_pe674.oe674 (.text:xdc_runtime_IHeap_alloc)
                  c000b020    00000040     Local_pe674.oe674 (.text:xdc_runtime_IHeap_free)
                  c000b060    00000040     ti.targets.rts6000.ae674 : Memory.oe674 (.text:xdc_runtime_Memory_free__F)
                  c000b0a0    00000040                              : Registry.oe674 (.text:xdc_runtime_Registry_findById__F)
                  c000b0e0    00000040     Local_pe674.oe674 (.text:xdc_runtime_Startup_exec__I)
                  c000b120    00000040     ti.targets.rts6000.ae674 : System.oe674 (.text:xdc_runtime_System_abort__F)
                  c000b160    00000040     Local_pe674.oe674 (.text:xdc_runtime_System_aprintf__E)
                  c000b1a0    00000040     Local_pe674.oe674 (.text:xdc_runtime_System_printf__E)
                  c000b1e0    00000040     ti.targets.rts6000.ae674 : Text.oe674 (.text:xdc_runtime_Text_ropeText__F)
                  c000b220    00000040     Local_pe674.oe674 (.text:xdc_runtime_Text_visitRope__I)
                  c000b260    00000020     rts6740_elf.lib : dtor_list.c.obj (.text:__cxa_ia64_exit)
                  c000b280    00000020                     : _lock.c.obj (.text:_nop)
                  c000b2a0    00000020                     : _lock.c.obj (.text:_register_lock)
                  c000b2c0    00000020                     : _lock.c.obj (.text:_register_unlock)
                  c000b2e0    00000020     sysbios.ae674 : c62_TaskSupport_asm.obj (.text:_ti_sysbios_family_c62_TaskSupport_glue)
                  c000b300    00000020                   : c64p_Hwi_asm_switch.obj (.text:_ti_sysbios_family_xxx_Hwi_switchToTaskStack)
                  c000b320    00000020     rts6740_elf.lib : exit.c.obj (.text:abort)
                  c000b340    00000020                     : dtor_list.c.obj (.text:atexit)
                  c000b360    00000020                     : copy_decompress_none.c.obj (.text:decompress:none:__TI_decompress_none)
                  c000b380    00000020                     : copy_decompress_rle.c.obj (.text:decompress:rle24:__TI_decompress_rle24)
                  c000b3a0    00000020     Local_pe674.oe674 (.text:ti_sysbios_BIOS_RtsGateProxy_enter__E)
                  c000b3c0    00000020     Local_pe674.oe674 (.text:ti_sysbios_BIOS_RtsGateProxy_leave__E)
                  c000b3e0    00000020     sysbios.ae674 : BIOS.obj (.text:ti_sysbios_BIOS_nullFunc__I)
                  c000b400    00000020                   : BIOS.obj (.text:ti_sysbios_BIOS_setThreadType__E)
                  c000b420    00000020                   : BIOS.obj (.text:ti_sysbios_BIOS_start__E)
                  c000b440    00000020     Local_pe674.oe674 (.text:ti_sysbios_family_c62_TaskSupport_Module__startupDone__S)
                  c000b460    00000020     sysbios.ae674 : BIOS.obj (.text:ti_sysbios_family_c62_TaskSupport_checkStack__E)
                  c000b480    00000020     Local_pe674.oe674 (.text:ti_sysbios_family_c64p_Cache_Module_startup__E)
                  c000b4a0    00000020     Local_pe674.oe674 (.text:ti_sysbios_family_c64p_Exception_Module_startup__E)
                  c000b4c0    00000020     Local_pe674.oe674 (.text:ti_sysbios_family_c64p_Hwi_Module__startupDone__S)
                  c000b4e0    00000020     Local_pe674.oe674 (.text:ti_sysbios_family_c64p_Hwi_Module_startup__E)
                  c000b500    00000020     sysbios.ae674 : BIOS.obj (.text:ti_sysbios_family_c64p_Hwi_clearInterrupt__E)
                  c000b520    00000020                   : BIOS.obj (.text:ti_sysbios_family_c64p_Hwi_startup__E)
                  c000b540    00000020                   : BIOS.obj (.text:ti_sysbios_family_c64p_Hwi_switchFromBootStack__E)
                  c000b560    00000020                   : BIOS.obj (.text:ti_sysbios_gates_GateHwi_Instance_init__F)
                  c000b580    00000020                   : BIOS.obj (.text:ti_sysbios_gates_GateHwi_enter__E)
                  c000b5a0    00000020                   : BIOS.obj (.text:ti_sysbios_gates_GateHwi_leave__E)
                  c000b5c0    00000020     Local_pe674.oe674 (.text:ti_sysbios_gates_GateHwi_query__E)
                  c000b5e0    00000020     sysbios.ae674 : BIOS.obj (.text:ti_sysbios_gates_GateHwi_query__F)
                  c000b600    00000020                   : BIOS.obj (.text:ti_sysbios_gates_GateMutex_Instance_finalize__F)
                  c000b620    00000020     Local_pe674.oe674 (.text:ti_sysbios_gates_GateMutex_query__E)
                  c000b640    00000020     sysbios.ae674 : BIOS.obj (.text:ti_sysbios_gates_GateMutex_query__F)
                  c000b660    00000020     Local_pe674.oe674 (.text:ti_sysbios_hal_Hwi_HwiProxy_Module__startupDone__S)
                  c000b680    00000020     Local_pe674.oe674 (.text:ti_sysbios_hal_Hwi_HwiProxy_clearInterrupt__E)
                  c000b6a0    00000020     Local_pe674.oe674 (.text:ti_sysbios_hal_Hwi_HwiProxy_disableInterrupt__E)
                  c000b6c0    00000020     Local_pe674.oe674 (.text:ti_sysbios_hal_Hwi_HwiProxy_enableInterrupt__E)
                  c000b6e0    00000020     Local_pe674.oe674 (.text:ti_sysbios_hal_Hwi_HwiProxy_startup__E)
                  c000b700    00000020     Local_pe674.oe674 (.text:ti_sysbios_hal_Hwi_HwiProxy_switchFromBootStack__E)
                  c000b720    00000020     Local_pe674.oe674 (.text:ti_sysbios_hal_Hwi_Module_startup__E)
                  c000b740    00000020     sysbios.ae674 : BIOS.obj (.text:ti_sysbios_hal_Hwi_Module_startup__F)
                  c000b760    00000020     Local_pe674.oe674 (.text:ti_sysbios_hal_Timer_Module__startupDone__S)
                  c000b780    00000020     Local_pe674.oe674 (.text:ti_sysbios_hal_Timer_Module_startup__E)
                  c000b7a0    00000020     sysbios.ae674 : BIOS.obj (.text:ti_sysbios_hal_Timer_Module_startup__F)
                  c000b7c0    00000020     Local_pe674.oe674 (.text:ti_sysbios_hal_Timer_TimerProxy_Module__startupDone__S)
                  c000b7e0    00000020     Local_pe674.oe674 (.text:ti_sysbios_hal_Timer_TimerProxy_getExpiredCounts__E)
                  c000b800    00000020     Local_pe674.oe674 (.text:ti_sysbios_hal_Timer_TimerProxy_getPeriod__E)
                  c000b820    00000020     Local_pe674.oe674 (.text:ti_sysbios_hal_Timer_TimerProxy_setNextTick__E)
                  c000b840    00000020     Local_pe674.oe674 (.text:ti_sysbios_hal_Timer_TimerProxy_startup__E)
                  c000b860    00000020     Local_pe674.oe674 (.text:ti_sysbios_heaps_HeapMem_Module_GateProxy_enter__E)
                  c000b880    00000020     Local_pe674.oe674 (.text:ti_sysbios_heaps_HeapMem_Module_GateProxy_leave__E)
                  c000b8a0    00000020     Local_pe674.oe674 (.text:ti_sysbios_heaps_HeapMem_Module_GateProxy_query__E)
                  c000b8c0    00000020     sysbios.ae674 : BIOS.obj (.text:ti_sysbios_heaps_HeapMem_isBlocking__E)
                  c000b8e0    00000020     Local_pe674.oe674 (.text:ti_sysbios_knl_Clock_Module_startup__E)
                  c000b900    00000020     sysbios.ae674 : BIOS.obj (.text:ti_sysbios_knl_Idle_loop__E)
                  c000b920    00000020                   : BIOS.obj (.text:ti_sysbios_knl_Queue_Instance_init__F)
                  c000b940    00000020                   : BIOS.obj (.text:ti_sysbios_knl_Queue_empty__E)
                  c000b960    00000020                   : BIOS.obj (.text:ti_sysbios_knl_Semaphore_Instance_finalize__F)
                  c000b980    00000020     Local_pe674.oe674 (.text:ti_sysbios_knl_Swi_Module_startup__E)
                  c000b9a0    00000020     sysbios.ae674 : BIOS.obj (.text:ti_sysbios_knl_Swi_disable__E)
                  c000b9c0    00000020     Local_pe674.oe674 (.text:ti_sysbios_knl_Task_Module_startup__E)
                  c000b9e0    00000020     Local_pe674.oe674 (.text:ti_sysbios_knl_Task_SupportProxy_Module__startupDone__S)
                  c000ba00    00000020     Local_pe674.oe674 (.text:ti_sysbios_knl_Task_SupportProxy_checkStack__E)
                  c000ba20    00000020     Local_pe674.oe674 (.text:ti_sysbios_knl_Task_SupportProxy_start__E)
                  c000ba40    00000020     Local_pe674.oe674 (.text:ti_sysbios_knl_Task_SupportProxy_swap__E)
                  c000ba60    00000020     sysbios.ae674 : BIOS.obj (.text:ti_sysbios_knl_Task_disable__E)
                  c000ba80    00000020                   : BIOS.obj (.text:ti_sysbios_knl_Task_startup__E)
                  c000baa0    00000020     Local_pe674.oe674 (.text:ti_sysbios_timers_timer64_Timer_Module__startupDone__S)
                  c000bac0    00000020     Local_pe674.oe674 (.text:ti_sysbios_timers_timer64_Timer_Module_startup__E)
                  c000bae0    00000020     Local_pe674.oe674 (.text:ti_sysbios_timers_timer64_Timer_TimerSupportProxy_enable__E)
                  c000bb00    00000020     sysbios.ae674 : BIOS.obj (.text:ti_sysbios_timers_timer64_Timer_setNextTick__E)
                  c000bb20    00000020     Local_pe674.oe674 (.text:xdc_iargToPtr)
                  c000bb40    00000020     Local_pe674.oe674 (.text:xdc_runtime_Error_check__E)
                  c000bb60    00000020     Local_pe674.oe674 (.text:xdc_runtime_Error_init__E)
                  c000bb80    00000020     Local_pe674.oe674 (.text:xdc_runtime_Error_print__E)
                  c000bba0    00000020     Local_pe674.oe674 (.text:xdc_runtime_Gate_enterSystem__E)
                  c000bbc0    00000020     ti.targets.rts6000.ae674 : Gate.oe674 (.text:xdc_runtime_Gate_enterSystem__F)
                  c000bbe0    00000020     Local_pe674.oe674 (.text:xdc_runtime_Gate_leaveSystem__E)
                  c000bc00    00000020     ti.targets.rts6000.ae674 : Gate.oe674 (.text:xdc_runtime_Gate_leaveSystem__F)
                  c000bc20    00000020     Local_pe674.oe674 (.text:xdc_runtime_Memory_HeapProxy_alloc__E)
                  c000bc40    00000020     Local_pe674.oe674 (.text:xdc_runtime_Memory_HeapProxy_free__E)
                  c000bc60    00000020     Local_pe674.oe674 (.text:xdc_runtime_Memory_alloc__E)
                  c000bc80    00000020     Local_pe674.oe674 (.text:xdc_runtime_Memory_calloc__E)
                  c000bca0    00000020     Local_pe674.oe674 (.text:xdc_runtime_Memory_free__E)
                  c000bcc0    00000020     Local_pe674.oe674 (.text:xdc_runtime_Registry_findById__E)
                  c000bce0    00000020     Local_pe674.oe674 (.text:xdc_runtime_Startup_exec__E)
                  c000bd00    00000020     Local_pe674.oe674 (.text:xdc_runtime_Startup_reset__I)
                  c000bd20    00000020     Local_pe674.oe674 (.text:xdc_runtime_SysMin_Module_startup__E)
                  c000bd40    00000020     Local_pe674.oe674 (.text:xdc_runtime_SysMin_abort__E)
                  c000bd60    00000020     Local_pe674.oe674 (.text:xdc_runtime_SysMin_exit__E)
                  c000bd80    00000020     Local_pe674.oe674 (.text:xdc_runtime_SysMin_flush__E)
                  c000bda0    00000020     Local_pe674.oe674 (.text:xdc_runtime_SysMin_putch__E)
                  c000bdc0    00000020     Local_pe674.oe674 (.text:xdc_runtime_SysMin_ready__E)
                  c000bde0    00000020     ti.targets.rts6000.ae674 : SysMin.oe674 (.text:xdc_runtime_SysMin_ready__F)
                  c000be00    00000020     Local_pe674.oe674 (.text:xdc_runtime_System_Module_GateProxy_enter__E)
                  c000be20    00000020     Local_pe674.oe674 (.text:xdc_runtime_System_Module_GateProxy_leave__E)
                  c000be40    00000020     Local_pe674.oe674 (.text:xdc_runtime_System_Module_startup__E)
                  c000be60    00000020     ti.targets.rts6000.ae674 : System.oe674 (.text:xdc_runtime_System_Module_startup__F)
                  c000be80    00000020     Local_pe674.oe674 (.text:xdc_runtime_System_SupportProxy_abort__E)
                  c000bea0    00000020     Local_pe674.oe674 (.text:xdc_runtime_System_SupportProxy_exit__E)
                  c000bec0    00000020     Local_pe674.oe674 (.text:xdc_runtime_System_SupportProxy_flush__E)
                  c000bee0    00000020     Local_pe674.oe674 (.text:xdc_runtime_System_SupportProxy_putch__E)
                  c000bf00    00000020     Local_pe674.oe674 (.text:xdc_runtime_System_SupportProxy_ready__E)
                  c000bf20    00000020     Local_pe674.oe674 (.text:xdc_runtime_System_abort__E)
                  c000bf40    00000020     Local_pe674.oe674 (.text:xdc_runtime_System_atexit__E)
                  c000bf60    00000020     Local_pe674.oe674 (.text:xdc_runtime_System_exit__E)
                  c000bf80    00000020     ti.targets.rts6000.ae674 : System.oe674 (.text:xdc_runtime_System_exit__F)
                  c000bfa0    00000020     Local_pe674.oe674 (.text:xdc_runtime_System_flush__E)
                  c000bfc0    00000020     ti.targets.rts6000.ae674 : System.oe674 (.text:xdc_runtime_System_lastFxn__I)
                  c000bfe0    00000020     Local_pe674.oe674 (.text:xdc_runtime_System_vsnprintf__E)
                  c000c000    00000020     ti.targets.rts6000.ae674 : System.oe674 (.text:xdc_runtime_System_vsnprintf__F)
                  c000c020    00000020     Local_pe674.oe674 (.text:xdc_runtime_Text_cordText__E)
                  c000c040    00000020     Local_pe674.oe674 (.text:xdc_runtime_Text_putLab__E)
                  c000c060    00000020     Local_pe674.oe674 (.text:xdc_runtime_Text_putSite__E)
                  c000c080    00000020     Local_pe674.oe674 (.text:xdc_runtime_Text_ropeText__E)

.const     0    c000c0a0    00002334     
                  c000c0a0    000015c2     Local_pe674.oe674 (.const:xdc_runtime_Text_charTab__A)
                  c000d662    000006b7     sysbios.ae674 : BIOS.obj (.const:.string)
                  c000dd19    00000001     --HOLE-- [fill = 0]
                  c000dd1a    00000002     Local_pe674.oe674 (.const:ti_sysbios_BIOS_Module__id__C)
                  c000dd1c    00000004     ti.targets.rts6000.ae674 : Assert.oe674 (.const:.string)
                  c000dd20    000000bc     Local_pe674.oe674 (.const:xdc_runtime_Text_nodeTab__A)
                  c000dddc    00000058     ti.targets.rts6000.ae674 : Error.oe674 (.const:.string)
                  c000de34    00000048     Local_pe674.oe674 (.const:.string)
                  c000de7c    00000040     ti.targets.rts6000.ae674 : Text.oe674 (.const:.string)
                  c000debc    0000002c                              : Startup.oe674 (.const:.string)
                  c000dee8    0000002c     Local_pe674.oe674 (.const:xdc_runtime_Startup_sfxnTab__A)
                  c000df14    00000028     Local_pe674.oe674 (.const:ti_sysbios_heaps_HeapMem_Module__FXNS__C)
                  c000df3c    00000024     Local_pe674.oe674 (.const:ti_sysbios_gates_GateHwi_Module__FXNS__C)
                  c000df60    00000024     Local_pe674.oe674 (.const:ti_sysbios_gates_GateMutex_Module__FXNS__C)
                  c000df84    00000024     Local_pe674.oe674 (.const:ti_sysbios_heaps_HeapMem_Object__PARAMS__C)
                  c000dfa8    00000024     Local_pe674.oe674 (.const:ti_sysbios_knl_Semaphore_Object__PARAMS__C)
                  c000dfcc    00000020     Local_pe674.oe674 (.const:ti_sysbios_gates_GateHwi_Object__DESC__C)
                  c000dfec    00000020     Local_pe674.oe674 (.const:ti_sysbios_gates_GateMutex_Object__DESC__C)
                  c000e00c    00000020     Local_pe674.oe674 (.const:ti_sysbios_heaps_HeapMem_Object__DESC__C)
                  c000e02c    00000020     Local_pe674.oe674 (.const:ti_sysbios_knl_Queue_Object__DESC__C)
                  c000e04c    00000020     Local_pe674.oe674 (.const:ti_sysbios_knl_Semaphore_Object__DESC__C)
                  c000e06c    00000018     Local_pe674.oe674 (.const:ti_sysbios_gates_GateHwi_Object__PARAMS__C)
                  c000e084    00000018     Local_pe674.oe674 (.const:ti_sysbios_gates_GateMutex_Object__PARAMS__C)
                  c000e09c    00000018     Local_pe674.oe674 (.const:ti_sysbios_knl_Queue_Object__PARAMS__C)
                  c000e0b4    00000004     Local_pe674.oe674 (.const:ti_sysbios_BIOS_Module__diagsEnabled__C)
                  c000e0b8    00000018     Local_pe674.oe674 (.const:ti_sysbios_knl_Task_hooks__A)
                  c000e0d0    00000016     Local_pe674.oe674 (.const:xdc_runtime_Startup_sfxnRts__A)
                  c000e0e6    00000002     Local_pe674.oe674 (.const:ti_sysbios_family_c64p_Exception_Module__id__C)
                  c000e0e8    00000014     main.obj (.const:.string)
                  c000e0fc    00000004     Local_pe674.oe674 (.const:ti_sysbios_BIOS_Module__diagsIncluded__C)
                  c000e100    00000011     ti.targets.rts6000.ae674 : System.oe674 (.const:digtohex)
                  c000e111    00000001     --HOLE-- [fill = 0]
                  c000e112    00000002     Local_pe674.oe674 (.const:ti_sysbios_family_c64p_Exception_enableExternalMPC__C)
                  c000e114    0000000c     Local_pe674.oe674 (.const:ti_sysbios_family_c64p_Cache_initSize__C)
                  c000e120    00000008     ti.targets.rts6000.ae674 : System.oe674 (.const:.string)
                  c000e128    00000008     Local_pe674.oe674 (.const:ti_sysbios_knl_Idle_coreList__C)
                  c000e130    00000008     Local_pe674.oe674 (.const:ti_sysbios_knl_Idle_funcList__C)
                  c000e138    00000008     Local_pe674.oe674 (.const:ti_sysbios_knl_Task_hooks__C)
                  c000e140    00000008     Local_pe674.oe674 (.const:xdc_runtime_Startup_firstFxns__A)
                  c000e148    00000008     Local_pe674.oe674 (.const:xdc_runtime_Startup_firstFxns__C)
                  c000e150    00000008     Local_pe674.oe674 (.const:xdc_runtime_Startup_lastFxns__C)
                  c000e158    00000004     Local_pe674.oe674 (.const:ti_sysbios_BIOS_Module__diagsMask__C)
                  c000e15c    00000004     Local_pe674.oe674 (.const:ti_sysbios_BIOS_installedErrorHook__C)
                  c000e160    00000004     Local_pe674.oe674 (.const:ti_sysbios_family_c64p_Cache_MAR0_31__C)
                  c000e164    00000004     Local_pe674.oe674 (.const:ti_sysbios_family_c64p_Cache_MAR128_159__C)
                  c000e168    00000004     Local_pe674.oe674 (.const:ti_sysbios_family_c64p_Cache_MAR160_191__C)
                  c000e16c    00000004     Local_pe674.oe674 (.const:ti_sysbios_family_c64p_Cache_MAR192_223__C)
                  c000e170    00000004     Local_pe674.oe674 (.const:ti_sysbios_family_c64p_Cache_MAR224_255__C)
                  c000e174    00000004     Local_pe674.oe674 (.const:ti_sysbios_family_c64p_Cache_MAR32_63__C)
                  c000e178    00000004     Local_pe674.oe674 (.const:ti_sysbios_family_c64p_Cache_MAR64_95__C)
                  c000e17c    00000004     Local_pe674.oe674 (.const:ti_sysbios_family_c64p_Cache_MAR96_127__C)
                  c000e180    00000004     Local_pe674.oe674 (.const:ti_sysbios_family_c64p_Exception_E_exceptionMax__C)
                  c000e184    00000004     Local_pe674.oe674 (.const:ti_sysbios_family_c64p_Exception_E_exceptionMin__C)
                  c000e188    00000004     Local_pe674.oe674 (.const:ti_sysbios_family_c64p_Exception_exceptionHook__C)
                  c000e18c    00000004     Local_pe674.oe674 (.const:ti_sysbios_family_c64p_Exception_externalHook__C)
                  c000e190    00000004     Local_pe674.oe674 (.const:ti_sysbios_family_c64p_Exception_internalHook__C)
                  c000e194    00000004     Local_pe674.oe674 (.const:ti_sysbios_family_c64p_Exception_nmiHook__C)
                  c000e198    00000004     Local_pe674.oe674 (.const:ti_sysbios_family_c64p_Hwi_LD_end__C)
                  c000e19c    00000004     Local_pe674.oe674 (.const:ti_sysbios_family_c64p_Hwi_LM_begin__C)
                  c000e1a0    00000004     Local_pe674.oe674 (.const:ti_sysbios_family_c64p_Hwi_Module__diagsEnabled__C)
                  c000e1a4    00000004     Local_pe674.oe674 (.const:ti_sysbios_family_c64p_Hwi_Module__diagsIncluded__C)
                  c000e1a8    00000004     Local_pe674.oe674 (.const:ti_sysbios_family_c64p_Hwi_Module__diagsMask__C)
                  c000e1ac    00000004     Local_pe674.oe674 (.const:ti_sysbios_family_c64p_Hwi_Module__loggerFxn1__C)
                  c000e1b0    00000004     Local_pe674.oe674 (.const:ti_sysbios_family_c64p_Hwi_Module__loggerFxn8__C)
                  c000e1b4    00000004     Local_pe674.oe674 (.const:ti_sysbios_family_c64p_Hwi_Module__loggerObj__C)
                  c000e1b8    00000004     Local_pe674.oe674 (.const:ti_sysbios_gates_GateMutex_A_badContext__C)
                  c000e1bc    00000004     Local_pe674.oe674 (.const:ti_sysbios_gates_GateMutex_Instance_State_sem__O)
                  c000e1c0    00000004     Local_pe674.oe674 (.const:ti_sysbios_gates_GateMutex_Module__diagsEnabled__C)
                  c000e1c4    00000004     Local_pe674.oe674 (.const:ti_sysbios_gates_GateMutex_Module__diagsIncluded__C)
                  c000e1c8    00000004     Local_pe674.oe674 (.const:ti_sysbios_gates_GateMutex_Module__diagsMask__C)
                  c000e1cc    00000004     Local_pe674.oe674 (.const:ti_sysbios_hal_Hwi_E_stackOverflow__C)
                  c000e1d0    00000004     Local_pe674.oe674 (.const:ti_sysbios_heaps_HeapMem_A_align__C)
                  c000e1d4    00000004     Local_pe674.oe674 (.const:ti_sysbios_heaps_HeapMem_A_heapSize__C)
                  c000e1d8    00000004     Local_pe674.oe674 (.const:ti_sysbios_heaps_HeapMem_A_invalidFree__C)
                  c000e1dc    00000004     Local_pe674.oe674 (.const:ti_sysbios_heaps_HeapMem_A_zeroBlock__C)
                  c000e1e0    00000004     Local_pe674.oe674 (.const:ti_sysbios_heaps_HeapMem_E_memory__C)
                  c000e1e4    00000004     Local_pe674.oe674 (.const:ti_sysbios_heaps_HeapMem_Module__diagsEnabled__C)
                  c000e1e8    00000004     Local_pe674.oe674 (.const:ti_sysbios_heaps_HeapMem_Module__diagsIncluded__C)
                  c000e1ec    00000004     Local_pe674.oe674 (.const:ti_sysbios_heaps_HeapMem_Module__diagsMask__C)
                  c000e1f0    00000004     Local_pe674.oe674 (.const:ti_sysbios_heaps_HeapMem_Module__gateObj__C)
                  c000e1f4    00000004     Local_pe674.oe674 (.const:ti_sysbios_heaps_HeapMem_Object__count__C)
                  c000e1f8    00000004     Local_pe674.oe674 (.const:ti_sysbios_heaps_HeapMem_Object__table__C)
                  c000e1fc    00000004     Local_pe674.oe674 (.const:ti_sysbios_heaps_HeapMem_reqAlign__C)
                  c000e200    00000004     Local_pe674.oe674 (.const:ti_sysbios_knl_Clock_LM_begin__C)
                  c000e204    00000004     Local_pe674.oe674 (.const:ti_sysbios_knl_Clock_LM_tick__C)
                  c000e208    00000004     Local_pe674.oe674 (.const:ti_sysbios_knl_Clock_LW_delayed__C)
                  c000e20c    00000004     Local_pe674.oe674 (.const:ti_sysbios_knl_Clock_Module_State_clockQ__O)
                  c000e210    00000004     Local_pe674.oe674 (.const:ti_sysbios_knl_Clock_Module__diagsEnabled__C)
                  c000e214    00000004     Local_pe674.oe674 (.const:ti_sysbios_knl_Clock_Module__diagsIncluded__C)
                  c000e218    00000004     Local_pe674.oe674 (.const:ti_sysbios_knl_Clock_Module__diagsMask__C)
                  c000e21c    00000004     Local_pe674.oe674 (.const:ti_sysbios_knl_Clock_Module__loggerFxn1__C)
                  c000e220    00000004     Local_pe674.oe674 (.const:ti_sysbios_knl_Clock_Module__loggerFxn2__C)
                  c000e224    00000004     Local_pe674.oe674 (.const:ti_sysbios_knl_Clock_Module__loggerObj__C)
                  c000e228    00000004     Local_pe674.oe674 (.const:ti_sysbios_knl_Clock_tickMode__C)
                  c000e22c    00000004     Local_pe674.oe674 (.const:ti_sysbios_knl_Clock_tickSource__C)
                  c000e230    00000004     Local_pe674.oe674 (.const:ti_sysbios_knl_Idle_coreList__A)
                  c000e234    00000004     Local_pe674.oe674 (.const:ti_sysbios_knl_Semaphore_A_badContext__C)
                  c000e238    00000004     Local_pe674.oe674 (.const:ti_sysbios_knl_Idle_funcList__A)
                  c000e23c    00000004     Local_pe674.oe674 (.const:ti_sysbios_knl_Semaphore_A_noEvents__C)
                  c000e240    00000004     Local_pe674.oe674 (.const:ti_sysbios_knl_Semaphore_A_overflow__C)
                  c000e244    00000004     Local_pe674.oe674 (.const:ti_sysbios_knl_Semaphore_A_pendTaskDisabled__C)
                  c000e248    00000004     Local_pe674.oe674 (.const:ti_sysbios_knl_Semaphore_Instance_State_pendQ__O)
                  c000e24c    00000004     Local_pe674.oe674 (.const:ti_sysbios_knl_Semaphore_LM_pend__C)
                  c000e250    00000004     Local_pe674.oe674 (.const:ti_sysbios_knl_Semaphore_LM_post__C)
                  c000e254    00000004     Local_pe674.oe674 (.const:ti_sysbios_knl_Semaphore_Module__diagsEnabled__C)
                  c000e258    00000004     Local_pe674.oe674 (.const:ti_sysbios_knl_Semaphore_Module__diagsIncluded__C)
                  c000e25c    00000004     Local_pe674.oe674 (.const:ti_sysbios_knl_Semaphore_Module__diagsMask__C)
                  c000e260    00000004     Local_pe674.oe674 (.const:ti_sysbios_knl_Semaphore_Module__loggerFxn2__C)
                  c000e264    00000004     Local_pe674.oe674 (.const:ti_sysbios_knl_Semaphore_Module__loggerFxn4__C)
                  c000e268    00000004     Local_pe674.oe674 (.const:ti_sysbios_knl_Semaphore_Module__loggerObj__C)
                  c000e26c    00000004     Local_pe674.oe674 (.const:ti_sysbios_knl_Swi_LD_end__C)
                  c000e270    00000004     Local_pe674.oe674 (.const:ti_sysbios_knl_Swi_LM_begin__C)
                  c000e274    00000004     Local_pe674.oe674 (.const:ti_sysbios_knl_Swi_LM_post__C)
                  c000e278    00000004     Local_pe674.oe674 (.const:ti_sysbios_knl_Swi_Module__diagsEnabled__C)
                  c000e27c    00000004     Local_pe674.oe674 (.const:ti_sysbios_knl_Swi_Module__diagsIncluded__C)
                  c000e280    00000004     Local_pe674.oe674 (.const:ti_sysbios_knl_Swi_Module__diagsMask__C)
                  c000e284    00000004     Local_pe674.oe674 (.const:ti_sysbios_knl_Swi_Module__loggerFxn1__C)
                  c000e288    00000004     Local_pe674.oe674 (.const:ti_sysbios_knl_Swi_Module__loggerFxn4__C)
                  c000e28c    00000004     Local_pe674.oe674 (.const:ti_sysbios_knl_Swi_Module__loggerObj__C)
                  c000e290    00000004     Local_pe674.oe674 (.const:ti_sysbios_knl_Swi_Object__count__C)
                  c000e294    00000004     Local_pe674.oe674 (.const:ti_sysbios_knl_Swi_Object__table__C)
                  c000e298    00000004     Local_pe674.oe674 (.const:ti_sysbios_knl_Task_A_badTimeout__C)
                  c000e29c    00000004     Local_pe674.oe674 (.const:ti_sysbios_knl_Task_A_sleepTaskDisabled__C)
                  c000e2a0    00000004     Local_pe674.oe674 (.const:ti_sysbios_knl_Task_E_spOutOfBounds__C)
                  c000e2a4    00000004     Local_pe674.oe674 (.const:ti_sysbios_knl_Task_E_stackOverflow__C)
                  c000e2a8    00000004     Local_pe674.oe674 (.const:ti_sysbios_knl_Task_LD_block__C)
                  c000e2ac    00000004     Local_pe674.oe674 (.const:ti_sysbios_knl_Task_LD_exit__C)
                  c000e2b0    00000004     Local_pe674.oe674 (.const:ti_sysbios_knl_Task_LD_ready__C)
                  c000e2b4    00000004     Local_pe674.oe674 (.const:ti_sysbios_knl_Task_LM_sleep__C)
                  c000e2b8    00000004     Local_pe674.oe674 (.const:ti_sysbios_knl_Task_LM_switch__C)
                  c000e2bc    00000004     Local_pe674.oe674 (.const:ti_sysbios_knl_Task_Module_State_inactiveQ__O)
                  c000e2c0    00000004     Local_pe674.oe674 (.const:ti_sysbios_knl_Task_Module_State_terminatedQ__O)
                  c000e2c4    00000004     Local_pe674.oe674 (.const:ti_sysbios_knl_Task_Module__diagsEnabled__C)
                  c000e2c8    00000004     Local_pe674.oe674 (.const:ti_sysbios_knl_Task_Module__diagsIncluded__C)
                  c000e2cc    00000004     Local_pe674.oe674 (.const:ti_sysbios_knl_Task_Module__diagsMask__C)
                  c000e2d0    00000004     Local_pe674.oe674 (.const:ti_sysbios_knl_Task_Module__loggerFxn2__C)
                  c000e2d4    00000004     Local_pe674.oe674 (.const:ti_sysbios_knl_Task_Module__loggerFxn4__C)
                  c000e2d8    00000004     Local_pe674.oe674 (.const:ti_sysbios_knl_Task_Module__loggerObj__C)
                  c000e2dc    00000004     Local_pe674.oe674 (.const:ti_sysbios_knl_Task_Object__count__C)
                  c000e2e0    00000004     Local_pe674.oe674 (.const:ti_sysbios_knl_Task_Object__table__C)
                  c000e2e4    00000004     Local_pe674.oe674 (.const:ti_sysbios_knl_Task_allBlockedFunc__C)
                  c000e2e8    00000004     Local_pe674.oe674 (.const:ti_sysbios_knl_Task_numConstructedTasks__C)
                  c000e2ec    00000004     Local_pe674.oe674 (.const:ti_sysbios_timers_timer64_Timer_A_notAvailable__C)
                  c000e2f0    00000004     Local_pe674.oe674 (.const:ti_sysbios_timers_timer64_Timer_E_cannotSupport__C)
                  c000e2f4    00000004     Local_pe674.oe674 (.const:ti_sysbios_timers_timer64_Timer_Module__diagsEnabled__C)
                  c000e2f8    00000004     Local_pe674.oe674 (.const:ti_sysbios_timers_timer64_Timer_Module__diagsIncluded__C)
                  c000e2fc    00000004     Local_pe674.oe674 (.const:ti_sysbios_timers_timer64_Timer_Module__diagsMask__C)
                  c000e300    00000004     Local_pe674.oe674 (.const:ti_sysbios_timers_timer64_Timer_anyMask__C)
                  c000e304    00000004     Local_pe674.oe674 (.const:ti_sysbios_timers_timer64_Timer_freqDivisor__C)
                  c000e308    00000004     Local_pe674.oe674 (.const:ti_sysbios_timers_timer64_Timer_numLocalTimers__C)
                  c000e30c    00000004     Local_pe674.oe674 (.const:ti_sysbios_timers_timer64_Timer_numTimerDevices__C)
                  c000e310    00000004     Local_pe674.oe674 (.const:xdc_runtime_Assert_E_assertFailed__C)
                  c000e314    00000004     Local_pe674.oe674 (.const:xdc_runtime_Core_A_initializedParams__C)
                  c000e318    00000004     Local_pe674.oe674 (.const:xdc_runtime_Core_Module__diagsEnabled__C)
                  c000e31c    00000004     Local_pe674.oe674 (.const:xdc_runtime_Core_Module__diagsIncluded__C)
                  c000e320    00000004     Local_pe674.oe674 (.const:xdc_runtime_Core_Module__diagsMask__C)
                  c000e324    00000004     Local_pe674.oe674 (.const:xdc_runtime_Error_E_memory__C)
                  c000e328    00000004     Local_pe674.oe674 (.const:xdc_runtime_Error_Module__diagsEnabled__C)
                  c000e32c    00000004     Local_pe674.oe674 (.const:xdc_runtime_Error_Module__diagsIncluded__C)
                  c000e330    00000004     Local_pe674.oe674 (.const:xdc_runtime_Error_Module__diagsMask__C)
                  c000e334    00000004     Local_pe674.oe674 (.const:xdc_runtime_Error_Module__loggerFxn8__C)
                  c000e338    00000004     Local_pe674.oe674 (.const:xdc_runtime_Error_Module__loggerObj__C)
                  c000e33c    00000004     Local_pe674.oe674 (.const:xdc_runtime_Error_policy__C)
                  c000e340    00000004     Local_pe674.oe674 (.const:xdc_runtime_Error_raiseHook__C)
                  c000e344    00000004     Local_pe674.oe674 (.const:xdc_runtime_IGateProvider_Interface__BASE__C)
                  c000e348    00000004     Local_pe674.oe674 (.const:xdc_runtime_IHeap_Interface__BASE__C)
                  c000e34c    00000004     Local_pe674.oe674 (.const:xdc_runtime_IModule_Interface__BASE__C)
                  c000e350    00000004     Local_pe674.oe674 (.const:xdc_runtime_Log_L_error__C)
                  c000e354    00000004     Local_pe674.oe674 (.const:xdc_runtime_Memory_defaultHeapInstance__C)
                  c000e358    00000004     Local_pe674.oe674 (.const:xdc_runtime_Startup_execImpl__C)
                  c000e35c    00000004     Local_pe674.oe674 (.const:xdc_runtime_Startup_maxPasses__C)
                  c000e360    00000004     Local_pe674.oe674 (.const:xdc_runtime_Startup_lastFxns__A)
                  c000e364    00000004     Local_pe674.oe674 (.const:xdc_runtime_Startup_sfxnRts__C)
                  c000e368    00000004     Local_pe674.oe674 (.const:xdc_runtime_Startup_sfxnTab__C)
                  c000e36c    00000004     Local_pe674.oe674 (.const:xdc_runtime_Startup_startModsFxn__C)
                  c000e370    00000004     Local_pe674.oe674 (.const:xdc_runtime_SysMin_bufSize__C)
                  c000e374    00000004     Local_pe674.oe674 (.const:xdc_runtime_SysMin_outputFunc__C)
                  c000e378    00000004     Local_pe674.oe674 (.const:xdc_runtime_System_Module__gateObj__C)
                  c000e37c    00000004     Local_pe674.oe674 (.const:xdc_runtime_System_extendFxn__C)
                  c000e380    00000004     Local_pe674.oe674 (.const:xdc_runtime_System_maxAtexitHandlers__C)
                  c000e384    00000004     Local_pe674.oe674 (.const:xdc_runtime_Text_charTab__C)
                  c000e388    00000004     Local_pe674.oe674 (.const:xdc_runtime_Text_nameEmpty__C)
                  c000e38c    00000004     Local_pe674.oe674 (.const:xdc_runtime_Text_nameStatic__C)
                  c000e390    00000004     Local_pe674.oe674 (.const:xdc_runtime_Text_nameUnknown__C)
                  c000e394    00000004     Local_pe674.oe674 (.const:xdc_runtime_Text_nodeTab__C)
                  c000e398    00000004     Local_pe674.oe674 (.const:xdc_runtime_Text_visitRopeFxn__C)
                  c000e39c    00000002     Local_pe674.oe674 (.const:ti_sysbios_family_c64p_Exception_enablePrint__C)
                  c000e39e    00000002     Local_pe674.oe674 (.const:ti_sysbios_family_c64p_Exception_useInternalBuffer__C)
                  c000e3a0    00000002     Local_pe674.oe674 (.const:ti_sysbios_family_c64p_Hwi_Module__id__C)
                  c000e3a2    00000002     Local_pe674.oe674 (.const:ti_sysbios_family_c64p_Hwi_Module__loggerDefined__C)
                  c000e3a4    00000002     Local_pe674.oe674 (.const:ti_sysbios_gates_GateMutex_Module__id__C)
                  c000e3a6    00000002     Local_pe674.oe674 (.const:ti_sysbios_hal_Hwi_Module__id__C)
                  c000e3a8    00000002     Local_pe674.oe674 (.const:ti_sysbios_heaps_HeapMem_Module__id__C)
                  c000e3aa    00000002     Local_pe674.oe674 (.const:ti_sysbios_knl_Clock_Module__id__C)
                  c000e3ac    00000002     Local_pe674.oe674 (.const:ti_sysbios_knl_Clock_Module__loggerDefined__C)
                  c000e3ae    00000002     Local_pe674.oe674 (.const:ti_sysbios_knl_Semaphore_Module__id__C)
                  c000e3b0    00000002     Local_pe674.oe674 (.const:ti_sysbios_knl_Semaphore_Module__loggerDefined__C)
                  c000e3b2    00000002     Local_pe674.oe674 (.const:ti_sysbios_knl_Swi_Module__id__C)
                  c000e3b4    00000002     Local_pe674.oe674 (.const:ti_sysbios_knl_Swi_Module__loggerDefined__C)
                  c000e3b6    00000002     Local_pe674.oe674 (.const:ti_sysbios_knl_Task_Module__id__C)
                  c000e3b8    00000002     Local_pe674.oe674 (.const:ti_sysbios_knl_Task_Module__loggerDefined__C)
                  c000e3ba    00000002     Local_pe674.oe674 (.const:ti_sysbios_knl_Task_deleteTerminatedTasks__C)
                  c000e3bc    00000002     Local_pe674.oe674 (.const:ti_sysbios_knl_Task_initStackFlag__C)
                  c000e3be    00000002     Local_pe674.oe674 (.const:ti_sysbios_timers_timer64_Timer_Module__id__C)
                  c000e3c0    00000002     Local_pe674.oe674 (.const:ti_sysbios_timers_timer64_Timer_startupNeeded__C)
                  c000e3c2    00000002     Local_pe674.oe674 (.const:xdc_runtime_Core_Module__id__C)
                  c000e3c4    00000002     Local_pe674.oe674 (.const:xdc_runtime_Error_Module__loggerDefined__C)
                  c000e3c6    00000002     Local_pe674.oe674 (.const:xdc_runtime_Error_maxDepth__C)
                  c000e3c8    00000002     Local_pe674.oe674 (.const:xdc_runtime_Memory_Module__id__C)
                  c000e3ca    00000002     Local_pe674.oe674 (.const:xdc_runtime_SysMin_flushAtExit__C)
                  c000e3cc    00000002     Local_pe674.oe674 (.const:xdc_runtime_Text_charCnt__C)
                  c000e3ce    00000002     Local_pe674.oe674 (.const:xdc_runtime_Text_isLoaded__C)
                  c000e3d0    00000002     Local_pe674.oe674 (.const:xdc_runtime_Text_registryModsLastId__C)
                  c000e3d2    00000002     Local_pe674.oe674 (.const:xdc_runtime_Text_unnamedModsLastId__C)

.fardata   0    c00107f0    00000556     UNINITIALIZED
                  c00107f0    00000098     Local_pe674.oe674 (.fardata:ti_sysbios_knl_Task_Object__table__V)
                  c0010888    00000080     Local_pe674.oe674 (.fardata:ti_sysbios_knl_Swi_Module_State_0_readyQ__A)
                  c0010908    00000080     Local_pe674.oe674 (.fardata:ti_sysbios_knl_Task_Module_State_0_readyQ__A)
                  c0010988    00000068     Local_pe674.oe674 (.fardata:ti_sysbios_family_c64p_Hwi_Module__state__V)
                  c00109f0    00000060     Local_pe674.oe674 (.fardata:ti_sysbios_timers_timer64_Timer_Module_State_0_device__A)
                  c0010a50    0000004c     Local_pe674.oe674 (.fardata:ti_sysbios_timers_timer64_Timer_Object__table__V)
                  c0010a9c    00000044     Local_pe674.oe674 (.fardata:ti_sysbios_knl_Task_Module__state__V)
                  c0010ae0    00000040     Local_pe674.oe674 (.fardata:ti_sysbios_gates_GateMutex_Object__table__V)
                  c0010b20    00000030     Local_pe674.oe674 (.fardata:ti_sysbios_family_c64p_Exception_Module__state__V)
                  c0010b50    00000030     Local_pe674.oe674 (.fardata:ti_sysbios_knl_Swi_Object__table__V)
                  c0010b80    00000028     Local_pe674.oe674 (.fardata:ti_sysbios_knl_Clock_Module__state__V)
                  c0010ba8    00000020     Local_pe674.oe674 (.fardata:ti_sysbios_BIOS_Module__state__V)
                  c0010bc8    00000020     Local_pe674.oe674 (.fardata:ti_sysbios_timers_timer64_Timer_Module_State_0_gctrl__A)
                  c0010be8    00000020     Local_pe674.oe674 (.fardata:ti_sysbios_timers_timer64_Timer_Module_State_0_handles__A)
                  c0010c08    00000020     Local_pe674.oe674 (.fardata:ti_sysbios_timers_timer64_Timer_Module_State_0_intFreqs__A)
                  c0010c28    00000020     Local_pe674.oe674 (.fardata:xdc_runtime_System_Module_State_0_atexitHandlers__A)
                  c0010c48    0000001c     Local_pe674.oe674 (.fardata:ti_sysbios_knl_Swi_Module__state__V)
                  c0010c64    00000004     rts6740_elf.lib : _lock.c.obj (.fardata:_lock)
                  c0010c68    00000018     Local_pe674.oe674 (.fardata:ti_sysbios_family_c64p_Hwi_Object__table__V)
                  c0010c80    00000018     Local_pe674.oe674 (.fardata:ti_sysbios_heaps_HeapMem_Object__table__V)
                  c0010c98    00000014     Local_pe674.oe674 (.fardata:ti_sysbios_timers_timer64_Timer_Module__state__V)
                  c0010cac    0000000c     rts6740_elf.lib : exit.c.obj (.fardata)
                  c0010cb8    0000000c     Local_pe674.oe674 (.fardata:xdc_runtime_SysMin_Module__state__V)
                  c0010cc4    0000000c     Local_pe674.oe674 (.fardata:xdc_runtime_System_Module__state__V)
                  c0010cd0    00000008     Local_pe674.oe674 (.fardata:ti_sysbios_family_c64p_primus_TimerSupport_Module_State_0_suspSrc__A)
                  c0010cd8    00000008     Local_pe674.oe674 (.fardata:ti_sysbios_gates_GateHwi_Module__root__V)
                  c0010ce0    00000008     Local_pe674.oe674 (.fardata:ti_sysbios_gates_GateMutex_Module__root__V)
                  c0010ce8    00000008     Local_pe674.oe674 (.fardata:ti_sysbios_hal_Hwi_Object__table__V)
                  c0010cf0    00000008     Local_pe674.oe674 (.fardata:ti_sysbios_hal_Timer_Object__table__V)
                  c0010cf8    00000008     Local_pe674.oe674 (.fardata:ti_sysbios_heaps_HeapMem_Module__root__V)
                  c0010d00    00000008     Local_pe674.oe674 (.fardata:ti_sysbios_knl_Queue_Module__root__V)
                  c0010d08    00000008     Local_pe674.oe674 (.fardata:ti_sysbios_knl_Semaphore_Module__root__V)
                  c0010d10    00000008     Local_pe674.oe674 (.fardata:ti_sysbios_knl_Task_Module__root__V)
                  c0010d18    00000008     Local_pe674.oe674 (.fardata:xdc_runtime_Registry_Module__state__V)
                  c0010d20    00000008     Local_pe674.oe674 (.fardata:xdc_runtime_Startup_Module__state__V)
                  c0010d28    00000004     rts6740_elf.lib : _lock.c.obj (.fardata:_unlock)
                  c0010d2c    00000004                     : dtor_list.c.obj (.fardata)
                  c0010d30    00000004     Local_pe674.oe674 (.fardata:ti_sysbios_family_c64p_Cache_Module__state__V)
                  c0010d34    00000004     Local_pe674.oe674 (.fardata:ti_sysbios_family_c64p_primus_TimerSupport_Module__state__V)
                  c0010d38    00000004     Local_pe674.oe674 (.fardata:ti_sysbios_gates_GateHwi_Object__table__V)
                  c0010d3c    00000004     Local_pe674.oe674 (.fardata:xdc_runtime_Memory_Module__state__V)
                  c0010d40    00000004     Local_pe674.oe674 (.fardata:ti_sysbios_knl_Task_Module_State_0_idleTask__A)
                  c0010d44    00000002     Local_pe674.oe674 (.fardata:xdc_runtime_Error_Module__state__V)

.cio       0    c0010d48    00000120     UNINITIALIZED
                  c0010d48    00000120     rts6740_elf.lib : trgmsg.c.obj (.cio)

MODULE SUMMARY

       Module                       code    ro data   rw data
       ------                       ----    -------   -------
    .\
       main.obj                     64      20        0      
    +--+----------------------------+-------+---------+---------+
       Total:                       64      20        0      
                                                             
    C:\Users\F\Desktop\Software\RTOS\Task_Static\Debug\configPkg\package\cfg\
       Local_pe674.oe674            6624    7046      10566  
    +--+----------------------------+-------+---------+---------+
       Total:                       6624    7046      10566  
                                                             
    C:\ti\bios_6_37_05_35\packages\ti\sysbios\lib\sysbios\instrumented\sysbios.ae674
       BIOS.obj                     28736   1719      0      
       c64p_Hwi_disp_always.obj     512     0         0      
       c64p_Exception_asm.obj       384     0         0      
       c64p_Hwi_asm_switch.obj      288     0         0      
       c62_TaskSupport_asm.obj      224     0         0      
    +--+----------------------------+-------+---------+---------+
       Total:                       30144   1719      0      
                                                             
    C:\ti\ti-cgt-c6000_8.3.12\lib\rts6740_elf.lib
       imath64.c.obj                704     0         0      
       trgmsg.c.obj                 224     0         288    
       dtor_list.c.obj              448     0         4      
       copy_decompress_rle.c.obj    288     0         0      
       exit.c.obj                   256     0         12     
       hostwrite.c.obj              224     0         0      
       llshift.c.obj                224     0         0      
       memset.c.obj                 224     0         0      
       divu.asm.obj                 192     0         0      
       memcpy64.asm.obj             160     0         0      
       remu.asm.obj                 160     0         0      
       _lock.c.obj                  96      0         8      
       args_main.c.obj              64      0         0      
       copy_decompress_none.c.obj   32      0         0      
       hostopen.c.obj               0       0         8      
    +--+----------------------------+-------+---------+---------+
       Total:                       3296    0         320    
                                                             
    C:\ti\xdctools_3_25_06_96\packages\ti\targets\rts6000\lib\boot.ae674
       autoinit.oe674               320     0         0      
       boot.oe674                   160     0         0      
    +--+----------------------------+-------+---------+---------+
       Total:                       480     0         0      
                                                             
    C:\ti\xdctools_3_25_06_96\packages\ti\targets\rts6000\lib\ti.targets.rts6000.ae674
       System.oe674                 3168    25        0      
       Text.oe674                   1760    64        0      
       Error.oe674                  992     88        0      
       Startup.oe674                864     44        0      
       Core-mem.oe674               800     0         0      
       SysMin.oe674                 704     0         0      
       Memory.oe674                 384     0         0      
       Assert.oe674                 160     4         0      
       Core-label.oe674             128     0         0      
       Core-params.oe674            128     0         0      
       Gate.oe674                   64      0         0      
       Registry.oe674               64      0         0      
    +--+----------------------------+-------+---------+---------+
       Total:                       9216    225       0      
                                                             
       Stack:                       0       0         4096   
       Linker Generated:            0       946       0      
    +--+----------------------------+-------+---------+---------+
       Grand Total:                 49824   9956      14982  


LINKER GENERATED COPY TABLES

__TI_cinit_table @ c00115a8 records: 2, size/record: 8, table size: 16
	.fardata: load addr=c0011200, load size=0000038f bytes, run addr=c00107f0, run size=00000556 bytes, compression=rle
	.far: load addr=c001158f, load size=0000000b bytes, run addr=c000e3d8, run size=00002414 bytes, compression=rle


LINKER GENERATED HANDLER TABLE

__TI_handler_table @ c001159c records: 2, size/record: 4, table size: 8
	index: 0, handler: __TI_decompress_rle24
	index: 1, handler: __TI_decompress_none


GLOBAL SYMBOLS: SORTED ALPHABETICALLY BY Name 

address   name                                                                
-------   ----                                                                
c000b320  C$$EXIT                                                             
c0009f38  C$$IO$$                                                             
c0007e40  HOSTwrite                                                           
c000a9a0  MainTask                                                            
c001083c  TSK_idle                                                            
c0008380  _Z23__finalize_destructionsPP20a_needed_destructionPv               
c0000000  __ASM__                                                             
c0010d48  __CIOBUF_                                                           
c0000068  __ISA__                                                             
c0000080  __PLAT__                                                            
c00000b0  __TARG__                                                            
c00115a8  __TI_CINIT_Base                                                     
c00115b8  __TI_CINIT_Limit                                                    
c001159c  __TI_Handler_Table_Base                                             
c00115a4  __TI_Handler_Table_Limit                                            
UNDEFED   __TI_INITARRAY_Base                                                 
UNDEFED   __TI_INITARRAY_Limit                                                
00801000  __TI_STACK_END                                                      
00001000  __TI_STACK_SIZE                                                     
00000000  __TI_STATIC_BASE                                                    
c0010cac  __TI_cleanup_ptr                                                    
c000b360  __TI_decompress_none                                                
c000b380  __TI_decompress_rle24                                               
c0010cb0  __TI_dtors_ptr                                                      
c0010cb4  __TI_enable_exit_profile_output                                     
ffffffff  __TI_pprof_out_hndl                                                 
ffffffff  __TI_prof_data_size                                                 
ffffffff  __TI_prof_data_start                                                
c0009460  __TI_readmsg                                                        
c0009ee0  __TI_writemsg                                                       
c00000d8  __TRDR__                                                            
ffffffff  __binit__                                                           
c0008500  __c6xabi_divu                                                       
c0004100  __c6xabi_divull                                                     
c00094e0  __c6xabi_llshl                                                      
c0009f40  __c6xabi_llshru                                                     
c0008b00  __c6xabi_remu                                                       
ffffffff  __c_args__                                                          
c0008440  __cxa_atexit                                                        
c000b260  __cxa_ia64_exit                                                     
c0008500  __divu                                                              
c0008b00  __remu                                                              
c000a8a0  _args_main                                                          
00000000  _argsize                                                            
c0006c40  _auto_init_elf                                                      
c0008ba0  _c_int00                                                            
c0010c64  _lock                                                               
c000b280  _nop                                                                
c000b2a0  _register_lock                                                      
c000b2c0  _register_unlock                                                    
00800000  _stack                                                              
c0009fa0  _subcull                                                            
c0010d28  _unlock                                                             
c000b320  abort                                                               
c000b340  atexit                                                              
ffffffff  binit                                                               
c0007f20  exit                                                                
c000a960  free                                                                
c000a9cc  main                                                                
c000a0c0  malloc                                                              
c0008c40  memcpy                                                              
c0008000  memset                                                              
c00107d8  parmbuf                                                             
c000e0b4  ti_sysbios_BIOS_Module__diagsEnabled__C                             
c000e0fc  ti_sysbios_BIOS_Module__diagsIncluded__C                            
c000e158  ti_sysbios_BIOS_Module__diagsMask__C                                
c000dd1a  ti_sysbios_BIOS_Module__id__C                                       
c0010ba8  ti_sysbios_BIOS_Module__state__V                                    
c000b3a0  ti_sysbios_BIOS_RtsGateProxy_enter__E                               
c000b3c0  ti_sysbios_BIOS_RtsGateProxy_leave__E                               
c00080e0  ti_sysbios_BIOS_errorRaiseHook__I                                   
c000a120  ti_sysbios_BIOS_exitFunc__I                                         
c000e15c  ti_sysbios_BIOS_installedErrorHook__C                               
c000b3e0  ti_sysbios_BIOS_nullFunc__I                                         
c000a180  ti_sysbios_BIOS_registerRTSLock__I                                  
c000a1e0  ti_sysbios_BIOS_rtsLock__I                                          
c00073c0  ti_sysbios_BIOS_rtsUnlock__I                                        
c000b400  ti_sysbios_BIOS_setThreadType__E                                    
c000a9e0  ti_sysbios_BIOS_startFunc__I                                        
c000b420  ti_sysbios_BIOS_start__E                                            
c000b440  ti_sysbios_family_c62_TaskSupport_Module__startupDone__S            
c000a8e0  ti_sysbios_family_c62_TaskSupport_buildTaskStack                    
c000b460  ti_sysbios_family_c62_TaskSupport_checkStack__E                     
c000b2e0  ti_sysbios_family_c62_TaskSupport_glue                              
c000a240  ti_sysbios_family_c62_TaskSupport_start__E                          
c0009560  ti_sysbios_family_c62_TaskSupport_swap__E                           
c000e160  ti_sysbios_family_c64p_Cache_MAR0_31__C                             
c000e164  ti_sysbios_family_c64p_Cache_MAR128_159__C                          
c000e168  ti_sysbios_family_c64p_Cache_MAR160_191__C                          
c000e16c  ti_sysbios_family_c64p_Cache_MAR192_223__C                          
c000e170  ti_sysbios_family_c64p_Cache_MAR224_255__C                          
c000e174  ti_sysbios_family_c64p_Cache_MAR32_63__C                            
c000e178  ti_sysbios_family_c64p_Cache_MAR64_95__C                            
c000e17c  ti_sysbios_family_c64p_Cache_MAR96_127__C                           
c0010d30  ti_sysbios_family_c64p_Cache_Module__state__V                       
c000b480  ti_sysbios_family_c64p_Cache_Module_startup__E                      
c0003c00  ti_sysbios_family_c64p_Cache_Module_startup__F                      
c000e114  ti_sysbios_family_c64p_Cache_initSize__C                            
c000a2a0  ti_sysbios_family_c64p_Cache_setMar__E                              
c000e180  ti_sysbios_family_c64p_Exception_E_exceptionMax__C                  
c000e184  ti_sysbios_family_c64p_Exception_E_exceptionMin__C                  
c000e0e6  ti_sysbios_family_c64p_Exception_Module__id__C                      
c0010b20  ti_sysbios_family_c64p_Exception_Module__state__V                   
c000b4a0  ti_sysbios_family_c64p_Exception_Module_startup__E                  
c00074e0  ti_sysbios_family_c64p_Exception_Module_startup__F                  
c0005780  ti_sysbios_family_c64p_Exception_decodeMpfsr__I                     
c00067e0  ti_sysbios_family_c64p_Exception_dispatch__E                        
c000e112  ti_sysbios_family_c64p_Exception_enableExternalMPC__C               
c000e39c  ti_sysbios_family_c64p_Exception_enablePrint__C                     
c000e188  ti_sysbios_family_c64p_Exception_exceptionHook__C                   
c0005980  ti_sysbios_family_c64p_Exception_externalHandler__I                 
c000e18c  ti_sysbios_family_c64p_Exception_externalHook__C                    
c0000000  ti_sysbios_family_c64p_Exception_handler__I                         
c0004360  ti_sysbios_family_c64p_Exception_internalHandler__I                 
c000e190  ti_sysbios_family_c64p_Exception_internalHook__C                    
c000e194  ti_sysbios_family_c64p_Exception_nmiHook__C                         
c000e39e  ti_sysbios_family_c64p_Exception_useInternalBuffer__C               
c0011000  ti_sysbios_family_c64p_Hwi0                                         
c000e198  ti_sysbios_family_c64p_Hwi_LD_end__C                                
c000e19c  ti_sysbios_family_c64p_Hwi_LM_begin__C                              
c000e1a0  ti_sysbios_family_c64p_Hwi_Module__diagsEnabled__C                  
c000e1a4  ti_sysbios_family_c64p_Hwi_Module__diagsIncluded__C                 
c000e1a8  ti_sysbios_family_c64p_Hwi_Module__diagsMask__C                     
c000e3a0  ti_sysbios_family_c64p_Hwi_Module__id__C                            
c000e3a2  ti_sysbios_family_c64p_Hwi_Module__loggerDefined__C                 
c000e1ac  ti_sysbios_family_c64p_Hwi_Module__loggerFxn1__C                    
c000e1b0  ti_sysbios_family_c64p_Hwi_Module__loggerFxn8__C                    
c000e1b4  ti_sysbios_family_c64p_Hwi_Module__loggerObj__C                     
c000aa20  ti_sysbios_family_c64p_Hwi_Module__startupDone__F                   
c000b4c0  ti_sysbios_family_c64p_Hwi_Module__startupDone__S                   
c0010988  ti_sysbios_family_c64p_Hwi_Module__state__V                         
c000b4e0  ti_sysbios_family_c64p_Hwi_Module_startup__E                        
c0006d80  ti_sysbios_family_c64p_Hwi_Module_startup__F                        
c0010c68  ti_sysbios_family_c64p_Hwi_Object__table__V                         
c000b500  ti_sysbios_family_c64p_Hwi_clearInterrupt__E                        
c000aa60  ti_sysbios_family_c64p_Hwi_disableInterrupt__E                      
c0005580  ti_sysbios_family_c64p_Hwi_dispatchAlways                           
c0008ce0  ti_sysbios_family_c64p_Hwi_dispatchC__I                             
c00045c0  ti_sysbios_family_c64p_Hwi_dispatchCore__I                          
c000aaa0  ti_sysbios_family_c64p_Hwi_enableInterrupt__E                       
c0008d80  ti_sysbios_family_c64p_Hwi_getStackInfo__E                          
c0011000  ti_sysbios_family_c64p_Hwi_int0                                     
c0011020  ti_sysbios_family_c64p_Hwi_int1                                     
c0011140  ti_sysbios_family_c64p_Hwi_int10                                    
c0011160  ti_sysbios_family_c64p_Hwi_int11                                    
c0011180  ti_sysbios_family_c64p_Hwi_int12                                    
c00111a0  ti_sysbios_family_c64p_Hwi_int13                                    
c00111c0  ti_sysbios_family_c64p_Hwi_int14                                    
[...]
c000e164  ti_sysbios_family_c64p_Cache_MAR128_159__C                          
c000e168  ti_sysbios_family_c64p_Cache_MAR160_191__C                          
c000e16c  ti_sysbios_family_c64p_Cache_MAR192_223__C                          
c000e170  ti_sysbios_family_c64p_Cache_MAR224_255__C                          
c000e174  ti_sysbios_family_c64p_Cache_MAR32_63__C                            
c000e178  ti_sysbios_family_c64p_Cache_MAR64_95__C                            
c000e17c  ti_sysbios_family_c64p_Cache_MAR96_127__C                           
c000e180  ti_sysbios_family_c64p_Exception_E_exceptionMax__C                  
c000e184  ti_sysbios_family_c64p_Exception_E_exceptionMin__C                  
c000e188  ti_sysbios_family_c64p_Exception_exceptionHook__C                   
c000e18c  ti_sysbios_family_c64p_Exception_externalHook__C                    
c000e190  ti_sysbios_family_c64p_Exception_internalHook__C                    
c000e194  ti_sysbios_family_c64p_Exception_nmiHook__C                         
c000e198  ti_sysbios_family_c64p_Hwi_LD_end__C                                
c000e19c  ti_sysbios_family_c64p_Hwi_LM_begin__C                              
c000e1a0  ti_sysbios_family_c64p_Hwi_Module__diagsEnabled__C                  
c000e1a4  ti_sysbios_family_c64p_Hwi_Module__diagsIncluded__C                 
c000e1a8  ti_sysbios_family_c64p_Hwi_Module__diagsMask__C                     
c000e1ac  ti_sysbios_family_c64p_Hwi_Module__loggerFxn1__C                    
c000e1b0  ti_sysbios_family_c64p_Hwi_Module__loggerFxn8__C                    
c000e1b4  ti_sysbios_family_c64p_Hwi_Module__loggerObj__C                     
c000e1b8  ti_sysbios_gates_GateMutex_A_badContext__C                          
c000e1bc  ti_sysbios_gates_GateMutex_Instance_State_sem__O                    
c000e1c0  ti_sysbios_gates_GateMutex_Module__diagsEnabled__C                  
c000e1c4  ti_sysbios_gates_GateMutex_Module__diagsIncluded__C                 
c000e1c8  ti_sysbios_gates_GateMutex_Module__diagsMask__C                     
c000e1cc  ti_sysbios_hal_Hwi_E_stackOverflow__C                               
c000e1d0  ti_sysbios_heaps_HeapMem_A_align__C                                 
c000e1d4  ti_sysbios_heaps_HeapMem_A_heapSize__C                              
c000e1d8  ti_sysbios_heaps_HeapMem_A_invalidFree__C                           
c000e1dc  ti_sysbios_heaps_HeapMem_A_zeroBlock__C                             
c000e1e0  ti_sysbios_heaps_HeapMem_E_memory__C                                
c000e1e4  ti_sysbios_heaps_HeapMem_Module__diagsEnabled__C                    
c000e1e8  ti_sysbios_heaps_HeapMem_Module__diagsIncluded__C                   
c000e1ec  ti_sysbios_heaps_HeapMem_Module__diagsMask__C                       
c000e1f0  ti_sysbios_heaps_HeapMem_Module__gateObj__C                         
c000e1f4  ti_sysbios_heaps_HeapMem_Object__count__C                           
c000e1f8  ti_sysbios_heaps_HeapMem_Object__table__C                           
c000e1fc  ti_sysbios_heaps_HeapMem_reqAlign__C                                
c000e200  ti_sysbios_knl_Clock_LM_begin__C                                    
c000e204  ti_sysbios_knl_Clock_LM_tick__C                                     
c000e208  ti_sysbios_knl_Clock_LW_delayed__C                                  
c000e20c  ti_sysbios_knl_Clock_Module_State_clockQ__O                         
c000e210  ti_sysbios_knl_Clock_Module__diagsEnabled__C                        
c000e214  ti_sysbios_knl_Clock_Module__diagsIncluded__C                       
c000e218  ti_sysbios_knl_Clock_Module__diagsMask__C                           
c000e21c  ti_sysbios_knl_Clock_Module__loggerFxn1__C                          
c000e220  ti_sysbios_knl_Clock_Module__loggerFxn2__C                          
c000e224  ti_sysbios_knl_Clock_Module__loggerObj__C                           
c000e228  ti_sysbios_knl_Clock_tickMode__C                                    
c000e22c  ti_sysbios_knl_Clock_tickSource__C                                  
c000e230  ti_sysbios_knl_Idle_coreList__A                                     
c000e234  ti_sysbios_knl_Semaphore_A_badContext__C                            
c000e238  ti_sysbios_knl_Idle_funcList__A                                     
c000e23c  ti_sysbios_knl_Semaphore_A_noEvents__C                              
c000e240  ti_sysbios_knl_Semaphore_A_overflow__C                              
c000e244  ti_sysbios_knl_Semaphore_A_pendTaskDisabled__C                      
c000e248  ti_sysbios_knl_Semaphore_Instance_State_pendQ__O                    
c000e24c  ti_sysbios_knl_Semaphore_LM_pend__C                                 
c000e250  ti_sysbios_knl_Semaphore_LM_post__C                                 
c000e254  ti_sysbios_knl_Semaphore_Module__diagsEnabled__C                    
c000e258  ti_sysbios_knl_Semaphore_Module__diagsIncluded__C                   
c000e25c  ti_sysbios_knl_Semaphore_Module__diagsMask__C                       
c000e260  ti_sysbios_knl_Semaphore_Module__loggerFxn2__C                      
c000e264  ti_sysbios_knl_Semaphore_Module__loggerFxn4__C                      
c000e268  ti_sysbios_knl_Semaphore_Module__loggerObj__C                       
c000e26c  ti_sysbios_knl_Swi_LD_end__C                                        
c000e270  ti_sysbios_knl_Swi_LM_begin__C                                      
c000e274  ti_sysbios_knl_Swi_LM_post__C                                       
c000e278  ti_sysbios_knl_Swi_Module__diagsEnabled__C                          
c000e27c  ti_sysbios_knl_Swi_Module__diagsIncluded__C                         
c000e280  ti_sysbios_knl_Swi_Module__diagsMask__C                             
c000e284  ti_sysbios_knl_Swi_Module__loggerFxn1__C                            
c000e288  ti_sysbios_knl_Swi_Module__loggerFxn4__C                            
c000e28c  ti_sysbios_knl_Swi_Module__loggerObj__C                             
c000e290  ti_sysbios_knl_Swi_Object__count__C                                 
c000e294  ti_sysbios_knl_Swi_Object__table__C                                 
c000e298  ti_sysbios_knl_Task_A_badTimeout__C                                 
c000e29c  ti_sysbios_knl_Task_A_sleepTaskDisabled__C                          
c000e2a0  ti_sysbios_knl_Task_E_spOutOfBounds__C                              
c000e2a4  ti_sysbios_knl_Task_E_stackOverflow__C                              
c000e2a8  ti_sysbios_knl_Task_LD_block__C                                     
c000e2ac  ti_sysbios_knl_Task_LD_exit__C                                      
c000e2b0  ti_sysbios_knl_Task_LD_ready__C                                     
c000e2b4  ti_sysbios_knl_Task_LM_sleep__C                                     
c000e2b8  ti_sysbios_knl_Task_LM_switch__C                                    
c000e2bc  ti_sysbios_knl_Task_Module_State_inactiveQ__O                       
c000e2c0  ti_sysbios_knl_Task_Module_State_terminatedQ__O                     
c000e2c4  ti_sysbios_knl_Task_Module__diagsEnabled__C                         
c000e2c8  ti_sysbios_knl_Task_Module__diagsIncluded__C                        
c000e2cc  ti_sysbios_knl_Task_Module__diagsMask__C                            
c000e2d0  ti_sysbios_knl_Task_Module__loggerFxn2__C                           
c000e2d4  ti_sysbios_knl_Task_Module__loggerFxn4__C                           
c000e2d8  ti_sysbios_knl_Task_Module__loggerObj__C                            
c000e2dc  ti_sysbios_knl_Task_Object__count__C                                
c000e2e0  ti_sysbios_knl_Task_Object__table__C                                
c000e2e4  ti_sysbios_knl_Task_allBlockedFunc__C                               
c000e2e8  ti_sysbios_knl_Task_numConstructedTasks__C                          
c000e2ec  ti_sysbios_timers_timer64_Timer_A_notAvailable__C                   
c000e2f0  ti_sysbios_timers_timer64_Timer_E_cannotSupport__C                  
c000e2f4  ti_sysbios_timers_timer64_Timer_Module__diagsEnabled__C             
c000e2f8  ti_sysbios_timers_timer64_Timer_Module__diagsIncluded__C            
c000e2fc  ti_sysbios_timers_timer64_Timer_Module__diagsMask__C                
c000e300  ti_sysbios_timers_timer64_Timer_anyMask__C                          
c000e304  ti_sysbios_timers_timer64_Timer_freqDivisor__C                      
c000e308  ti_sysbios_timers_timer64_Timer_numLocalTimers__C                   
c000e30c  ti_sysbios_timers_timer64_Timer_numTimerDevices__C                  
c000e310  xdc_runtime_Assert_E_assertFailed__C                                
c000e314  xdc_runtime_Core_A_initializedParams__C                             
c000e318  xdc_runtime_Core_Module__diagsEnabled__C                            
c000e31c  xdc_runtime_Core_Module__diagsIncluded__C                           
c000e320  xdc_runtime_Core_Module__diagsMask__C                               
c000e324  xdc_runtime_Error_E_memory__C                                       
c000e328  xdc_runtime_Error_Module__diagsEnabled__C                           
c000e32c  xdc_runtime_Error_Module__diagsIncluded__C                          
c000e330  xdc_runtime_Error_Module__diagsMask__C                              
c000e334  xdc_runtime_Error_Module__loggerFxn8__C                             
c000e338  xdc_runtime_Error_Module__loggerObj__C                              
c000e33c  xdc_runtime_Error_policy__C                                         
c000e340  xdc_runtime_Error_raiseHook__C                                      
c000e344  xdc_runtime_IGateProvider_Interface__BASE__C                        
c000e348  xdc_runtime_IHeap_Interface__BASE__C                                
c000e34c  xdc_runtime_IModule_Interface__BASE__C                              
c000e350  xdc_runtime_Log_L_error__C                                          
c000e354  xdc_runtime_Memory_defaultHeapInstance__C                           
c000e358  xdc_runtime_Startup_execImpl__C                                     
c000e35c  xdc_runtime_Startup_maxPasses__C                                    
c000e360  xdc_runtime_Startup_lastFxns__A                                     
c000e364  xdc_runtime_Startup_sfxnRts__C                                      
c000e368  xdc_runtime_Startup_sfxnTab__C                                      
c000e36c  xdc_runtime_Startup_startModsFxn__C                                 
c000e370  xdc_runtime_SysMin_bufSize__C                                       
c000e374  xdc_runtime_SysMin_outputFunc__C                                    
c000e378  xdc_runtime_System_Module__gateObj__C                               
c000e37c  xdc_runtime_System_extendFxn__C                                     
c000e380  xdc_runtime_System_maxAtexitHandlers__C                             
c000e384  xdc_runtime_Text_charTab__C                                         
c000e388  xdc_runtime_Text_nameEmpty__C                                       
c000e38c  xdc_runtime_Text_nameStatic__C                                      
c000e390  xdc_runtime_Text_nameUnknown__C                                     
c000e394  xdc_runtime_Text_nodeTab__C                                         
c000e398  xdc_runtime_Text_visitRopeFxn__C                                    
c000e39c  ti_sysbios_family_c64p_Exception_enablePrint__C                     
c000e39e  ti_sysbios_family_c64p_Exception_useInternalBuffer__C               
c000e3a0  ti_sysbios_family_c64p_Hwi_Module__id__C                            
c000e3a2  ti_sysbios_family_c64p_Hwi_Module__loggerDefined__C                 
c000e3a4  ti_sysbios_gates_GateMutex_Module__id__C                            
c000e3a6  ti_sysbios_hal_Hwi_Module__id__C                                    
c000e3a8  ti_sysbios_heaps_HeapMem_Module__id__C                              
c000e3aa  ti_sysbios_knl_Clock_Module__id__C                                  
c000e3ac  ti_sysbios_knl_Clock_Module__loggerDefined__C                       
c000e3ae  ti_sysbios_knl_Semaphore_Module__id__C                              
c000e3b0  ti_sysbios_knl_Semaphore_Module__loggerDefined__C                   
c000e3b2  ti_sysbios_knl_Swi_Module__id__C                                    
c000e3b4  ti_sysbios_knl_Swi_Module__loggerDefined__C                         
c000e3b6  ti_sysbios_knl_Task_Module__id__C                                   
c000e3b8  ti_sysbios_knl_Task_Module__loggerDefined__C                        
c000e3ba  ti_sysbios_knl_Task_deleteTerminatedTasks__C                        
c000e3bc  ti_sysbios_knl_Task_initStackFlag__C                                
c000e3be  ti_sysbios_timers_timer64_Timer_Module__id__C                       
c000e3c0  ti_sysbios_timers_timer64_Timer_startupNeeded__C                    
c000e3c2  xdc_runtime_Core_Module__id__C                                      
c000e3c4  xdc_runtime_Error_Module__loggerDefined__C                          
c000e3c6  xdc_runtime_Error_maxDepth__C                                       
c000e3c8  xdc_runtime_Memory_Module__id__C                                    
c000e3ca  xdc_runtime_SysMin_flushAtExit__C                                   
c000e3cc  xdc_runtime_Text_charCnt__C                                         
c000e3ce  xdc_runtime_Text_isLoaded__C                                        
c000e3d0  xdc_runtime_Text_registryModsLastId__C                              
c000e3d2  xdc_runtime_Text_unnamedModsLastId__C                               
c000e3d8  ti_sysbios_heaps_HeapMem_Instance_State_0_buf__A                    
c000f3d8  ti_sysbios_knl_Task_Instance_State_0_stack__A                       
c000fbd8  ti_sysbios_knl_Task_Instance_State_1_stack__A                       
c00103d8  xdc_runtime_SysMin_Module_State_0_outbuf__A                         
c00107d8  parmbuf                                                             
c00107e0  ti_sysbios_knl_Task_Instance_State_0_hookEnv__A                     
c00107e8  ti_sysbios_knl_Task_Instance_State_1_hookEnv__A                     
c00107f0  ti_sysbios_knl_Task_Object__table__V                                
c001083c  TSK_idle                                                            
c0010888  ti_sysbios_knl_Swi_Module_State_0_readyQ__A                         
c0010908  ti_sysbios_knl_Task_Module_State_0_readyQ__A                        
c0010988  ti_sysbios_family_c64p_Hwi_Module__state__V                         
c00109f0  ti_sysbios_timers_timer64_Timer_Module_State_0_device__A            
c0010a50  ti_sysbios_timers_timer64_Timer_Object__table__V                    
c0010a9c  ti_sysbios_knl_Task_Module__state__V                                
c0010ae0  ti_sysbios_gates_GateMutex_Object__table__V                         
c0010b20  ti_sysbios_family_c64p_Exception_Module__state__V                   
c0010b50  ti_sysbios_knl_Swi_Object__table__V                                 
c0010b80  ti_sysbios_knl_Clock_Module__state__V                               
c0010ba8  ti_sysbios_BIOS_Module__state__V                                    
c0010bc8  ti_sysbios_timers_timer64_Timer_Module_State_0_gctrl__A             
c0010be8  ti_sysbios_timers_timer64_Timer_Module_State_0_handles__A           
c0010c08  ti_sysbios_timers_timer64_Timer_Module_State_0_intFreqs__A          
c0010c28  xdc_runtime_System_Module_State_0_atexitHandlers__A                 
c0010c48  ti_sysbios_knl_Swi_Module__state__V                                 
c0010c64  _lock                                                               
c0010c68  ti_sysbios_family_c64p_Hwi_Object__table__V                         
c0010c80  ti_sysbios_heaps_HeapMem_Object__table__V                           
c0010c98  ti_sysbios_timers_timer64_Timer_Module__state__V                    
c0010cac  __TI_cleanup_ptr                                                    
c0010cb0  __TI_dtors_ptr                                                      
c0010cb4  __TI_enable_exit_profile_output                                     
c0010cb8  xdc_runtime_SysMin_Module__state__V                                 
c0010cc4  xdc_runtime_System_Module__state__V                                 
c0010cd0  ti_sysbios_family_c64p_primus_TimerSupport_Module_State_0_suspSrc__A
c0010cd8  ti_sysbios_gates_GateHwi_Module__root__V                            
c0010ce0  ti_sysbios_gates_GateMutex_Module__root__V                          
c0010ce8  ti_sysbios_hal_Hwi_Object__table__V                                 
c0010cf0  ti_sysbios_hal_Timer_Object__table__V                               
c0010cf8  ti_sysbios_heaps_HeapMem_Module__root__V                            
c0010d00  ti_sysbios_knl_Queue_Module__root__V                                
c0010d08  ti_sysbios_knl_Semaphore_Module__root__V                            
c0010d10  ti_sysbios_knl_Task_Module__root__V                                 
c0010d18  xdc_runtime_Registry_Module__state__V                               
c0010d20  xdc_runtime_Startup_Module__state__V                                
c0010d28  _unlock                                                             
c0010d30  ti_sysbios_family_c64p_Cache_Module__state__V                       
c0010d34  ti_sysbios_family_c64p_primus_TimerSupport_Module__state__V         
c0010d38  ti_sysbios_gates_GateHwi_Object__table__V                           
c0010d3c  xdc_runtime_Memory_Module__state__V                                 
c0010d40  ti_sysbios_knl_Task_Module_State_0_idleTask__A                      
c0010d44  xdc_runtime_Error_Module__state__V                                  
c0010d48  __CIOBUF_                                                           
c0011000  ti_sysbios_family_c64p_Hwi0                                         
c0011000  ti_sysbios_family_c64p_Hwi_int0                                     
c0011020  ti_sysbios_family_c64p_Hwi_int1                                     
c0011040  ti_sysbios_family_c64p_Hwi_int2                                     
c0011060  ti_sysbios_family_c64p_Hwi_int3                                     
c0011080  ti_sysbios_family_c64p_Hwi_int4                                     
c00110a0  ti_sysbios_family_c64p_Hwi_int5                                     
c00110c0  ti_sysbios_family_c64p_Hwi_int6                                     
c00110e0  ti_sysbios_family_c64p_Hwi_int7                                     
c0011100  ti_sysbios_family_c64p_Hwi_int8                                     
c0011120  ti_sysbios_family_c64p_Hwi_int9                                     
c0011140  ti_sysbios_family_c64p_Hwi_int10                                    
c0011160  ti_sysbios_family_c64p_Hwi_int11                                    
c0011180  ti_sysbios_family_c64p_Hwi_int12                                    
c00111a0  ti_sysbios_family_c64p_Hwi_int13                                    
c00111c0  ti_sysbios_family_c64p_Hwi_int14                                    
c00111e0  ti_sysbios_family_c64p_Hwi_int15                                    
c001159c  __TI_Handler_Table_Base                                             
c00115a4  __TI_Handler_Table_Limit                                            
c00115a8  __TI_CINIT_Base                                                     
c00115b8  __TI_CINIT_Limit                                                    
ffffffff  __TI_pprof_out_hndl                                                 
ffffffff  __TI_prof_data_size                                                 
ffffffff  __TI_prof_data_start                                                
ffffffff  __binit__                                                           
ffffffff  __c_args__                                                          
ffffffff  binit                                                               
UNDEFED   __TI_INITARRAY_Base                                                 
UNDEFED   __TI_INITARRAY_Limit                                                

[592 symbols]
